Archive member included to satisfy reference by file (symbol)

D:/ITapp/arm GNU/13.3 rel1/bin/../lib/gcc/arm-none-eabi/13.3.1/thumb/v7e-m+fp/hard\libgcc.a(_arm_muldf3.o)
                              CMakeFiles/carNoTiOld.elf.dir/SYS/C/control.c.obj (__aeabi_dmul)
D:/ITapp/arm GNU/13.3 rel1/bin/../lib/gcc/arm-none-eabi/13.3.1/thumb/v7e-m+fp/hard\libgcc.a(_arm_addsubdf3.o)
                              CMakeFiles/carNoTiOld.elf.dir/SYS/C/dataRec.c.obj (__aeabi_dsub)
D:/ITapp/arm GNU/13.3 rel1/bin/../lib/gcc/arm-none-eabi/13.3.1/thumb/v7e-m+fp/hard\libgcc.a(_arm_muldivdf3.o)
                              CMakeFiles/carNoTiOld.elf.dir/SYS/C/dataRec.c.obj (__aeabi_ddiv)
D:/ITapp/arm GNU/13.3 rel1/bin/../lib/gcc/arm-none-eabi/13.3.1/thumb/v7e-m+fp/hard\libgcc.a(_arm_fixdfsi.o)
                              CMakeFiles/carNoTiOld.elf.dir/SYS/C/control.c.obj (__aeabi_d2iz)
D:/ITapp/arm GNU/13.3 rel1/bin/../lib/gcc/arm-none-eabi/13.3.1/thumb/v7e-m+fp/hard\libgcc.a(_arm_truncdfsf2.o)
                              CMakeFiles/carNoTiOld.elf.dir/SYS/C/control.c.obj (__aeabi_d2f)
D:/ITapp/arm GNU/13.3 rel1/bin/../lib/gcc/arm-none-eabi/13.3.1/thumb/v7e-m+fp/hard\libgcc.a(_aeabi_uldivmod.o)
                              CMakeFiles/carNoTiOld.elf.dir/Drivers/STM32H7xx_HAL_Driver/Src/stm32h7xx_hal_uart.c.obj (__aeabi_uldivmod)
D:/ITapp/arm GNU/13.3 rel1/bin/../lib/gcc/arm-none-eabi/13.3.1/thumb/v7e-m+fp/hard\libgcc.a(_udivmoddi4.o)
                              D:/ITapp/arm GNU/13.3 rel1/bin/../lib/gcc/arm-none-eabi/13.3.1/thumb/v7e-m+fp/hard\libgcc.a(_aeabi_uldivmod.o) (__udivmoddi4)
D:/ITapp/arm GNU/13.3 rel1/bin/../lib/gcc/arm-none-eabi/13.3.1/thumb/v7e-m+fp/hard\libgcc.a(_dvmd_tls.o)
                              D:/ITapp/arm GNU/13.3 rel1/bin/../lib/gcc/arm-none-eabi/13.3.1/thumb/v7e-m+fp/hard\libgcc.a(_aeabi_uldivmod.o) (__aeabi_ldiv0)
D:/ITapp/arm GNU/13.3 rel1/bin/../lib/gcc/arm-none-eabi/13.3.1/thumb/v7e-m+fp/hard\libg.a(libc_a-exit.o)
                              D:/ITapp/arm GNU/13.3 rel1/bin/../lib/gcc/arm-none-eabi/13.3.1/thumb/v7e-m+fp/hard/crt0.o (exit)
D:/ITapp/arm GNU/13.3 rel1/bin/../lib/gcc/arm-none-eabi/13.3.1/thumb/v7e-m+fp/hard\libg.a(libc_a-findfp.o)
                              CMakeFiles/carNoTiOld.elf.dir/Middlewares/Third_Party/FreeRTOS/Source/tasks.c.obj (__sf)
D:/ITapp/arm GNU/13.3 rel1/bin/../lib/gcc/arm-none-eabi/13.3.1/thumb/v7e-m+fp/hard\libg.a(libc_a-fwalk.o)
                              D:/ITapp/arm GNU/13.3 rel1/bin/../lib/gcc/arm-none-eabi/13.3.1/thumb/v7e-m+fp/hard\libg.a(libc_a-findfp.o) (_fwalk_sglue)
D:/ITapp/arm GNU/13.3 rel1/bin/../lib/gcc/arm-none-eabi/13.3.1/thumb/v7e-m+fp/hard\libg.a(libc_a-sprintf.o)
                              CMakeFiles/carNoTiOld.elf.dir/SYS/C/control.c.obj (sprintf)
D:/ITapp/arm GNU/13.3 rel1/bin/../lib/gcc/arm-none-eabi/13.3.1/thumb/v7e-m+fp/hard\libg.a(libc_a-stdio.o)
                              D:/ITapp/arm GNU/13.3 rel1/bin/../lib/gcc/arm-none-eabi/13.3.1/thumb/v7e-m+fp/hard\libg.a(libc_a-findfp.o) (__sread)
D:/ITapp/arm GNU/13.3 rel1/bin/../lib/gcc/arm-none-eabi/13.3.1/thumb/v7e-m+fp/hard\libg.a(libc_a-memset.o)
                              D:/ITapp/arm GNU/13.3 rel1/bin/../lib/gcc/arm-none-eabi/13.3.1/thumb/v7e-m+fp/hard/crt0.o (memset)
D:/ITapp/arm GNU/13.3 rel1/bin/../lib/gcc/arm-none-eabi/13.3.1/thumb/v7e-m+fp/hard\libg.a(libc_a-strncmp.o)
                              CMakeFiles/carNoTiOld.elf.dir/SYS/C/dataRec.c.obj (strncmp)
D:/ITapp/arm GNU/13.3 rel1/bin/../lib/gcc/arm-none-eabi/13.3.1/thumb/v7e-m+fp/hard\libg.a(libc_a-closer.o)
                              D:/ITapp/arm GNU/13.3 rel1/bin/../lib/gcc/arm-none-eabi/13.3.1/thumb/v7e-m+fp/hard\libg.a(libc_a-stdio.o) (_close_r)
D:/ITapp/arm GNU/13.3 rel1/bin/../lib/gcc/arm-none-eabi/13.3.1/thumb/v7e-m+fp/hard\libg.a(libc_a-reent.o)
                              CMakeFiles/carNoTiOld.elf.dir/Middlewares/Third_Party/FreeRTOS/Source/tasks.c.obj (_reclaim_reent)
D:/ITapp/arm GNU/13.3 rel1/bin/../lib/gcc/arm-none-eabi/13.3.1/thumb/v7e-m+fp/hard\libg.a(libc_a-impure.o)
                              CMakeFiles/carNoTiOld.elf.dir/Middlewares/Third_Party/FreeRTOS/Source/tasks.c.obj (_impure_ptr)
D:/ITapp/arm GNU/13.3 rel1/bin/../lib/gcc/arm-none-eabi/13.3.1/thumb/v7e-m+fp/hard\libg.a(libc_a-lseekr.o)
                              D:/ITapp/arm GNU/13.3 rel1/bin/../lib/gcc/arm-none-eabi/13.3.1/thumb/v7e-m+fp/hard\libg.a(libc_a-stdio.o) (_lseek_r)
D:/ITapp/arm GNU/13.3 rel1/bin/../lib/gcc/arm-none-eabi/13.3.1/thumb/v7e-m+fp/hard\libg.a(libc_a-readr.o)
                              D:/ITapp/arm GNU/13.3 rel1/bin/../lib/gcc/arm-none-eabi/13.3.1/thumb/v7e-m+fp/hard\libg.a(libc_a-stdio.o) (_read_r)
D:/ITapp/arm GNU/13.3 rel1/bin/../lib/gcc/arm-none-eabi/13.3.1/thumb/v7e-m+fp/hard\libg.a(libc_a-writer.o)
                              D:/ITapp/arm GNU/13.3 rel1/bin/../lib/gcc/arm-none-eabi/13.3.1/thumb/v7e-m+fp/hard\libg.a(libc_a-stdio.o) (_write_r)
[...]
Memory Configuration

Name             Origin             Length             Attributes
FLASH            0x08000000         0x00020000         xr
DTCMRAM          0x20000000         0x00020000         xrw
RAM_D1           0x24000000         0x00080000         xrw
RAM_D2           0x30000000         0x00048000         xrw
RAM_D3           0x38000000         0x00010000         xrw
ITCMRAM          0x00000000         0x00010000         xrw
*default*        0x00000000         0xffffffff

Linker script and memory map

LOAD D:/ITapp/arm GNU/13.3 rel1/bin/../lib/gcc/arm-none-eabi/13.3.1/thumb/v7e-m+fp/hard/crti.o
LOAD D:/ITapp/arm GNU/13.3 rel1/bin/../lib/gcc/arm-none-eabi/13.3.1/thumb/v7e-m+fp/hard/crtbegin.o
LOAD D:/ITapp/arm GNU/13.3 rel1/bin/../lib/gcc/arm-none-eabi/13.3.1/thumb/v7e-m+fp/hard/crt0.o
LOAD CMakeFiles/carNoTiOld.elf.dir/Core/Src/adc.c.obj
LOAD CMakeFiles/carNoTiOld.elf.dir/Core/Src/fdcan.c.obj
LOAD CMakeFiles/carNoTiOld.elf.dir/Core/Src/freertos.c.obj
LOAD CMakeFiles/carNoTiOld.elf.dir/Core/Src/gpio.c.obj
LOAD CMakeFiles/carNoTiOld.elf.dir/Core/Src/i2c.c.obj
LOAD CMakeFiles/carNoTiOld.elf.dir/Core/Src/main.c.obj
LOAD CMakeFiles/carNoTiOld.elf.dir/Core/Src/memorymap.c.obj
LOAD CMakeFiles/carNoTiOld.elf.dir/Core/Src/stm32h7xx_hal_msp.c.obj
LOAD CMakeFiles/carNoTiOld.elf.dir/Core/Src/stm32h7xx_hal_timebase_tim.c.obj
LOAD CMakeFiles/carNoTiOld.elf.dir/Core/Src/stm32h7xx_it.c.obj
LOAD CMakeFiles/carNoTiOld.elf.dir/Core/Src/syscalls.c.obj
LOAD CMakeFiles/carNoTiOld.elf.dir/Core/Src/sysmem.c.obj
LOAD CMakeFiles/carNoTiOld.elf.dir/Core/Src/system_stm32h7xx.c.obj
LOAD CMakeFiles/carNoTiOld.elf.dir/Core/Src/tim.c.obj
LOAD CMakeFiles/carNoTiOld.elf.dir/Core/Src/usart.c.obj
LOAD CMakeFiles/carNoTiOld.elf.dir/Core/Startup/startup_stm32h750vbtx.s.obj
LOAD CMakeFiles/carNoTiOld.elf.dir/Drivers/STM32H7xx_HAL_Driver/Src/stm32h7xx_hal.c.obj
LOAD CMakeFiles/carNoTiOld.elf.dir/Drivers/STM32H7xx_HAL_Driver/Src/stm32h7xx_hal_adc.c.obj
LOAD CMakeFiles/carNoTiOld.elf.dir/Drivers/STM32H7xx_HAL_Driver/Src/stm32h7xx_hal_adc_ex.c.obj
LOAD CMakeFiles/carNoTiOld.elf.dir/Drivers/STM32H7xx_HAL_Driver/Src/stm32h7xx_hal_cortex.c.obj
LOAD CMakeFiles/carNoTiOld.elf.dir/Drivers/STM32H7xx_HAL_Driver/Src/stm32h7xx_hal_dma.c.obj
LOAD CMakeFiles/carNoTiOld.elf.dir/Drivers/STM32H7xx_HAL_Driver/Src/stm32h7xx_hal_dma_ex.c.obj
LOAD CMakeFiles/carNoTiOld.elf.dir/Drivers/STM32H7xx_HAL_Driver/Src/stm32h7xx_hal_exti.c.obj
LOAD CMakeFiles/carNoTiOld.elf.dir/Drivers/STM32H7xx_HAL_Driver/Src/stm32h7xx_hal_fdcan.c.obj
LOAD CMakeFiles/carNoTiOld.elf.dir/Drivers/STM32H7xx_HAL_Driver/Src/stm32h7xx_hal_flash.c.obj
LOAD CMakeFiles/carNoTiOld.elf.dir/Drivers/STM32H7xx_HAL_Driver/Src/stm32h7xx_hal_flash_ex.c.obj
LOAD CMakeFiles/carNoTiOld.elf.dir/Drivers/STM32H7xx_HAL_Driver/Src/stm32h7xx_hal_gpio.c.obj
LOAD CMakeFiles/carNoTiOld.elf.dir/Drivers/STM32H7xx_HAL_Driver/Src/stm32h7xx_hal_hsem.c.obj
LOAD CMakeFiles/carNoTiOld.elf.dir/Drivers/STM32H7xx_HAL_Driver/Src/stm32h7xx_hal_i2c.c.obj
LOAD CMakeFiles/carNoTiOld.elf.dir/Drivers/STM32H7xx_HAL_Driver/Src/stm32h7xx_hal_i2c_ex.c.obj
LOAD CMakeFiles/carNoTiOld.elf.dir/Drivers/STM32H7xx_HAL_Driver/Src/stm32h7xx_hal_mdma.c.obj
LOAD CMakeFiles/carNoTiOld.elf.dir/Drivers/STM32H7xx_HAL_Driver/Src/stm32h7xx_hal_pwr.c.obj
LOAD CMakeFiles/carNoTiOld.elf.dir/Drivers/STM32H7xx_HAL_Driver/Src/stm32h7xx_hal_pwr_ex.c.obj
LOAD CMakeFiles/carNoTiOld.elf.dir/Drivers/STM32H7xx_HAL_Driver/Src/stm32h7xx_hal_rcc.c.obj
LOAD CMakeFiles/carNoTiOld.elf.dir/Drivers/STM32H7xx_HAL_Driver/Src/stm32h7xx_hal_rcc_ex.c.obj
LOAD CMakeFiles/carNoTiOld.elf.dir/Drivers/STM32H7xx_HAL_Driver/Src/stm32h7xx_hal_tim.c.obj
LOAD CMakeFiles/carNoTiOld.elf.dir/Drivers/STM32H7xx_HAL_Driver/Src/stm32h7xx_hal_tim_ex.c.obj
LOAD CMakeFiles/carNoTiOld.elf.dir/Drivers/STM32H7xx_HAL_Driver/Src/stm32h7xx_hal_uart.c.obj
LOAD CMakeFiles/carNoTiOld.elf.dir/Drivers/STM32H7xx_HAL_Driver/Src/stm32h7xx_hal_uart_ex.c.obj
LOAD CMakeFiles/carNoTiOld.elf.dir/Middlewares/Third_Party/FreeRTOS/Source/CMSIS_RTOS_V2/cmsis_os2.c.obj
LOAD CMakeFiles/carNoTiOld.elf.dir/Middlewares/Third_Party/FreeRTOS/Source/croutine.c.obj
LOAD CMakeFiles/carNoTiOld.elf.dir/Middlewares/Third_Party/FreeRTOS/Source/event_groups.c.obj
LOAD CMakeFiles/carNoTiOld.elf.dir/Middlewares/Third_Party/FreeRTOS/Source/list.c.obj
LOAD CMakeFiles/carNoTiOld.elf.dir/Middlewares/Third_Party/FreeRTOS/Source/portable/GCC/ARM_CM4F/port.c.obj
LOAD CMakeFiles/carNoTiOld.elf.dir/Middlewares/Third_Party/FreeRTOS/Source/portable/MemMang/heap_4.c.obj
LOAD CMakeFiles/carNoTiOld.elf.dir/Middlewares/Third_Party/FreeRTOS/Source/queue.c.obj
LOAD CMakeFiles/carNoTiOld.elf.dir/Middlewares/Third_Party/FreeRTOS/Source/stream_buffer.c.obj
LOAD CMakeFiles/carNoTiOld.elf.dir/Middlewares/Third_Party/FreeRTOS/Source/tasks.c.obj
LOAD CMakeFiles/carNoTiOld.elf.dir/Middlewares/Third_Party/FreeRTOS/Source/timers.c.obj
LOAD CMakeFiles/carNoTiOld.elf.dir/SYS/C/can_motor_control.c.obj
LOAD CMakeFiles/carNoTiOld.elf.dir/SYS/C/control.c.obj
LOAD CMakeFiles/carNoTiOld.elf.dir/SYS/C/dataRec.c.obj
LOAD CMakeFiles/carNoTiOld.elf.dir/SYS/C/entry.c.obj
LOAD CMakeFiles/carNoTiOld.elf.dir/SYS/C/yunTaiQuestion.c.obj
START GROUP
LOAD D:/ITapp/arm GNU/13.3 rel1/bin/../lib/gcc/arm-none-eabi/13.3.1/thumb/v7e-m+fp/hard\libgcc.a
LOAD D:/ITapp/arm GNU/13.3 rel1/bin/../lib/gcc/arm-none-eabi/13.3.1/thumb/v7e-m+fp/hard\libg.a
LOAD D:/ITapp/arm GNU/13.3 rel1/bin/../lib/gcc/arm-none-eabi/13.3.1/thumb/v7e-m+fp/hard\libc.a
END GROUP
LOAD D:/ITapp/arm GNU/13.3 rel1/bin/../lib/gcc/arm-none-eabi/13.3.1/thumb/v7e-m+fp/hard/crtend.o
LOAD D:/ITapp/arm GNU/13.3 rel1/bin/../lib/gcc/arm-none-eabi/13.3.1/thumb/v7e-m+fp/hard/crtn.o
                0x24080000                        _estack = (ORIGIN (RAM_D1) + LENGTH (RAM_D1))
                0x00000200                        _Min_Heap_Size = 0x200
                0x00000400                        _Min_Stack_Size = 0x400

.isr_vector     0x08000000      0x298
                0x08000000                        . = ALIGN (0x4)
 *(.isr_vector)
 .isr_vector    0x08000000      0x298 CMakeFiles/carNoTiOld.elf.dir/Core/Startup/startup_stm32h750vbtx.s.obj
                0x08000000                g_pfnVectors
                0x08000298                        . = ALIGN (0x4)

.text           0x080002c0    0x124b8
                0x080002c0                        . = ALIGN (0x4)
 *(.text)
 .text          0x080002c0      0x378 D:/ITapp/arm GNU/13.3 rel1/bin/../lib/gcc/arm-none-eabi/13.3.1/thumb/v7e-m+fp/hard\libgcc.a(_arm_addsubdf3.o)
                0x080002c0                __aeabi_drsub
                0x080002c8                __aeabi_dsub
                0x080002c8                __subdf3
                0x080002cc                __aeabi_dadd
                0x080002cc                __adddf3
                0x08000544                __floatunsidf
                0x08000544                __aeabi_ui2d
                0x08000564                __floatsidf
                0x08000564                __aeabi_i2d
                0x08000588                __aeabi_f2d
                0x08000588                __extendsfdf2
                0x080005cc                __floatundidf
                0x080005cc                __aeabi_ul2d
                0x080005dc                __floatdidf
                0x080005dc                __aeabi_l2d
 .text          0x08000638      0x424 D:/ITapp/arm GNU/13.3 rel1/bin/../lib/gcc/arm-none-eabi/13.3.1/thumb/v7e-m+fp/hard\libgcc.a(_arm_muldivdf3.o)
                0x08000638                __aeabi_dmul
                0x08000638                __muldf3
                0x0800088c                __divdf3
                0x0800088c                __aeabi_ddiv
 .text          0x08000a5c       0x50 D:/ITapp/arm GNU/13.3 rel1/bin/../lib/gcc/arm-none-eabi/13.3.1/thumb/v7e-m+fp/hard\libgcc.a(_arm_fixdfsi.o)
                0x08000a5c                __aeabi_d2iz
                0x08000a5c                __fixdfsi
 .text          0x08000aac       0xa0 D:/ITapp/arm GNU/13.3 rel1/bin/../lib/gcc/arm-none-eabi/13.3.1/thumb/v7e-m+fp/hard\libgcc.a(_arm_truncdfsf2.o)
                0x08000aac                __truncdfsf2
                0x08000aac                __aeabi_d2f
 .text          0x08000b4c       0x30 D:/ITapp/arm GNU/13.3 rel1/bin/../lib/gcc/arm-none-eabi/13.3.1/thumb/v7e-m+fp/hard\libgcc.a(_aeabi_uldivmod.o)
                0x08000b4c                __aeabi_uldivmod
 .text          0x08000b7c        0x4 D:/ITapp/arm GNU/13.3 rel1/bin/../lib/gcc/arm-none-eabi/13.3.1/thumb/v7e-m+fp/hard\libgcc.a(_dvmd_tls.o)
                0x08000b7c                __aeabi_idiv0
                0x08000b7c                __aeabi_ldiv0
 .text          0x08000b80      0x134 D:/ITapp/arm GNU/13.3 rel1/bin/../lib/gcc/arm-none-eabi/13.3.1/thumb/v7e-m+fp/hard\libg.a(libc_a-memcpy.o)
                0x08000b80                memcpy
 *fill*         0x08000cb4        0xc 
 .text          0x08000cc0       0xd8 D:/ITapp/arm GNU/13.3 rel1/bin/../lib/gcc/arm-none-eabi/13.3.1/thumb/v7e-m+fp/hard\libg.a(libc_a-strlen.o)
                0x08000cc0                strlen
 *fill*         0x08000d98        0x8 
 .text          0x08000da0       0xa0 D:/ITapp/arm GNU/13.3 rel1/bin/../lib/gcc/arm-none-eabi/13.3.1/thumb/v7e-m+fp/hard\libg.a(libc_a-memchr.o)
                0x08000da0                memchr
 .text          0x08000e40      0x110 D:/ITapp/arm GNU/13.3 rel1/bin/../lib/gcc/arm-none-eabi/13.3.1/thumb/v7e-m+fp/hard\libgcc.a(_arm_cmpdf2.o)
                0x08000e40                __gtdf2
                0x08000e40                __gedf2
                0x08000e48                __ltdf2
                0x08000e48                __ledf2
                0x08000e50                __nedf2
                0x08000e50                __eqdf2
                0x08000e50                __cmpdf2
                0x08000ecc                __aeabi_cdrcmple
                0x08000edc                __aeabi_cdcmpeq
                0x08000edc                __aeabi_cdcmple
                0x08000eec                __aeabi_dcmpeq
                0x08000f00                __aeabi_dcmplt
                0x08000f14                __aeabi_dcmple
                0x08000f28                __aeabi_dcmpge
                0x08000f3c                __aeabi_dcmpgt
 .text          0x08000f50       0x2c D:/ITapp/arm GNU/13.3 rel1/bin/../lib/gcc/arm-none-eabi/13.3.1/thumb/v7e-m+fp/hard\libgcc.a(_arm_unorddf2.o)
                0x08000f50                __unorddf2
                0x08000f50                __aeabi_dcmpun
 *(.text*)
 .text.deregister_tm_clones
                0x08000f7c       0x1c D:/ITapp/arm GNU/13.3 rel1/bin/../lib/gcc/arm-none-eabi/13.3.1/thumb/v7e-m+fp/hard/crtbegin.o
 .text.register_tm_clones
                0x08000f98       0x24 D:/ITapp/arm GNU/13.3 rel1/bin/../lib/gcc/arm-none-eabi/13.3.1/thumb/v7e-m+fp/hard/crtbegin.o
 .text.__do_global_dtors_aux
                0x08000fbc       0x28 D:/ITapp/arm GNU/13.3 rel1/bin/../lib/gcc/arm-none-eabi/13.3.1/thumb/v7e-m+fp/hard/crtbegin.o
 .text.frame_dummy
                0x08000fe4       0x24 D:/ITapp/arm GNU/13.3 rel1/bin/../lib/gcc/arm-none-eabi/13.3.1/thumb/v7e-m+fp/hard/crtbegin.o
 .text.MX_ADC1_Init
                0x08001008       0xa4 CMakeFiles/carNoTiOld.elf.dir/Core/Src/adc.c.obj
                0x08001008                MX_ADC1_Init
 .text.HAL_ADC_MspInit
                0x080010ac       0x70 CMakeFiles/carNoTiOld.elf.dir/Core/Src/adc.c.obj
                0x080010ac                HAL_ADC_MspInit
 .text.MX_FDCAN2_Init
                0x0800111c       0x60 CMakeFiles/carNoTiOld.elf.dir/Core/Src/fdcan.c.obj
                0x0800111c                MX_FDCAN2_Init
 .text.HAL_FDCAN_MspInit
                0x0800117c       0x84 CMakeFiles/carNoTiOld.elf.dir/Core/Src/fdcan.c.obj
                0x0800117c                HAL_FDCAN_MspInit
 .text.StartDefaultTask
                0x08001200        0xa CMakeFiles/carNoTiOld.elf.dir/Core/Src/freertos.c.obj
                0x08001200                StartDefaultTask
 *fill*         0x0800120a        0x2 
 .text.MX_FREERTOS_Init
                0x0800120c       0x50 CMakeFiles/carNoTiOld.elf.dir/Core/Src/freertos.c.obj
                0x0800120c                MX_FREERTOS_Init
 .text.MX_GPIO_Init
                0x0800125c      0x178 CMakeFiles/carNoTiOld.elf.dir/Core/Src/gpio.c.obj
                0x0800125c                MX_GPIO_Init
 .text.MX_I2C1_Init
                0x080013d4       0x58 CMakeFiles/carNoTiOld.elf.dir/Core/Src/i2c.c.obj
                0x080013d4                MX_I2C1_Init
 .text.HAL_I2C_MspInit
                0x0800142c       0xb8 CMakeFiles/carNoTiOld.elf.dir/Core/Src/i2c.c.obj
                0x0800142c                HAL_I2C_MspInit
 .text.MPU_Config
                0x080014e4       0x52 CMakeFiles/carNoTiOld.elf.dir/Core/Src/main.c.obj
 *fill*         0x08001536        0x2 
 .text.HAL_TIM_PeriodElapsedCallback
                0x08001538       0x18 CMakeFiles/carNoTiOld.elf.dir/Core/Src/main.c.obj
                0x08001538                HAL_TIM_PeriodElapsedCallback
 .text.Error_Handler
                0x08001550        0x4 CMakeFiles/carNoTiOld.elf.dir/Core/Src/main.c.obj
                0x08001550                Error_Handler
 .text.SystemClock_Config
                0x08001554       0xc4 CMakeFiles/carNoTiOld.elf.dir/Core/Src/main.c.obj
                0x08001554                SystemClock_Config
 .text.PeriphCommonClock_Config
                0x08001618       0x48 CMakeFiles/carNoTiOld.elf.dir/Core/Src/main.c.obj
                0x08001618                PeriphCommonClock_Config
 .text.main     0x08001660       0x4c CMakeFiles/carNoTiOld.elf.dir/Core/Src/main.c.obj
                0x08001660                main
 .text.HAL_MspInit
                0x080016ac       0x34 CMakeFiles/carNoTiOld.elf.dir/Core/Src/stm32h7xx_hal_msp.c.obj
                0x080016ac                HAL_MspInit
 .text.HAL_InitTick
                0x080016e0       0x9c CMakeFiles/carNoTiOld.elf.dir/Core/Src/stm32h7xx_hal_timebase_tim.c.obj
                0x080016e0                HAL_InitTick
 .text.NMI_Handler
                0x0800177c        0x2 CMakeFiles/carNoTiOld.elf.dir/Core/Src/stm32h7xx_it.c.obj
                0x0800177c                NMI_Handler
 .text.HardFault_Handler
                0x0800177e        0x2 CMakeFiles/carNoTiOld.elf.dir/Core/Src/stm32h7xx_it.c.obj
                0x0800177e                HardFault_Handler
 .text.MemManage_Handler
                0x08001780        0x2 CMakeFiles/carNoTiOld.elf.dir/Core/Src/stm32h7xx_it.c.obj
                0x08001780                MemManage_Handler
 .text.BusFault_Handler
                0x08001782        0x2 CMakeFiles/carNoTiOld.elf.dir/Core/Src/stm32h7xx_it.c.obj
                0x08001782                BusFault_Handler
 .text.UsageFault_Handler
                0x08001784        0x2 CMakeFiles/carNoTiOld.elf.dir/Core/Src/stm32h7xx_it.c.obj
                0x08001784                UsageFault_Handler
 .text.DebugMon_Handler
                0x08001786        0x2 CMakeFiles/carNoTiOld.elf.dir/Core/Src/stm32h7xx_it.c.obj
                0x08001786                DebugMon_Handler
 .text.FDCAN2_IT0_IRQHandler
                0x08001788       0x10 CMakeFiles/carNoTiOld.elf.dir/Core/Src/stm32h7xx_it.c.obj
                0x08001788                FDCAN2_IT0_IRQHandler
 .text.TIM8_UP_TIM13_IRQHandler
                0x08001798       0x10 CMakeFiles/carNoTiOld.elf.dir/Core/Src/stm32h7xx_it.c.obj
                0x08001798                TIM8_UP_TIM13_IRQHandler
 .text.TIM5_IRQHandler
                0x080017a8       0x10 CMakeFiles/carNoTiOld.elf.dir/Core/Src/stm32h7xx_it.c.obj
                0x080017a8                TIM5_IRQHandler
 .text.UART4_IRQHandler
                0x080017b8       0x10 CMakeFiles/carNoTiOld.elf.dir/Core/Src/stm32h7xx_it.c.obj
                0x080017b8                UART4_IRQHandler
 .text.UART7_IRQHandler
                0x080017c8       0x10 CMakeFiles/carNoTiOld.elf.dir/Core/Src/stm32h7xx_it.c.obj
                0x080017c8                UART7_IRQHandler
 .text._getpid  0x080017d8        0x4 CMakeFiles/carNoTiOld.elf.dir/Core/Src/syscalls.c.obj
                0x080017d8                _getpid
 .text._kill    0x080017dc       0x10 CMakeFiles/carNoTiOld.elf.dir/Core/Src/syscalls.c.obj
                0x080017dc                _kill
 .text._exit    0x080017ec        0xc CMakeFiles/carNoTiOld.elf.dir/Core/Src/syscalls.c.obj
                0x080017ec                _exit
 .text._read    0x080017f8       0x20 CMakeFiles/carNoTiOld.elf.dir/Core/Src/syscalls.c.obj
                0x080017f8                _read
 .text._write   0x08001818       0x1c CMakeFiles/carNoTiOld.elf.dir/Core/Src/syscalls.c.obj
                0x08001818                _write
 .text._close   0x08001834        0x6 CMakeFiles/carNoTiOld.elf.dir/Core/Src/syscalls.c.obj
                0x08001834                _close
 .text._fstat   0x0800183a        0xa CMakeFiles/carNoTiOld.elf.dir/Core/Src/syscalls.c.obj
                0x0800183a                _fstat
 .text._isatty  0x08001844        0x4 CMakeFiles/carNoTiOld.elf.dir/Core/Src/syscalls.c.obj
                0x08001844                _isatty
 .text._lseek   0x08001848        0x4 CMakeFiles/carNoTiOld.elf.dir/Core/Src/syscalls.c.obj
                0x08001848                _lseek
 .text._sbrk    0x0800184c       0x48 CMakeFiles/carNoTiOld.elf.dir/Core/Src/sysmem.c.obj
                0x0800184c                _sbrk
 .text.SystemInit
                0x08001894       0xf0 CMakeFiles/carNoTiOld.elf.dir/Core/Src/system_stm32h7xx.c.obj
                0x08001894                SystemInit
 .text.ExitRun0Mode
                0x08001984       0x1c CMakeFiles/carNoTiOld.elf.dir/Core/Src/system_stm32h7xx.c.obj
                0x08001984                ExitRun0Mode
 .text.MX_TIM3_Init
                0x080019a0       0x64 CMakeFiles/carNoTiOld.elf.dir/Core/Src/tim.c.obj
                0x080019a0                MX_TIM3_Init
 .text.MX_TIM4_Init
                0x08001a04       0x64 CMakeFiles/carNoTiOld.elf.dir/Core/Src/tim.c.obj
                0x08001a04                MX_TIM4_Init
 .text.MX_TIM8_Init
                0x08001a68       0x74 CMakeFiles/carNoTiOld.elf.dir/Core/Src/tim.c.obj
                0x08001a68                MX_TIM8_Init
 .text.HAL_TIM_PWM_MspInit
                0x08001adc       0x54 CMakeFiles/carNoTiOld.elf.dir/Core/Src/tim.c.obj
                0x08001adc                HAL_TIM_PWM_MspInit
 .text.HAL_TIM_Encoder_MspInit
                0x08001b30       0xc8 CMakeFiles/carNoTiOld.elf.dir/Core/Src/tim.c.obj
                0x08001b30                HAL_TIM_Encoder_MspInit
 .text.HAL_TIM_Base_MspInit
                0x08001bf8       0x48 CMakeFiles/carNoTiOld.elf.dir/Core/Src/tim.c.obj
                0x08001bf8                HAL_TIM_Base_MspInit
 .text.HAL_TIM_MspPostInit
                0x08001c40       0xc8 CMakeFiles/carNoTiOld.elf.dir/Core/Src/tim.c.obj
                0x08001c40                HAL_TIM_MspPostInit
 .text.MX_TIM1_Init
                0x08001d08      0x104 CMakeFiles/carNoTiOld.elf.dir/Core/Src/tim.c.obj
                0x08001d08                MX_TIM1_Init
 .text.MX_TIM2_Init
                0x08001e0c       0xb8 CMakeFiles/carNoTiOld.elf.dir/Core/Src/tim.c.obj
                0x08001e0c                MX_TIM2_Init
 .text.MX_UART4_Init
                0x08001ec4       0x68 CMakeFiles/carNoTiOld.elf.dir/Core/Src/usart.c.obj
                0x08001ec4                MX_UART4_Init
 .text.MX_UART7_Init
                0x08001f2c       0x68 CMakeFiles/carNoTiOld.elf.dir/Core/Src/usart.c.obj
                0x08001f2c                MX_UART7_Init
 .text.HAL_UART_MspInit
                0x08001f94      0x12c CMakeFiles/carNoTiOld.elf.dir/Core/Src/usart.c.obj
                0x08001f94                HAL_UART_MspInit
 .text.Reset_Handler
                0x080020c0       0x54 CMakeFiles/carNoTiOld.elf.dir/Core/Startup/startup_stm32h750vbtx.s.obj
                0x080020c0                Reset_Handler
 .text.Default_Handler
                0x08002114        0x2 CMakeFiles/carNoTiOld.elf.dir/Core/Startup/startup_stm32h750vbtx.s.obj
                0x08002114                RTC_Alarm_IRQHandler
                0x08002114                HASH_RNG_IRQHandler
                0x08002114                EXTI2_IRQHandler
                0x08002114                TIM8_CC_IRQHandler
                0x08002114                HRTIM1_Master_IRQHandler
                0x08002114                UART8_IRQHandler
                0x08002114                SPI4_IRQHandler
                0x08002114                TIM1_CC_IRQHandler
                0x08002114                BDMA_Channel6_IRQHandler
                0x08002114                DMA2_Stream5_IRQHandler
                0x08002114                HRTIM1_FLT_IRQHandler
                0x08002114                JPEG_IRQHandler
                0x08002114                DMA1_Stream5_IRQHandler
                0x08002114                BDMA_Channel1_IRQHandler
                0x08002114                HRTIM1_TIMD_IRQHandler
                0x08002114                TAMP_STAMP_IRQHandler
                0x08002114                EXTI3_IRQHandler
                0x08002114                LPTIM4_IRQHandler
                0x08002114                TIM8_TRG_COM_TIM14_IRQHandler
                0x08002114                LPTIM2_IRQHandler
                0x08002114                DFSDM1_FLT1_IRQHandler
                0x08002114                DMAMUX2_OVR_IRQHandler
                0x08002114                I2C3_ER_IRQHandler
                0x08002114                DFSDM1_FLT2_IRQHandler
                0x08002114                MDMA_IRQHandler
                0x08002114                LPTIM3_IRQHandler
                0x08002114                HSEM1_IRQHandler
                0x08002114                EXTI0_IRQHandler
                0x08002114                I2C2_EV_IRQHandler
                0x08002114                DMA1_Stream2_IRQHandler
                0x08002114                FPU_IRQHandler
                0x08002114                OTG_HS_WKUP_IRQHandler
                0x08002114                FDCAN1_IT1_IRQHandler
                0x08002114                LTDC_ER_IRQHandler
                0x08002114                DMA2_Stream2_IRQHandler
                0x08002114                HRTIM1_TIME_IRQHandler
                0x08002114                SPI1_IRQHandler
                0x08002114                TIM6_DAC_IRQHandler
                0x08002114                DCMI_IRQHandler
                0x08002114                HRTIM1_TIMC_IRQHandler
                0x08002114                DMA2_Stream3_IRQHandler
                0x08002114                SAI2_IRQHandler
                0x08002114                DFSDM1_FLT3_IRQHandler
                0x08002114                USART6_IRQHandler
                0x08002114                TIM17_IRQHandler
                0x08002114                USART3_IRQHandler
                0x08002114                BDMA_Channel7_IRQHandler
                0x08002114                CRYP_IRQHandler
                0x08002114                LPTIM5_IRQHandler
                0x08002114                UART5_IRQHandler
                0x08002114                ADC3_IRQHandler
                0x08002114                DMA2_Stream0_IRQHandler
                0x08002114                TIM4_IRQHandler
                0x08002114                BDMA_Channel2_IRQHandler
                0x08002114                QUADSPI_IRQHandler
                0x08002114                I2C1_EV_IRQHandler
                0x08002114                DMA1_Stream6_IRQHandler
                0x08002114                DMAMUX1_OVR_IRQHandler
                0x08002114                DMA1_Stream1_IRQHandler
                0x08002114                TIM16_IRQHandler
                0x08002114                BDMA_Channel5_IRQHandler
                0x08002114                TIM3_IRQHandler
                0x08002114                RCC_IRQHandler
                0x08002114                TIM8_BRK_TIM12_IRQHandler
                0x08002114                TIM1_TRG_COM_IRQHandler
                0x08002114                Default_Handler
                0x08002114                ECC_IRQHandler
                0x08002114                CEC_IRQHandler
                0x08002114                EXTI15_10_IRQHandler
                0x08002114                BDMA_Channel0_IRQHandler
                0x08002114                ADC_IRQHandler
                0x08002114                DMA1_Stream7_IRQHandler
                0x08002114                HRTIM1_TIMA_IRQHandler
                0x08002114                SPI5_IRQHandler
                0x08002114                TIM7_IRQHandler
                0x08002114                SDMMC1_IRQHandler
                0x08002114                DMA2_Stream7_IRQHandler
                0x08002114                TIM15_IRQHandler
                0x08002114                PVD_AVD_IRQHandler
                0x08002114                I2C3_EV_IRQHandler
                0x08002114                EXTI9_5_IRQHandler
                0x08002114                RTC_WKUP_IRQHandler
                0x08002114                LTDC_IRQHandler
                0x08002114                SAI3_IRQHandler
                0x08002114                ETH_WKUP_IRQHandler
                0x08002114                SPDIF_RX_IRQHandler
                0x08002114                SPI2_IRQHandler
                0x08002114                OTG_HS_EP1_IN_IRQHandler
                0x08002114                DMA1_Stream0_IRQHandler
                0x08002114                CRS_IRQHandler
                0x08002114                EXTI4_IRQHandler
                0x08002114                HRTIM1_TIMB_IRQHandler
                0x08002114                FDCAN2_IT1_IRQHandler
                0x08002114                ETH_IRQHandler
                0x08002114                TIM1_UP_IRQHandler
                0x08002114                BDMA_Channel4_IRQHandler
                0x08002114                OTG_HS_EP1_OUT_IRQHandler
                0x08002114                WWDG_IRQHandler
                0x08002114                SPI6_IRQHandler
                0x08002114                MDIOS_IRQHandler
                0x08002114                I2C4_EV_IRQHandler
                0x08002114                LPUART1_IRQHandler
                0x08002114                FDCAN1_IT0_IRQHandler
                0x08002114                TIM2_IRQHandler
                0x08002114                OTG_FS_WKUP_IRQHandler
                0x08002114                OTG_HS_IRQHandler
                0x08002114                DMA2D_IRQHandler
                0x08002114                TIM1_BRK_IRQHandler
                0x08002114                EXTI1_IRQHandler
                0x08002114                SDMMC2_IRQHandler
                0x08002114                OTG_FS_EP1_OUT_IRQHandler
                0x08002114                BDMA_Channel3_IRQHandler
                0x08002114                MDIOS_WKUP_IRQHandler
                0x08002114                USART2_IRQHandler
                0x08002114                DFSDM1_FLT0_IRQHandler
                0x08002114                SAI4_IRQHandler
                0x08002114                I2C2_ER_IRQHandler
                0x08002114                DMA2_Stream1_IRQHandler
                0x08002114                FLASH_IRQHandler
                0x08002114                DMA2_Stream4_IRQHandler
                0x08002114                USART1_IRQHandler
                0x08002114                OTG_FS_IRQHandler
                0x08002114                SPI3_IRQHandler
                0x08002114                WAKEUP_PIN_IRQHandler
                0x08002114                DMA1_Stream4_IRQHandler
                0x08002114                OTG_FS_EP1_IN_IRQHandler
                0x08002114                I2C1_ER_IRQHandler
                0x08002114                FMC_IRQHandler
                0x08002114                FDCAN_CAL_IRQHandler
                0x08002114                SWPMI1_IRQHandler
                0x08002114                COMP1_IRQHandler
                0x08002114                LPTIM1_IRQHandler
                0x08002114                I2C4_ER_IRQHandler
                0x08002114                DMA2_Stream6_IRQHandler
                0x08002114                SAI1_IRQHandler
                0x08002114                DMA1_Stream3_IRQHandler
 *fill*         0x08002116        0x2 
 .text.HAL_Init
                0x08002118       0x5c CMakeFiles/carNoTiOld.elf.dir/Drivers/STM32H7xx_HAL_Driver/Src/stm32h7xx_hal.c.obj
                0x08002118                HAL_Init
 .text.HAL_IncTick
                0x08002174       0x18 CMakeFiles/carNoTiOld.elf.dir/Drivers/STM32H7xx_HAL_Driver/Src/stm32h7xx_hal.c.obj
                0x08002174                HAL_IncTick
 .text.HAL_GetTick
                0x0800218c        0xc CMakeFiles/carNoTiOld.elf.dir/Drivers/STM32H7xx_HAL_Driver/Src/stm32h7xx_hal.c.obj
                0x0800218c                HAL_GetTick
 .text.HAL_Delay
                0x08002198       0x28 CMakeFiles/carNoTiOld.elf.dir/Drivers/STM32H7xx_HAL_Driver/Src/stm32h7xx_hal.c.obj
                0x08002198                HAL_Delay
 .text.HAL_GetREVID
                0x080021c0        0xc CMakeFiles/carNoTiOld.elf.dir/Drivers/STM32H7xx_HAL_Driver/Src/stm32h7xx_hal.c.obj
                0x080021c0                HAL_GetREVID
 .text.HAL_SYSCFG_AnalogSwitchConfig
                0x080021cc       0x14 CMakeFiles/carNoTiOld.elf.dir/Drivers/STM32H7xx_HAL_Driver/Src/stm32h7xx_hal.c.obj
                0x080021cc                HAL_SYSCFG_AnalogSwitchConfig
 .text.LL_ADC_REG_SetSequencerRanks
                0x080021e0       0x30 CMakeFiles/carNoTiOld.elf.dir/Drivers/STM32H7xx_HAL_Driver/Src/stm32h7xx_hal_adc.c.obj
 .text.LL_ADC_SetChannelSamplingTime
                0x08002210       0x2c CMakeFiles/carNoTiOld.elf.dir/Drivers/STM32H7xx_HAL_Driver/Src/stm32h7xx_hal_adc.c.obj
 .text.LL_ADC_SetChannelPreselection
                0x0800223c       0x2e CMakeFiles/carNoTiOld.elf.dir/Drivers/STM32H7xx_HAL_Driver/Src/stm32h7xx_hal_adc.c.obj
 *fill*         0x0800226a        0x2 
 .text.HAL_ADC_ConfigChannel
                0x0800226c      0x46c CMakeFiles/carNoTiOld.elf.dir/Drivers/STM32H7xx_HAL_Driver/Src/stm32h7xx_hal_adc.c.obj
                0x0800226c                HAL_ADC_ConfigChannel
 .text.ADC_ConfigureBoostMode
                0x080026d8      0x160 CMakeFiles/carNoTiOld.elf.dir/Drivers/STM32H7xx_HAL_Driver/Src/stm32h7xx_hal_adc.c.obj
                0x080026d8                ADC_ConfigureBoostMode
 .text.HAL_ADC_Init
                0x08002838      0x258 CMakeFiles/carNoTiOld.elf.dir/Drivers/STM32H7xx_HAL_Driver/Src/stm32h7xx_hal_adc.c.obj
                0x08002838                HAL_ADC_Init
 .text.HAL_ADCEx_MultiModeConfigChannel
                0x08002a90      0x150 CMakeFiles/carNoTiOld.elf.dir/Drivers/STM32H7xx_HAL_Driver/Src/stm32h7xx_hal_adc_ex.c.obj
                0x08002a90                HAL_ADCEx_MultiModeConfigChannel
 .text.__NVIC_EnableIRQ
                0x08002be0       0x1c CMakeFiles/carNoTiOld.elf.dir/Drivers/STM32H7xx_HAL_Driver/Src/stm32h7xx_hal_cortex.c.obj
 .text.__NVIC_SetPriority
                0x08002bfc       0x24 CMakeFiles/carNoTiOld.elf.dir/Drivers/STM32H7xx_HAL_Driver/Src/stm32h7xx_hal_cortex.c.obj
 .text.NVIC_EncodePriority
                0x08002c20       0x3e CMakeFiles/carNoTiOld.elf.dir/Drivers/STM32H7xx_HAL_Driver/Src/stm32h7xx_hal_cortex.c.obj
 *fill*         0x08002c5e        0x2 
 .text.HAL_NVIC_SetPriorityGrouping
                0x08002c60       0x24 CMakeFiles/carNoTiOld.elf.dir/Drivers/STM32H7xx_HAL_Driver/Src/stm32h7xx_hal_cortex.c.obj
                0x08002c60                HAL_NVIC_SetPriorityGrouping
 .text.HAL_NVIC_SetPriority
                0x08002c84       0x20 CMakeFiles/carNoTiOld.elf.dir/Drivers/STM32H7xx_HAL_Driver/Src/stm32h7xx_hal_cortex.c.obj
                0x08002c84                HAL_NVIC_SetPriority
 .text.HAL_NVIC_EnableIRQ
                0x08002ca4        0x8 CMakeFiles/carNoTiOld.elf.dir/Drivers/STM32H7xx_HAL_Driver/Src/stm32h7xx_hal_cortex.c.obj
                0x08002ca4                HAL_NVIC_EnableIRQ
 .text.HAL_MPU_Disable
                0x08002cac       0x1c CMakeFiles/carNoTiOld.elf.dir/Drivers/STM32H7xx_HAL_Driver/Src/stm32h7xx_hal_cortex.c.obj
                0x08002cac                HAL_MPU_Disable
 .text.HAL_MPU_Enable
                0x08002cc8       0x20 CMakeFiles/carNoTiOld.elf.dir/Drivers/STM32H7xx_HAL_Driver/Src/stm32h7xx_hal_cortex.c.obj
                0x08002cc8                HAL_MPU_Enable
 .text.HAL_MPU_ConfigRegion
                0x08002ce8       0x58 CMakeFiles/carNoTiOld.elf.dir/Drivers/STM32H7xx_HAL_Driver/Src/stm32h7xx_hal_cortex.c.obj
                0x08002ce8                HAL_MPU_ConfigRegion
 .text.HAL_DMA_Abort
                0x08002d40      0x340 CMakeFiles/carNoTiOld.elf.dir/Drivers/STM32H7xx_HAL_Driver/Src/stm32h7xx_hal_dma.c.obj
                0x08002d40                HAL_DMA_Abort
 .text.HAL_DMA_Abort_IT
                0x08003080      0x270 CMakeFiles/carNoTiOld.elf.dir/Drivers/STM32H7xx_HAL_Driver/Src/stm32h7xx_hal_dma.c.obj
                0x08003080                HAL_DMA_Abort_IT
 .text.FDCAN_CalcultateRamBlockAddresses
                0x080032f0      0x1d4 CMakeFiles/carNoTiOld.elf.dir/Drivers/STM32H7xx_HAL_Driver/Src/stm32h7xx_hal_fdcan.c.obj
 .text.FDCAN_CopyMessageToRAM
                0x080034c4       0x8c CMakeFiles/carNoTiOld.elf.dir/Drivers/STM32H7xx_HAL_Driver/Src/stm32h7xx_hal_fdcan.c.obj
 .text.HAL_FDCAN_Init
                0x08003550      0x294 CMakeFiles/carNoTiOld.elf.dir/Drivers/STM32H7xx_HAL_Driver/Src/stm32h7xx_hal_fdcan.c.obj
                0x08003550                HAL_FDCAN_Init
 .text.HAL_FDCAN_Start
                0x080037e4       0x34 CMakeFiles/carNoTiOld.elf.dir/Drivers/STM32H7xx_HAL_Driver/Src/stm32h7xx_hal_fdcan.c.obj
                0x080037e4                HAL_FDCAN_Start
 .text.HAL_FDCAN_AddMessageToTxFifoQ
                0x08003818       0x76 CMakeFiles/carNoTiOld.elf.dir/Drivers/STM32H7xx_HAL_Driver/Src/stm32h7xx_hal_fdcan.c.obj
                0x08003818                HAL_FDCAN_AddMessageToTxFifoQ
 *fill*         0x0800388e        0x2 
 .text.HAL_FDCAN_GetRxMessage
                0x08003890      0x1e4 CMakeFiles/carNoTiOld.elf.dir/Drivers/STM32H7xx_HAL_Driver/Src/stm32h7xx_hal_fdcan.c.obj
                0x08003890                HAL_FDCAN_GetRxMessage
 .text.HAL_FDCAN_ActivateNotification
                0x08003a74       0x90 CMakeFiles/carNoTiOld.elf.dir/Drivers/STM32H7xx_HAL_Driver/Src/stm32h7xx_hal_fdcan.c.obj
                0x08003a74                HAL_FDCAN_ActivateNotification
 .text.HAL_FDCAN_ClockCalibrationCallback
                0x08003b04        0x2 CMakeFiles/carNoTiOld.elf.dir/Drivers/STM32H7xx_HAL_Driver/Src/stm32h7xx_hal_fdcan.c.obj
                0x08003b04                HAL_FDCAN_ClockCalibrationCallback
 .text.HAL_FDCAN_TxEventFifoCallback
                0x08003b06        0x2 CMakeFiles/carNoTiOld.elf.dir/Drivers/STM32H7xx_HAL_Driver/Src/stm32h7xx_hal_fdcan.c.obj
                0x08003b06                HAL_FDCAN_TxEventFifoCallback
 .text.HAL_FDCAN_RxFifo1Callback
                0x08003b08        0x2 CMakeFiles/carNoTiOld.elf.dir/Drivers/STM32H7xx_HAL_Driver/Src/stm32h7xx_hal_fdcan.c.obj
                0x08003b08                HAL_FDCAN_RxFifo1Callback
 .text.HAL_FDCAN_TxFifoEmptyCallback
                0x08003b0a        0x2 CMakeFiles/carNoTiOld.elf.dir/Drivers/STM32H7xx_HAL_Driver/Src/stm32h7xx_hal_fdcan.c.obj
                0x08003b0a                HAL_FDCAN_TxFifoEmptyCallback
 .text.HAL_FDCAN_TxBufferCompleteCallback
                0x08003b0c        0x2 CMakeFiles/carNoTiOld.elf.dir/Drivers/STM32H7xx_HAL_Driver/Src/stm32h7xx_hal_fdcan.c.obj
                0x08003b0c                HAL_FDCAN_TxBufferCompleteCallback
 .text.HAL_FDCAN_TxBufferAbortCallback
                0x08003b0e        0x2 CMakeFiles/carNoTiOld.elf.dir/Drivers/STM32H7xx_HAL_Driver/Src/stm32h7xx_hal_fdcan.c.obj
                0x08003b0e                HAL_FDCAN_TxBufferAbortCallback
 .text.HAL_FDCAN_RxBufferNewMessageCallback
                0x08003b10        0x2 CMakeFiles/carNoTiOld.elf.dir/Drivers/STM32H7xx_HAL_Driver/Src/stm32h7xx_hal_fdcan.c.obj
                0x08003b10                HAL_FDCAN_RxBufferNewMessageCallback
 .text.HAL_FDCAN_TimestampWraparoundCallback
                0x08003b12        0x2 CMakeFiles/carNoTiOld.elf.dir/Drivers/STM32H7xx_HAL_Driver/Src/stm32h7xx_hal_fdcan.c.obj
                0x08003b12                HAL_FDCAN_TimestampWraparoundCallback
 .text.HAL_FDCAN_TimeoutOccurredCallback
                0x08003b14        0x2 CMakeFiles/carNoTiOld.elf.dir/Drivers/STM32H7xx_HAL_Driver/Src/stm32h7xx_hal_fdcan.c.obj
                0x08003b14                HAL_FDCAN_TimeoutOccurredCallback
 .text.HAL_FDCAN_HighPriorityMessageCallback
                0x08003b16        0x2 CMakeFiles/carNoTiOld.elf.dir/Drivers/STM32H7xx_HAL_Driver/Src/stm32h7xx_hal_fdcan.c.obj
                0x08003b16                HAL_FDCAN_HighPriorityMessageCallback
 .text.HAL_FDCAN_ErrorCallback
                0x08003b18        0x2 CMakeFiles/carNoTiOld.elf.dir/Drivers/STM32H7xx_HAL_Driver/Src/stm32h7xx_hal_fdcan.c.obj
                0x08003b18                HAL_FDCAN_ErrorCallback
 .text.HAL_FDCAN_ErrorStatusCallback
                0x08003b1a        0x2 CMakeFiles/carNoTiOld.elf.dir/Drivers/STM32H7xx_HAL_Driver/Src/stm32h7xx_hal_fdcan.c.obj
                0x08003b1a                HAL_FDCAN_ErrorStatusCallback
 .text.HAL_FDCAN_TT_ScheduleSyncCallback
                0x08003b1c        0x2 CMakeFiles/carNoTiOld.elf.dir/Drivers/STM32H7xx_HAL_Driver/Src/stm32h7xx_hal_fdcan.c.obj
                0x08003b1c                HAL_FDCAN_TT_ScheduleSyncCallback
 .text.HAL_FDCAN_TT_TimeMarkCallback
                0x08003b1e        0x2 CMakeFiles/carNoTiOld.elf.dir/Drivers/STM32H7xx_HAL_Driver/Src/stm32h7xx_hal_fdcan.c.obj
                0x08003b1e                HAL_FDCAN_TT_TimeMarkCallback
 .text.HAL_FDCAN_TT_StopWatchCallback
                0x08003b20        0x2 CMakeFiles/carNoTiOld.elf.dir/Drivers/STM32H7xx_HAL_Driver/Src/stm32h7xx_hal_fdcan.c.obj
                0x08003b20                HAL_FDCAN_TT_StopWatchCallback
 .text.HAL_FDCAN_TT_GlobalTimeCallback
                0x08003b22        0x2 CMakeFiles/carNoTiOld.elf.dir/Drivers/STM32H7xx_HAL_Driver/Src/stm32h7xx_hal_fdcan.c.obj
                0x08003b22                HAL_FDCAN_TT_GlobalTimeCallback
 .text.HAL_FDCAN_IRQHandler
                0x08003b24      0x320 CMakeFiles/carNoTiOld.elf.dir/Drivers/STM32H7xx_HAL_Driver/Src/stm32h7xx_hal_fdcan.c.obj
                0x08003b24                HAL_FDCAN_IRQHandler
 .text.HAL_GPIO_Init
                0x08003e44      0x220 CMakeFiles/carNoTiOld.elf.dir/Drivers/STM32H7xx_HAL_Driver/Src/stm32h7xx_hal_gpio.c.obj
                0x08003e44                HAL_GPIO_Init
 .text.HAL_GPIO_ReadPin
                0x08004064        0xe CMakeFiles/carNoTiOld.elf.dir/Drivers/STM32H7xx_HAL_Driver/Src/stm32h7xx_hal_gpio.c.obj
                0x08004064                HAL_GPIO_ReadPin
 .text.HAL_GPIO_WritePin
                0x08004072        0xc CMakeFiles/carNoTiOld.elf.dir/Drivers/STM32H7xx_HAL_Driver/Src/stm32h7xx_hal_gpio.c.obj
                0x08004072                HAL_GPIO_WritePin
 .text.I2C_Flush_TXDR
                0x0800407e       0x22 CMakeFiles/carNoTiOld.elf.dir/Drivers/STM32H7xx_HAL_Driver/Src/stm32h7xx_hal_i2c.c.obj
 .text.I2C_TransferConfig
                0x080040a0       0x3c CMakeFiles/carNoTiOld.elf.dir/Drivers/STM32H7xx_HAL_Driver/Src/stm32h7xx_hal_i2c.c.obj
 .text.I2C_IsErrorOccurred
                0x080040dc      0x118 CMakeFiles/carNoTiOld.elf.dir/Drivers/STM32H7xx_HAL_Driver/Src/stm32h7xx_hal_i2c.c.obj
 .text.I2C_WaitOnTXISFlagUntilTimeout
                0x080041f4       0x60 CMakeFiles/carNoTiOld.elf.dir/Drivers/STM32H7xx_HAL_Driver/Src/stm32h7xx_hal_i2c.c.obj
 .text.I2C_WaitOnFlagUntilTimeout
                0x08004254       0x7c CMakeFiles/carNoTiOld.elf.dir/Drivers/STM32H7xx_HAL_Driver/Src/stm32h7xx_hal_i2c.c.obj
 .text.I2C_RequestMemoryRead
                0x080042d0       0x78 CMakeFiles/carNoTiOld.elf.dir/Drivers/STM32H7xx_HAL_Driver/Src/stm32h7xx_hal_i2c.c.obj
 .text.I2C_WaitOnSTOPFlagUntilTimeout
                0x08004348       0x5e CMakeFiles/carNoTiOld.elf.dir/Drivers/STM32H7xx_HAL_Driver/Src/stm32h7xx_hal_i2c.c.obj
 *fill*         0x080043a6        0x2 
 .text.HAL_I2C_Init
                0x080043a8       0xc8 CMakeFiles/carNoTiOld.elf.dir/Drivers/STM32H7xx_HAL_Driver/Src/stm32h7xx_hal_i2c.c.obj
                0x080043a8                HAL_I2C_Init
 .text.HAL_I2C_Mem_Read
                0x08004470      0x1b0 CMakeFiles/carNoTiOld.elf.dir/Drivers/STM32H7xx_HAL_Driver/Src/stm32h7xx_hal_i2c.c.obj
                0x08004470                HAL_I2C_Mem_Read
 .text.HAL_I2CEx_ConfigAnalogFilter
                0x08004620       0x5c CMakeFiles/carNoTiOld.elf.dir/Drivers/STM32H7xx_HAL_Driver/Src/stm32h7xx_hal_i2c_ex.c.obj
                0x08004620                HAL_I2CEx_ConfigAnalogFilter
 .text.HAL_I2CEx_ConfigDigitalFilter
                0x0800467c       0x58 CMakeFiles/carNoTiOld.elf.dir/Drivers/STM32H7xx_HAL_Driver/Src/stm32h7xx_hal_i2c_ex.c.obj
                0x0800467c                HAL_I2CEx_ConfigDigitalFilter
 .text.HAL_PWREx_ConfigSupply
                0x080046d4       0x54 CMakeFiles/carNoTiOld.elf.dir/Drivers/STM32H7xx_HAL_Driver/Src/stm32h7xx_hal_pwr_ex.c.obj
                0x080046d4                HAL_PWREx_ConfigSupply
 .text.HAL_RCC_OscConfig
                0x08004728      0x6b0 CMakeFiles/carNoTiOld.elf.dir/Drivers/STM32H7xx_HAL_Driver/Src/stm32h7xx_hal_rcc.c.obj
                0x08004728                HAL_RCC_OscConfig
 .text.HAL_RCC_GetSysClockFreq
                0x08004dd8      0x1f8 CMakeFiles/carNoTiOld.elf.dir/Drivers/STM32H7xx_HAL_Driver/Src/stm32h7xx_hal_rcc.c.obj
                0x08004dd8                HAL_RCC_GetSysClockFreq
 .text.HAL_RCC_ClockConfig
                0x08004fd0      0x294 CMakeFiles/carNoTiOld.elf.dir/Drivers/STM32H7xx_HAL_Driver/Src/stm32h7xx_hal_rcc.c.obj
                0x08004fd0                HAL_RCC_ClockConfig
 .text.HAL_RCC_GetHCLKFreq
                0x08005264       0x44 CMakeFiles/carNoTiOld.elf.dir/Drivers/STM32H7xx_HAL_Driver/Src/stm32h7xx_hal_rcc.c.obj
                0x08005264                HAL_RCC_GetHCLKFreq
 .text.HAL_RCC_GetPCLK1Freq
                0x080052a8       0x24 CMakeFiles/carNoTiOld.elf.dir/Drivers/STM32H7xx_HAL_Driver/Src/stm32h7xx_hal_rcc.c.obj
                0x080052a8                HAL_RCC_GetPCLK1Freq
 .text.HAL_RCC_GetPCLK2Freq
                0x080052cc       0x24 CMakeFiles/carNoTiOld.elf.dir/Drivers/STM32H7xx_HAL_Driver/Src/stm32h7xx_hal_rcc.c.obj
                0x080052cc                HAL_RCC_GetPCLK2Freq
 .text.HAL_RCC_GetClockConfig
                0x080052f0       0x54 CMakeFiles/carNoTiOld.elf.dir/Drivers/STM32H7xx_HAL_Driver/Src/stm32h7xx_hal_rcc.c.obj
                0x080052f0                HAL_RCC_GetClockConfig
 .text.RCCEx_PLL2_Config
                0x08005344      0x108 CMakeFiles/carNoTiOld.elf.dir/Drivers/STM32H7xx_HAL_Driver/Src/stm32h7xx_hal_rcc_ex.c.obj
 .text.RCCEx_PLL3_Config
                0x0800544c      0x108 CMakeFiles/carNoTiOld.elf.dir/Drivers/STM32H7xx_HAL_Driver/Src/stm32h7xx_hal_rcc_ex.c.obj
 .text.HAL_RCCEx_PeriphCLKConfig
                0x08005554      0xaac CMakeFiles/carNoTiOld.elf.dir/Drivers/STM32H7xx_HAL_Driver/Src/stm32h7xx_hal_rcc_ex.c.obj
                0x08005554                HAL_RCCEx_PeriphCLKConfig
 .text.HAL_RCCEx_GetD3PCLK1Freq
                0x08006000       0x24 CMakeFiles/carNoTiOld.elf.dir/Drivers/STM32H7xx_HAL_Driver/Src/stm32h7xx_hal_rcc_ex.c.obj
                0x08006000                HAL_RCCEx_GetD3PCLK1Freq
 .text.HAL_RCCEx_GetPLL2ClockFreq
                0x08006024      0x200 CMakeFiles/carNoTiOld.elf.dir/Drivers/STM32H7xx_HAL_Driver/Src/stm32h7xx_hal_rcc_ex.c.obj
                0x08006024                HAL_RCCEx_GetPLL2ClockFreq
 .text.HAL_RCCEx_GetPLL3ClockFreq
                0x08006224      0x200 CMakeFiles/carNoTiOld.elf.dir/Drivers/STM32H7xx_HAL_Driver/Src/stm32h7xx_hal_rcc_ex.c.obj
                0x08006224                HAL_RCCEx_GetPLL3ClockFreq
 .text.HAL_RCCEx_GetPLL1ClockFreq
                0x08006424      0x200 CMakeFiles/carNoTiOld.elf.dir/Drivers/STM32H7xx_HAL_Driver/Src/stm32h7xx_hal_rcc_ex.c.obj
                0x08006424                HAL_RCCEx_GetPLL1ClockFreq
 .text.HAL_RCCEx_GetPeriphCLKFreq
                0x08006624      0x6dc CMakeFiles/carNoTiOld.elf.dir/Drivers/STM32H7xx_HAL_Driver/Src/stm32h7xx_hal_rcc_ex.c.obj
                0x08006624                HAL_RCCEx_GetPeriphCLKFreq
 .text.TIM_OC1_SetConfig
                0x08006d00       0xa4 CMakeFiles/carNoTiOld.elf.dir/Drivers/STM32H7xx_HAL_Driver/Src/stm32h7xx_hal_tim.c.obj
 .text.TIM_OC3_SetConfig
                0x08006da4       0x94 CMakeFiles/carNoTiOld.elf.dir/Drivers/STM32H7xx_HAL_Driver/Src/stm32h7xx_hal_tim.c.obj
 .text.TIM_OC4_SetConfig
                0x08006e38       0x74 CMakeFiles/carNoTiOld.elf.dir/Drivers/STM32H7xx_HAL_Driver/Src/stm32h7xx_hal_tim.c.obj
 .text.TIM_OC5_SetConfig
                0x08006eac       0x74 CMakeFiles/carNoTiOld.elf.dir/Drivers/STM32H7xx_HAL_Driver/Src/stm32h7xx_hal_tim.c.obj
 .text.TIM_OC6_SetConfig
                0x08006f20       0x74 CMakeFiles/carNoTiOld.elf.dir/Drivers/STM32H7xx_HAL_Driver/Src/stm32h7xx_hal_tim.c.obj
 .text.TIM_TI1_ConfigInputStage
                0x08006f94       0x26 CMakeFiles/carNoTiOld.elf.dir/Drivers/STM32H7xx_HAL_Driver/Src/stm32h7xx_hal_tim.c.obj
 .text.TIM_TI2_ConfigInputStage
                0x08006fba       0x28 CMakeFiles/carNoTiOld.elf.dir/Drivers/STM32H7xx_HAL_Driver/Src/stm32h7xx_hal_tim.c.obj
 *fill*         0x08006fe2        0x2 
 .text.TIM_ITRx_SetConfig
                0x08006fe4       0x14 CMakeFiles/carNoTiOld.elf.dir/Drivers/STM32H7xx_HAL_Driver/Src/stm32h7xx_hal_tim.c.obj
 .text.HAL_TIM_Base_Start_IT
                0x08006ff8       0x90 CMakeFiles/carNoTiOld.elf.dir/Drivers/STM32H7xx_HAL_Driver/Src/stm32h7xx_hal_tim.c.obj
                0x08006ff8                HAL_TIM_Base_Start_IT
 .text.HAL_TIM_OC_DelayElapsedCallback
                0x08007088        0x2 CMakeFiles/carNoTiOld.elf.dir/Drivers/STM32H7xx_HAL_Driver/Src/stm32h7xx_hal_tim.c.obj
                0x08007088                HAL_TIM_OC_DelayElapsedCallback
 .text.HAL_TIM_IC_CaptureCallback
                0x0800708a        0x2 CMakeFiles/carNoTiOld.elf.dir/Drivers/STM32H7xx_HAL_Driver/Src/stm32h7xx_hal_tim.c.obj
                0x0800708a                HAL_TIM_IC_CaptureCallback
 .text.HAL_TIM_PWM_PulseFinishedCallback
                0x0800708c        0x2 CMakeFiles/carNoTiOld.elf.dir/Drivers/STM32H7xx_HAL_Driver/Src/stm32h7xx_hal_tim.c.obj
                0x0800708c                HAL_TIM_PWM_PulseFinishedCallback
 .text.HAL_TIM_TriggerCallback
                0x0800708e        0x2 CMakeFiles/carNoTiOld.elf.dir/Drivers/STM32H7xx_HAL_Driver/Src/stm32h7xx_hal_tim.c.obj
                0x0800708e                HAL_TIM_TriggerCallback
 .text.HAL_TIM_IRQHandler
                0x08007090      0x17a CMakeFiles/carNoTiOld.elf.dir/Drivers/STM32H7xx_HAL_Driver/Src/stm32h7xx_hal_tim.c.obj
                0x08007090                HAL_TIM_IRQHandler
 *fill*         0x0800720a        0x2 
 .text.TIM_Base_SetConfig
                0x0800720c      0x104 CMakeFiles/carNoTiOld.elf.dir/Drivers/STM32H7xx_HAL_Driver/Src/stm32h7xx_hal_tim.c.obj
                0x0800720c                TIM_Base_SetConfig
 .text.HAL_TIM_Base_Init
                0x08007310       0x60 CMakeFiles/carNoTiOld.elf.dir/Drivers/STM32H7xx_HAL_Driver/Src/stm32h7xx_hal_tim.c.obj
                0x08007310                HAL_TIM_Base_Init
 .text.HAL_TIM_PWM_Init
                0x08007370       0x60 CMakeFiles/carNoTiOld.elf.dir/Drivers/STM32H7xx_HAL_Driver/Src/stm32h7xx_hal_tim.c.obj
                0x08007370                HAL_TIM_PWM_Init
 .text.HAL_TIM_Encoder_Init
                0x080073d0       0xb0 CMakeFiles/carNoTiOld.elf.dir/Drivers/STM32H7xx_HAL_Driver/Src/stm32h7xx_hal_tim.c.obj
                0x080073d0                HAL_TIM_Encoder_Init
 .text.TIM_OC2_SetConfig
                0x08007480       0x94 CMakeFiles/carNoTiOld.elf.dir/Drivers/STM32H7xx_HAL_Driver/Src/stm32h7xx_hal_tim.c.obj
                0x08007480                TIM_OC2_SetConfig
 .text.HAL_TIM_PWM_ConfigChannel
                0x08007514      0x13a CMakeFiles/carNoTiOld.elf.dir/Drivers/STM32H7xx_HAL_Driver/Src/stm32h7xx_hal_tim.c.obj
                0x08007514                HAL_TIM_PWM_ConfigChannel
 .text.TIM_ETR_SetConfig
                0x0800764e       0x1a CMakeFiles/carNoTiOld.elf.dir/Drivers/STM32H7xx_HAL_Driver/Src/stm32h7xx_hal_tim.c.obj
                0x0800764e                TIM_ETR_SetConfig
 .text.HAL_TIM_ConfigClockSource
                0x08007668      0x138 CMakeFiles/carNoTiOld.elf.dir/Drivers/STM32H7xx_HAL_Driver/Src/stm32h7xx_hal_tim.c.obj
                0x08007668                HAL_TIM_ConfigClockSource
 .text.TIM_CCxChannelCmd
                0x080077a0       0x1e CMakeFiles/carNoTiOld.elf.dir/Drivers/STM32H7xx_HAL_Driver/Src/stm32h7xx_hal_tim.c.obj
                0x080077a0                TIM_CCxChannelCmd
 *fill*         0x080077be        0x2 
 .text.HAL_TIM_PWM_Start
                0x080077c0      0x170 CMakeFiles/carNoTiOld.elf.dir/Drivers/STM32H7xx_HAL_Driver/Src/stm32h7xx_hal_tim.c.obj
                0x080077c0                HAL_TIM_PWM_Start
 .text.HAL_TIM_Encoder_Start
                0x08007930       0xc8 CMakeFiles/carNoTiOld.elf.dir/Drivers/STM32H7xx_HAL_Driver/Src/stm32h7xx_hal_tim.c.obj
                0x08007930                HAL_TIM_Encoder_Start
 .text.HAL_TIMEx_MasterConfigSynchronization
                0x080079f8       0xa0 CMakeFiles/carNoTiOld.elf.dir/Drivers/STM32H7xx_HAL_Driver/Src/stm32h7xx_hal_tim_ex.c.obj
                0x080079f8                HAL_TIMEx_MasterConfigSynchronization
 .text.HAL_TIMEx_ConfigBreakDeadTime
                0x08007a98       0x90 CMakeFiles/carNoTiOld.elf.dir/Drivers/STM32H7xx_HAL_Driver/Src/stm32h7xx_hal_tim_ex.c.obj
                0x08007a98                HAL_TIMEx_ConfigBreakDeadTime
 .text.HAL_TIMEx_CommutCallback
                0x08007b28        0x2 CMakeFiles/carNoTiOld.elf.dir/Drivers/STM32H7xx_HAL_Driver/Src/stm32h7xx_hal_tim_ex.c.obj
                0x08007b28                HAL_TIMEx_CommutCallback
 .text.HAL_TIMEx_BreakCallback
                0x08007b2a        0x2 CMakeFiles/carNoTiOld.elf.dir/Drivers/STM32H7xx_HAL_Driver/Src/stm32h7xx_hal_tim_ex.c.obj
                0x08007b2a                HAL_TIMEx_BreakCallback
 .text.HAL_TIMEx_Break2Callback
                0x08007b2c        0x2 CMakeFiles/carNoTiOld.elf.dir/Drivers/STM32H7xx_HAL_Driver/Src/stm32h7xx_hal_tim_ex.c.obj
                0x08007b2c                HAL_TIMEx_Break2Callback
 *fill*         0x08007b2e        0x2 
 .text.UART_EndRxTransfer
                0x08007b30       0x58 CMakeFiles/carNoTiOld.elf.dir/Drivers/STM32H7xx_HAL_Driver/Src/stm32h7xx_hal_uart.c.obj
 .text.HAL_UART_TxCpltCallback
                0x08007b88        0x2 CMakeFiles/carNoTiOld.elf.dir/Drivers/STM32H7xx_HAL_Driver/Src/stm32h7xx_hal_uart.c.obj
                0x08007b88                HAL_UART_TxCpltCallback
 .text.UART_EndTransmit_IT
                0x08007b8a       0x24 CMakeFiles/carNoTiOld.elf.dir/Drivers/STM32H7xx_HAL_Driver/Src/stm32h7xx_hal_uart.c.obj
 .text.HAL_UART_ErrorCallback
                0x08007bae        0x2 CMakeFiles/carNoTiOld.elf.dir/Drivers/STM32H7xx_HAL_Driver/Src/stm32h7xx_hal_uart.c.obj
                0x08007bae                HAL_UART_ErrorCallback
 .text.UART_DMAAbortOnError
                0x08007bb0       0x10 CMakeFiles/carNoTiOld.elf.dir/Drivers/STM32H7xx_HAL_Driver/Src/stm32h7xx_hal_uart.c.obj
 .text.HAL_UARTEx_RxEventCallback
                0x08007bc0        0x2 CMakeFiles/carNoTiOld.elf.dir/Drivers/STM32H7xx_HAL_Driver/Src/stm32h7xx_hal_uart.c.obj
                0x08007bc0                HAL_UARTEx_RxEventCallback
 *fill*         0x08007bc2        0x2 
 .text.HAL_UART_IRQHandler
                0x08007bc4      0x3d0 CMakeFiles/carNoTiOld.elf.dir/Drivers/STM32H7xx_HAL_Driver/Src/stm32h7xx_hal_uart.c.obj
                0x08007bc4                HAL_UART_IRQHandler
 .text.UART_RxISR_8BIT
                0x08007f94       0xdc CMakeFiles/carNoTiOld.elf.dir/Drivers/STM32H7xx_HAL_Driver/Src/stm32h7xx_hal_uart.c.obj
 .text.UART_RxISR_16BIT
                0x08008070       0xd8 CMakeFiles/carNoTiOld.elf.dir/Drivers/STM32H7xx_HAL_Driver/Src/stm32h7xx_hal_uart.c.obj
 .text.UART_RxISR_8BIT_FIFOEN
                0x08008148      0x1c8 CMakeFiles/carNoTiOld.elf.dir/Drivers/STM32H7xx_HAL_Driver/Src/stm32h7xx_hal_uart.c.obj
 .text.UART_RxISR_16BIT_FIFOEN
                0x08008310      0x1c8 CMakeFiles/carNoTiOld.elf.dir/Drivers/STM32H7xx_HAL_Driver/Src/stm32h7xx_hal_uart.c.obj
 .text.UART_SetConfig
                0x080084d8      0x5fc CMakeFiles/carNoTiOld.elf.dir/Drivers/STM32H7xx_HAL_Driver/Src/stm32h7xx_hal_uart.c.obj
                0x080084d8                UART_SetConfig
 .text.UART_AdvFeatureConfig
                0x08008ad4       0xca CMakeFiles/carNoTiOld.elf.dir/Drivers/STM32H7xx_HAL_Driver/Src/stm32h7xx_hal_uart.c.obj
                0x08008ad4                UART_AdvFeatureConfig
 .text.UART_WaitOnFlagUntilTimeout
                0x08008b9e       0xa6 CMakeFiles/carNoTiOld.elf.dir/Drivers/STM32H7xx_HAL_Driver/Src/stm32h7xx_hal_uart.c.obj
                0x08008b9e                UART_WaitOnFlagUntilTimeout
 .text.HAL_UART_Transmit
                0x08008c44       0xd0 CMakeFiles/carNoTiOld.elf.dir/Drivers/STM32H7xx_HAL_Driver/Src/stm32h7xx_hal_uart.c.obj
                0x08008c44                HAL_UART_Transmit
 .text.UART_CheckIdleState
                0x08008d14       0xca CMakeFiles/carNoTiOld.elf.dir/Drivers/STM32H7xx_HAL_Driver/Src/stm32h7xx_hal_uart.c.obj
                0x08008d14                UART_CheckIdleState
 .text.HAL_UART_Init
                0x08008dde       0x66 CMakeFiles/carNoTiOld.elf.dir/Drivers/STM32H7xx_HAL_Driver/Src/stm32h7xx_hal_uart.c.obj
                0x08008dde                HAL_UART_Init
 .text.UART_Start_Receive_IT
                0x08008e44      0x13c CMakeFiles/carNoTiOld.elf.dir/Drivers/STM32H7xx_HAL_Driver/Src/stm32h7xx_hal_uart.c.obj
                0x08008e44                UART_Start_Receive_IT
 .text.HAL_UART_Receive_IT
                0x08008f80       0x4c CMakeFiles/carNoTiOld.elf.dir/Drivers/STM32H7xx_HAL_Driver/Src/stm32h7xx_hal_uart.c.obj
                0x08008f80                HAL_UART_Receive_IT
 .text.UARTEx_SetNbDataToProcess
                0x08008fcc       0x4c CMakeFiles/carNoTiOld.elf.dir/Drivers/STM32H7xx_HAL_Driver/Src/stm32h7xx_hal_uart_ex.c.obj
 .text.HAL_UARTEx_WakeupCallback
                0x08009018        0x2 CMakeFiles/carNoTiOld.elf.dir/Drivers/STM32H7xx_HAL_Driver/Src/stm32h7xx_hal_uart_ex.c.obj
                0x08009018                HAL_UARTEx_WakeupCallback
 .text.HAL_UARTEx_RxFifoFullCallback
                0x0800901a        0x2 CMakeFiles/carNoTiOld.elf.dir/Drivers/STM32H7xx_HAL_Driver/Src/stm32h7xx_hal_uart_ex.c.obj
                0x0800901a                HAL_UARTEx_RxFifoFullCallback
 .text.HAL_UARTEx_TxFifoEmptyCallback
                0x0800901c        0x2 CMakeFiles/carNoTiOld.elf.dir/Drivers/STM32H7xx_HAL_Driver/Src/stm32h7xx_hal_uart_ex.c.obj
                0x0800901c                HAL_UARTEx_TxFifoEmptyCallback
 .text.HAL_UARTEx_DisableFifoMode
                0x0800901e       0x3e CMakeFiles/carNoTiOld.elf.dir/Drivers/STM32H7xx_HAL_Driver/Src/stm32h7xx_hal_uart_ex.c.obj
                0x0800901e                HAL_UARTEx_DisableFifoMode
 .text.HAL_UARTEx_SetTxFifoThreshold
                0x0800905c       0x4a CMakeFiles/carNoTiOld.elf.dir/Drivers/STM32H7xx_HAL_Driver/Src/stm32h7xx_hal_uart_ex.c.obj
                0x0800905c                HAL_UARTEx_SetTxFifoThreshold
 .text.HAL_UARTEx_SetRxFifoThreshold
                0x080090a6       0x4a CMakeFiles/carNoTiOld.elf.dir/Drivers/STM32H7xx_HAL_Driver/Src/stm32h7xx_hal_uart_ex.c.obj
                0x080090a6                HAL_UARTEx_SetRxFifoThreshold
 .text.SysTick_Handler
                0x080090f0       0x18 CMakeFiles/carNoTiOld.elf.dir/Middlewares/Third_Party/FreeRTOS/Source/CMSIS_RTOS_V2/cmsis_os2.c.obj
                0x080090f0                SysTick_Handler
 .text.osKernelInitialize
                0x08009108       0x24 CMakeFiles/carNoTiOld.elf.dir/Middlewares/Third_Party/FreeRTOS/Source/CMSIS_RTOS_V2/cmsis_os2.c.obj
                0x08009108                osKernelInitialize
 .text.osKernelStart
                0x0800912c       0x38 CMakeFiles/carNoTiOld.elf.dir/Middlewares/Third_Party/FreeRTOS/Source/CMSIS_RTOS_V2/cmsis_os2.c.obj
                0x0800912c                osKernelStart
 .text.osThreadNew
                0x08009164       0xbe CMakeFiles/carNoTiOld.elf.dir/Middlewares/Third_Party/FreeRTOS/Source/CMSIS_RTOS_V2/cmsis_os2.c.obj
                0x08009164                osThreadNew
 .text.osDelay  0x08009222       0x1c CMakeFiles/carNoTiOld.elf.dir/Middlewares/Third_Party/FreeRTOS/Source/CMSIS_RTOS_V2/cmsis_os2.c.obj
                0x08009222                osDelay
 .text.osMessageQueueNew
                0x0800923e       0x98 CMakeFiles/carNoTiOld.elf.dir/Middlewares/Third_Party/FreeRTOS/Source/CMSIS_RTOS_V2/cmsis_os2.c.obj
                0x0800923e                osMessageQueueNew
 .text.osMessageQueuePut
                0x080092d6       0x80 CMakeFiles/carNoTiOld.elf.dir/Middlewares/Third_Party/FreeRTOS/Source/CMSIS_RTOS_V2/cmsis_os2.c.obj
                0x080092d6                osMessageQueuePut
 .text.osMessageQueueGet
                0x08009356       0x7e CMakeFiles/carNoTiOld.elf.dir/Middlewares/Third_Party/FreeRTOS/Source/CMSIS_RTOS_V2/cmsis_os2.c.obj
                0x08009356                osMessageQueueGet
 .text.vApplicationGetIdleTaskMemory
                0x080093d4       0x18 CMakeFiles/carNoTiOld.elf.dir/Middlewares/Third_Party/FreeRTOS/Source/CMSIS_RTOS_V2/cmsis_os2.c.obj
                0x080093d4                vApplicationGetIdleTaskMemory
 .text.vApplicationGetTimerTaskMemory
                0x080093ec       0x18 CMakeFiles/carNoTiOld.elf.dir/Middlewares/Third_Party/FreeRTOS/Source/CMSIS_RTOS_V2/cmsis_os2.c.obj
                0x080093ec                vApplicationGetTimerTaskMemory
 .text.vListInitialise
                0x08009404       0x16 CMakeFiles/carNoTiOld.elf.dir/Middlewares/Third_Party/FreeRTOS/Source/list.c.obj
                0x08009404                vListInitialise
 .text.vListInitialiseItem
                0x0800941a        0x6 CMakeFiles/carNoTiOld.elf.dir/Middlewares/Third_Party/FreeRTOS/Source/list.c.obj
                0x0800941a                vListInitialiseItem
 .text.vListInsertEnd
                0x08009420       0x16 CMakeFiles/carNoTiOld.elf.dir/Middlewares/Third_Party/FreeRTOS/Source/list.c.obj
                0x08009420                vListInsertEnd
 .text.vListInsert
                0x08009436       0x32 CMakeFiles/carNoTiOld.elf.dir/Middlewares/Third_Party/FreeRTOS/Source/list.c.obj
                0x08009436                vListInsert
 .text.uxListRemove
                0x08009468       0x26 CMakeFiles/carNoTiOld.elf.dir/Middlewares/Third_Party/FreeRTOS/Source/list.c.obj
                0x08009468                uxListRemove
 *fill*         0x0800948e        0x2 
 .text.prvTaskExitError
                0x08009490       0x40 CMakeFiles/carNoTiOld.elf.dir/Middlewares/Third_Party/FreeRTOS/Source/portable/GCC/ARM_CM4F/port.c.obj
 .text.prvPortStartFirstTask
                0x080094d0       0x28 CMakeFiles/carNoTiOld.elf.dir/Middlewares/Third_Party/FreeRTOS/Source/portable/GCC/ARM_CM4F/port.c.obj
 .text.vPortEnableVFP
                0x080094f8       0x14 CMakeFiles/carNoTiOld.elf.dir/Middlewares/Third_Party/FreeRTOS/Source/portable/GCC/ARM_CM4F/port.c.obj
 .text.pxPortInitialiseStack
                0x0800950c       0x2c CMakeFiles/carNoTiOld.elf.dir/Middlewares/Third_Party/FreeRTOS/Source/portable/GCC/ARM_CM4F/port.c.obj
                0x0800950c                pxPortInitialiseStack
 *fill*         0x08009538        0x8 
 .text.SVC_Handler
                0x08009540       0x24 CMakeFiles/carNoTiOld.elf.dir/Middlewares/Third_Party/FreeRTOS/Source/portable/GCC/ARM_CM4F/port.c.obj
                0x08009540                SVC_Handler
 .text.vPortEnterCritical
                0x08009564       0x44 CMakeFiles/carNoTiOld.elf.dir/Middlewares/Third_Party/FreeRTOS/Source/portable/GCC/ARM_CM4F/port.c.obj
                0x08009564                vPortEnterCritical
 .text.vPortExitCritical
                0x080095a8       0x2c CMakeFiles/carNoTiOld.elf.dir/Middlewares/Third_Party/FreeRTOS/Source/portable/GCC/ARM_CM4F/port.c.obj
                0x080095a8                vPortExitCritical
 *fill*         0x080095d4        0xc 
 .text.PendSV_Handler
                0x080095e0       0x64 CMakeFiles/carNoTiOld.elf.dir/Middlewares/Third_Party/FreeRTOS/Source/portable/GCC/ARM_CM4F/port.c.obj
                0x080095e0                PendSV_Handler
 .text.xPortSysTickHandler
                0x08009644       0x2c CMakeFiles/carNoTiOld.elf.dir/Middlewares/Third_Party/FreeRTOS/Source/portable/GCC/ARM_CM4F/port.c.obj
                0x08009644                xPortSysTickHandler
 .text.vPortSetupTimerInterrupt
                0x08009670       0x28 CMakeFiles/carNoTiOld.elf.dir/Middlewares/Third_Party/FreeRTOS/Source/portable/GCC/ARM_CM4F/port.c.obj
                0x08009670                vPortSetupTimerInterrupt
 .text.xPortStartScheduler
                0x08009698      0x118 CMakeFiles/carNoTiOld.elf.dir/Middlewares/Third_Party/FreeRTOS/Source/portable/GCC/ARM_CM4F/port.c.obj
                0x08009698                xPortStartScheduler
 .text.vPortValidateInterruptPriority
                0x080097b0       0x5c CMakeFiles/carNoTiOld.elf.dir/Middlewares/Third_Party/FreeRTOS/Source/portable/GCC/ARM_CM4F/port.c.obj
                0x080097b0                vPortValidateInterruptPriority
 .text.prvHeapInit
                0x0800980c       0x64 CMakeFiles/carNoTiOld.elf.dir/Middlewares/Third_Party/FreeRTOS/Source/portable/MemMang/heap_4.c.obj
 .text.prvInsertBlockIntoFreeList
                0x08009870       0x64 CMakeFiles/carNoTiOld.elf.dir/Middlewares/Third_Party/FreeRTOS/Source/portable/MemMang/heap_4.c.obj
 .text.pvPortMalloc
                0x080098d4      0x104 CMakeFiles/carNoTiOld.elf.dir/Middlewares/Third_Party/FreeRTOS/Source/portable/MemMang/heap_4.c.obj
                0x080098d4                pvPortMalloc
 .text.vPortFree
                0x080099d8       0x7c CMakeFiles/carNoTiOld.elf.dir/Middlewares/Third_Party/FreeRTOS/Source/portable/MemMang/heap_4.c.obj
                0x080099d8                vPortFree
 .text.prvIsQueueFull
                0x08009a54       0x1e CMakeFiles/carNoTiOld.elf.dir/Middlewares/Third_Party/FreeRTOS/Source/queue.c.obj
 .text.prvIsQueueEmpty
                0x08009a72       0x1a CMakeFiles/carNoTiOld.elf.dir/Middlewares/Third_Party/FreeRTOS/Source/queue.c.obj
 .text.prvCopyDataToQueue
                0x08009a8c       0x76 CMakeFiles/carNoTiOld.elf.dir/Middlewares/Third_Party/FreeRTOS/Source/queue.c.obj
 .text.prvCopyDataFromQueue
                0x08009b02       0x24 CMakeFiles/carNoTiOld.elf.dir/Middlewares/Third_Party/FreeRTOS/Source/queue.c.obj
 .text.prvUnlockQueue
                0x08009b26       0x6e CMakeFiles/carNoTiOld.elf.dir/Middlewares/Third_Party/FreeRTOS/Source/queue.c.obj
 .text.xQueueGenericReset
                0x08009b94       0x84 CMakeFiles/carNoTiOld.elf.dir/Middlewares/Third_Party/FreeRTOS/Source/queue.c.obj
                0x08009b94                xQueueGenericReset
 .text.prvInitialiseNewQueue
                0x08009c18       0x22 CMakeFiles/carNoTiOld.elf.dir/Middlewares/Third_Party/FreeRTOS/Source/queue.c.obj
 .text.xQueueGenericCreateStatic
                0x08009c3a       0xa6 CMakeFiles/carNoTiOld.elf.dir/Middlewares/Third_Party/FreeRTOS/Source/queue.c.obj
                0x08009c3a                xQueueGenericCreateStatic
 .text.xQueueGenericCreate
                0x08009ce0       0x48 CMakeFiles/carNoTiOld.elf.dir/Middlewares/Third_Party/FreeRTOS/Source/queue.c.obj
                0x08009ce0                xQueueGenericCreate
 .text.xQueueGenericSend
                0x08009d28      0x188 CMakeFiles/carNoTiOld.elf.dir/Middlewares/Third_Party/FreeRTOS/Source/queue.c.obj
                0x08009d28                xQueueGenericSend
 .text.xQueueGenericSendFromISR
                0x08009eb0       0xce CMakeFiles/carNoTiOld.elf.dir/Middlewares/Third_Party/FreeRTOS/Source/queue.c.obj
                0x08009eb0                xQueueGenericSendFromISR
 .text.xQueueReceive
                0x08009f7e      0x15e CMakeFiles/carNoTiOld.elf.dir/Middlewares/Third_Party/FreeRTOS/Source/queue.c.obj
                0x08009f7e                xQueueReceive
 .text.xQueueReceiveFromISR
                0x0800a0dc       0xae CMakeFiles/carNoTiOld.elf.dir/Middlewares/Third_Party/FreeRTOS/Source/queue.c.obj
                0x0800a0dc                xQueueReceiveFromISR
 *fill*         0x0800a18a        0x2 
 .text.vQueueAddToRegistry
                0x0800a18c       0x28 CMakeFiles/carNoTiOld.elf.dir/Middlewares/Third_Party/FreeRTOS/Source/queue.c.obj
                0x0800a18c                vQueueAddToRegistry
 .text.vQueueWaitForMessageRestricted
                0x0800a1b4       0x52 CMakeFiles/carNoTiOld.elf.dir/Middlewares/Third_Party/FreeRTOS/Source/queue.c.obj
                0x0800a1b4                vQueueWaitForMessageRestricted
 *fill*         0x0800a206        0x2 
 .text.prvResetNextTaskUnblockTime
                0x0800a208       0x2c CMakeFiles/carNoTiOld.elf.dir/Middlewares/Third_Party/FreeRTOS/Source/tasks.c.obj
 .text.prvInitialiseNewTask
                0x0800a234      0x104 CMakeFiles/carNoTiOld.elf.dir/Middlewares/Third_Party/FreeRTOS/Source/tasks.c.obj
 .text.prvInitialiseTaskLists
                0x0800a338       0x68 CMakeFiles/carNoTiOld.elf.dir/Middlewares/Third_Party/FreeRTOS/Source/tasks.c.obj
 .text.prvAddNewTaskToReadyList
                0x0800a3a0       0xac CMakeFiles/carNoTiOld.elf.dir/Middlewares/Third_Party/FreeRTOS/Source/tasks.c.obj
 .text.prvDeleteTCB
                0x0800a44c       0x40 CMakeFiles/carNoTiOld.elf.dir/Middlewares/Third_Party/FreeRTOS/Source/tasks.c.obj
 .text.prvCheckTasksWaitingTermination
                0x0800a48c       0x4c CMakeFiles/carNoTiOld.elf.dir/Middlewares/Third_Party/FreeRTOS/Source/tasks.c.obj
 .text.prvIdleTask
                0x0800a4d8       0x28 CMakeFiles/carNoTiOld.elf.dir/Middlewares/Third_Party/FreeRTOS/Source/tasks.c.obj
 .text.prvAddCurrentTaskToDelayedList
                0x0800a500       0x84 CMakeFiles/carNoTiOld.elf.dir/Middlewares/Third_Party/FreeRTOS/Source/tasks.c.obj
 .text.xTaskCreateStatic
                0x0800a584       0x7a CMakeFiles/carNoTiOld.elf.dir/Middlewares/Third_Party/FreeRTOS/Source/tasks.c.obj
                0x0800a584                xTaskCreateStatic
 .text.xTaskCreate
                0x0800a5fe       0x66 CMakeFiles/carNoTiOld.elf.dir/Middlewares/Third_Party/FreeRTOS/Source/tasks.c.obj
                0x0800a5fe                xTaskCreate
 .text.vTaskDelete
                0x0800a664       0xb8 CMakeFiles/carNoTiOld.elf.dir/Middlewares/Third_Party/FreeRTOS/Source/tasks.c.obj
                0x0800a664                vTaskDelete
 .text.vTaskStartScheduler
                0x0800a71c       0xac CMakeFiles/carNoTiOld.elf.dir/Middlewares/Third_Party/FreeRTOS/Source/tasks.c.obj
                0x0800a71c                vTaskStartScheduler
 .text.vTaskSuspendAll
                0x0800a7c8       0x10 CMakeFiles/carNoTiOld.elf.dir/Middlewares/Third_Party/FreeRTOS/Source/tasks.c.obj
                0x0800a7c8                vTaskSuspendAll
 .text.xTaskGetTickCount
                0x0800a7d8        0xc CMakeFiles/carNoTiOld.elf.dir/Middlewares/Third_Party/FreeRTOS/Source/tasks.c.obj
                0x0800a7d8                xTaskGetTickCount
 .text.xTaskIncrementTick
                0x0800a7e4      0x118 CMakeFiles/carNoTiOld.elf.dir/Middlewares/Third_Party/FreeRTOS/Source/tasks.c.obj
                0x0800a7e4                xTaskIncrementTick
 .text.xTaskResumeAll
                0x0800a8fc       0xf8 CMakeFiles/carNoTiOld.elf.dir/Middlewares/Third_Party/FreeRTOS/Source/tasks.c.obj
                0x0800a8fc                xTaskResumeAll
 .text.vTaskDelayUntil
                0x0800a9f4       0xa4 CMakeFiles/carNoTiOld.elf.dir/Middlewares/Third_Party/FreeRTOS/Source/tasks.c.obj
                0x0800a9f4                vTaskDelayUntil
 .text.vTaskDelay
                0x0800aa98       0x4c CMakeFiles/carNoTiOld.elf.dir/Middlewares/Third_Party/FreeRTOS/Source/tasks.c.obj
                0x0800aa98                vTaskDelay
 .text.vTaskSwitchContext
                0x0800aae4       0xa4 CMakeFiles/carNoTiOld.elf.dir/Middlewares/Third_Party/FreeRTOS/Source/tasks.c.obj
                0x0800aae4                vTaskSwitchContext
 .text.vTaskPlaceOnEventList
                0x0800ab88       0x30 CMakeFiles/carNoTiOld.elf.dir/Middlewares/Third_Party/FreeRTOS/Source/tasks.c.obj
                0x0800ab88                vTaskPlaceOnEventList
 .text.vTaskPlaceOnEventListRestricted
                0x0800abb8       0x38 CMakeFiles/carNoTiOld.elf.dir/Middlewares/Third_Party/FreeRTOS/Source/tasks.c.obj
                0x0800abb8                vTaskPlaceOnEventListRestricted
 .text.xTaskRemoveFromEventList
                0x0800abf0       0x8c CMakeFiles/carNoTiOld.elf.dir/Middlewares/Third_Party/FreeRTOS/Source/tasks.c.obj
                0x0800abf0                xTaskRemoveFromEventList
 .text.vTaskInternalSetTimeOutState
                0x0800ac7c       0x18 CMakeFiles/carNoTiOld.elf.dir/Middlewares/Third_Party/FreeRTOS/Source/tasks.c.obj
                0x0800ac7c                vTaskInternalSetTimeOutState
 .text.xTaskCheckForTimeOut
                0x0800ac94       0x84 CMakeFiles/carNoTiOld.elf.dir/Middlewares/Third_Party/FreeRTOS/Source/tasks.c.obj
                0x0800ac94                xTaskCheckForTimeOut
 .text.vTaskMissedYield
                0x0800ad18        0xc CMakeFiles/carNoTiOld.elf.dir/Middlewares/Third_Party/FreeRTOS/Source/tasks.c.obj
                0x0800ad18                vTaskMissedYield
 .text.xTaskGetSchedulerState
                0x0800ad24       0x20 CMakeFiles/carNoTiOld.elf.dir/Middlewares/Third_Party/FreeRTOS/Source/tasks.c.obj
                0x0800ad24                xTaskGetSchedulerState
 .text.xTaskPriorityDisinherit
                0x0800ad44       0x90 CMakeFiles/carNoTiOld.elf.dir/Middlewares/Third_Party/FreeRTOS/Source/tasks.c.obj
                0x0800ad44                xTaskPriorityDisinherit
 .text.prvGetNextExpireTime
                0x0800add4       0x20 CMakeFiles/carNoTiOld.elf.dir/Middlewares/Third_Party/FreeRTOS/Source/timers.c.obj
 .text.prvInsertTimerInActiveList
                0x0800adf4       0x50 CMakeFiles/carNoTiOld.elf.dir/Middlewares/Third_Party/FreeRTOS/Source/timers.c.obj
 .text.prvCheckForValidListAndQueue
                0x0800ae44       0x70 CMakeFiles/carNoTiOld.elf.dir/Middlewares/Third_Party/FreeRTOS/Source/timers.c.obj
 .text.xTimerCreateTimerTask
                0x0800aeb4       0x64 CMakeFiles/carNoTiOld.elf.dir/Middlewares/Third_Party/FreeRTOS/Source/timers.c.obj
                0x0800aeb4                xTimerCreateTimerTask
 .text.xTimerGenericCommand
                0x0800af18       0x6c CMakeFiles/carNoTiOld.elf.dir/Middlewares/Third_Party/FreeRTOS/Source/timers.c.obj
                0x0800af18                xTimerGenericCommand
 .text.prvSwitchTimerLists
                0x0800af84       0x7c CMakeFiles/carNoTiOld.elf.dir/Middlewares/Third_Party/FreeRTOS/Source/timers.c.obj
 .text.prvSampleTimeNow
                0x0800b000       0x2c CMakeFiles/carNoTiOld.elf.dir/Middlewares/Third_Party/FreeRTOS/Source/timers.c.obj
 .text.prvProcessExpiredTimer
                0x0800b02c       0x6c CMakeFiles/carNoTiOld.elf.dir/Middlewares/Third_Party/FreeRTOS/Source/timers.c.obj
 .text.prvProcessTimerOrBlockTask
                0x0800b098       0x78 CMakeFiles/carNoTiOld.elf.dir/Middlewares/Third_Party/FreeRTOS/Source/timers.c.obj
 .text.prvProcessReceivedCommands
                0x0800b110      0x10c CMakeFiles/carNoTiOld.elf.dir/Middlewares/Third_Party/FreeRTOS/Source/timers.c.obj
 .text.prvTimerTask
                0x0800b21c       0x16 CMakeFiles/carNoTiOld.elf.dir/Middlewares/Third_Party/FreeRTOS/Source/timers.c.obj
 .text.CalculateCRC
                0x0800b232       0x26 CMakeFiles/carNoTiOld.elf.dir/SYS/C/can_motor_control.c.obj
 .text.CAN_SendFrame
                0x0800b258       0x2c CMakeFiles/carNoTiOld.elf.dir/SYS/C/can_motor_control.c.obj
 .text.MotorControl_Init
                0x0800b284       0x40 CMakeFiles/carNoTiOld.elf.dir/SYS/C/can_motor_control.c.obj
                0x0800b284                MotorControl_Init
 .text.CAN_RxCpltCallback
                0x0800b2c4       0x24 CMakeFiles/carNoTiOld.elf.dir/SYS/C/can_motor_control.c.obj
                0x0800b2c4                CAN_RxCpltCallback
 .text.HAL_FDCAN_RxFifo0Callback
                0x0800b2e8       0x34 CMakeFiles/carNoTiOld.elf.dir/SYS/C/can_motor_control.c.obj
                0x0800b2e8                HAL_FDCAN_RxFifo0Callback
 .text.SpeedModeRun
                0x0800b31c       0x3c CMakeFiles/carNoTiOld.elf.dir/SYS/C/can_motor_control.c.obj
                0x0800b31c                SpeedModeRun
 .text.CAN_ReceiveTask
                0x0800b358       0xd8 CMakeFiles/carNoTiOld.elf.dir/SYS/C/can_motor_control.c.obj
                0x0800b358                CAN_ReceiveTask
 .text.QueryTask
                0x0800b430       0x9e CMakeFiles/carNoTiOld.elf.dir/SYS/C/can_motor_control.c.obj
                0x0800b430                QueryTask
 *fill*         0x0800b4ce        0x2 
 .text.QuestionTask
                0x0800b4d0       0x40 CMakeFiles/carNoTiOld.elf.dir/SYS/C/control.c.obj
                0x0800b4d0                QuestionTask
 .text.yunTaiVelocityControl
                0x0800b510       0xc8 CMakeFiles/carNoTiOld.elf.dir/SYS/C/control.c.obj
                0x0800b510                yunTaiVelocityControl
 .text.detectionAiming
                0x0800b5d8       0x34 CMakeFiles/carNoTiOld.elf.dir/SYS/C/control.c.obj
                0x0800b5d8                detectionAiming
 .text.PID_Init
                0x0800b60c       0x40 CMakeFiles/carNoTiOld.elf.dir/SYS/C/control.c.obj
                0x0800b60c                PID_Init
 .text.ledColorShow
                0x0800b64c      0x128 CMakeFiles/carNoTiOld.elf.dir/SYS/C/control.c.obj
                0x0800b64c                ledColorShow
 .text.stateShow
                0x0800b774      0x104 CMakeFiles/carNoTiOld.elf.dir/SYS/C/control.c.obj
                0x0800b774                stateShow
 .text.controlBegin
                0x0800b878       0x58 CMakeFiles/carNoTiOld.elf.dir/SYS/C/control.c.obj
                0x0800b878                controlBegin
 .text.Position_DataRead
                0x0800b8d0       0xe0 CMakeFiles/carNoTiOld.elf.dir/SYS/C/dataRec.c.obj
                0x0800b8d0                Position_DataRead
 .text.carPositionCalculation
                0x0800b9b0      0x104 CMakeFiles/carNoTiOld.elf.dir/SYS/C/dataRec.c.obj
                0x0800b9b0                carPositionCalculation
 .text.calculate_omega
                0x0800bab4      0x108 CMakeFiles/carNoTiOld.elf.dir/SYS/C/dataRec.c.obj
                0x0800bab4                calculate_omega
 .text.inverseKinematicsTask
                0x0800bbbc      0x1e0 CMakeFiles/carNoTiOld.elf.dir/SYS/C/dataRec.c.obj
                0x0800bbbc                inverseKinematicsTask
 .text.CharToShort
                0x0800bd9c        0xc CMakeFiles/carNoTiOld.elf.dir/SYS/C/dataRec.c.obj
                0x0800bd9c                CharToShort
 .text.JY901_RDDat
                0x0800bda8      0x180 CMakeFiles/carNoTiOld.elf.dir/SYS/C/dataRec.c.obj
                0x0800bda8                JY901_RDDat
 .text.loopTask
                0x0800bf28       0x54 CMakeFiles/carNoTiOld.elf.dir/SYS/C/entry.c.obj
                0x0800bf28                loopTask
 .text.KeyScanTask
                0x0800bf7c      0x10c CMakeFiles/carNoTiOld.elf.dir/SYS/C/entry.c.obj
                0x0800bf7c                KeyScanTask
 .text.setupTask
                0x0800c088      0x150 CMakeFiles/carNoTiOld.elf.dir/SYS/C/entry.c.obj
                0x0800c088                setupTask
 .text.HAL_UART_RxCpltCallback
                0x0800c1d8      0x1a0 CMakeFiles/carNoTiOld.elf.dir/SYS/C/entry.c.obj
                0x0800c1d8                HAL_UART_RxCpltCallback
 .text.aimToDot
                0x0800c378       0x5c CMakeFiles/carNoTiOld.elf.dir/SYS/C/yunTaiQuestion.c.obj
                0x0800c378                aimToDot
 .text.aimAndDot
                0x0800c3d4        0x2 CMakeFiles/carNoTiOld.elf.dir/SYS/C/yunTaiQuestion.c.obj
                0x0800c3d4                aimAndDot
 *fill*         0x0800c3d6        0x2 
 .text.__udivmoddi4
                0x0800c3d8      0x2bc D:/ITapp/arm GNU/13.3 rel1/bin/../lib/gcc/arm-none-eabi/13.3.1/thumb/v7e-m+fp/hard\libgcc.a(_udivmoddi4.o)
                0x0800c3d8                __udivmoddi4
 .text.stdio_exit_handler
                0x0800c694       0x18 D:/ITapp/arm GNU/13.3 rel1/bin/../lib/gcc/arm-none-eabi/13.3.1/thumb/v7e-m+fp/hard\libg.a(libc_a-findfp.o)
 .text.cleanup_stdio
                0x0800c6ac       0x40 D:/ITapp/arm GNU/13.3 rel1/bin/../lib/gcc/arm-none-eabi/13.3.1/thumb/v7e-m+fp/hard\libg.a(libc_a-findfp.o)
 .text.global_stdio_init.part.0
                0x0800c6ec       0xf0 D:/ITapp/arm GNU/13.3 rel1/bin/../lib/gcc/arm-none-eabi/13.3.1/thumb/v7e-m+fp/hard\libg.a(libc_a-findfp.o)
 .text.__sinit  0x0800c7dc       0x3c D:/ITapp/arm GNU/13.3 rel1/bin/../lib/gcc/arm-none-eabi/13.3.1/thumb/v7e-m+fp/hard\libg.a(libc_a-findfp.o)
                0x0800c7dc                __sinit
 .text.__sfp_lock_acquire
                0x0800c818        0xc D:/ITapp/arm GNU/13.3 rel1/bin/../lib/gcc/arm-none-eabi/13.3.1/thumb/v7e-m+fp/hard\libg.a(libc_a-findfp.o)
                0x0800c818                __sfp_lock_acquire
 .text.__sfp_lock_release
                0x0800c824        0xc D:/ITapp/arm GNU/13.3 rel1/bin/../lib/gcc/arm-none-eabi/13.3.1/thumb/v7e-m+fp/hard\libg.a(libc_a-findfp.o)
                0x0800c824                __sfp_lock_release
 .text._fwalk_sglue
                0x0800c830       0x44 D:/ITapp/arm GNU/13.3 rel1/bin/../lib/gcc/arm-none-eabi/13.3.1/thumb/v7e-m+fp/hard\libg.a(libc_a-fwalk.o)
                0x0800c830                _fwalk_sglue
 .text.sprintf  0x0800c874       0x44 D:/ITapp/arm GNU/13.3 rel1/bin/../lib/gcc/arm-none-eabi/13.3.1/thumb/v7e-m+fp/hard\libg.a(libc_a-sprintf.o)
                0x0800c874                sprintf
 .text.__sread  0x0800c8b8       0x24 D:/ITapp/arm GNU/13.3 rel1/bin/../lib/gcc/arm-none-eabi/13.3.1/thumb/v7e-m+fp/hard\libg.a(libc_a-stdio.o)
                0x0800c8b8                __sread
 .text.__swrite
                0x0800c8dc       0x40 D:/ITapp/arm GNU/13.3 rel1/bin/../lib/gcc/arm-none-eabi/13.3.1/thumb/v7e-m+fp/hard\libg.a(libc_a-stdio.o)
                0x0800c8dc                __swrite
 .text.__sseek  0x0800c91c       0x24 D:/ITapp/arm GNU/13.3 rel1/bin/../lib/gcc/arm-none-eabi/13.3.1/thumb/v7e-m+fp/hard\libg.a(libc_a-stdio.o)
                0x0800c91c                __sseek
 .text.__sclose
                0x0800c940        0x8 D:/ITapp/arm GNU/13.3 rel1/bin/../lib/gcc/arm-none-eabi/13.3.1/thumb/v7e-m+fp/hard\libg.a(libc_a-stdio.o)
                0x0800c940                __sclose
 .text.memset   0x0800c948       0xa4 D:/ITapp/arm GNU/13.3 rel1/bin/../lib/gcc/arm-none-eabi/13.3.1/thumb/v7e-m+fp/hard\libg.a(libc_a-memset.o)
                0x0800c948                memset
 .text.strncmp  0x0800c9ec       0x8c D:/ITapp/arm GNU/13.3 rel1/bin/../lib/gcc/arm-none-eabi/13.3.1/thumb/v7e-m+fp/hard\libg.a(libc_a-strncmp.o)
                0x0800c9ec                strncmp
 .text._close_r
                0x0800ca78       0x24 D:/ITapp/arm GNU/13.3 rel1/bin/../lib/gcc/arm-none-eabi/13.3.1/thumb/v7e-m+fp/hard\libg.a(libc_a-closer.o)
                0x0800ca78                _close_r
 .text._reclaim_reent
                0x0800ca9c       0x6c D:/ITapp/arm GNU/13.3 rel1/bin/../lib/gcc/arm-none-eabi/13.3.1/thumb/v7e-m+fp/hard\libg.a(libc_a-reent.o)
                0x0800ca9c                _reclaim_reent
 .text._lseek_r
                0x0800cb08       0x2c D:/ITapp/arm GNU/13.3 rel1/bin/../lib/gcc/arm-none-eabi/13.3.1/thumb/v7e-m+fp/hard\libg.a(libc_a-lseekr.o)
                0x0800cb08                _lseek_r
 .text._read_r  0x0800cb34       0x2c D:/ITapp/arm GNU/13.3 rel1/bin/../lib/gcc/arm-none-eabi/13.3.1/thumb/v7e-m+fp/hard\libg.a(libc_a-readr.o)
                0x0800cb34                _read_r
 .text._write_r
                0x0800cb60       0x2c D:/ITapp/arm GNU/13.3 rel1/bin/../lib/gcc/arm-none-eabi/13.3.1/thumb/v7e-m+fp/hard\libg.a(libc_a-writer.o)
                0x0800cb60                _write_r
 .text.__errno  0x0800cb8c        0xc D:/ITapp/arm GNU/13.3 rel1/bin/../lib/gcc/arm-none-eabi/13.3.1/thumb/v7e-m+fp/hard\libg.a(libc_a-errno.o)
                0x0800cb8c                __errno
 .text.__libc_init_array
                0x0800cb98       0x50 D:/ITapp/arm GNU/13.3 rel1/bin/../lib/gcc/arm-none-eabi/13.3.1/thumb/v7e-m+fp/hard\libg.a(libc_a-init.o)
                0x0800cb98                __libc_init_array
 .text.__retarget_lock_init_recursive
                0x0800cbe8        0x4 D:/ITapp/arm GNU/13.3 rel1/bin/../lib/gcc/arm-none-eabi/13.3.1/thumb/v7e-m+fp/hard\libg.a(libc_a-lock.o)
                0x0800cbe8                __retarget_lock_init_recursive
 .text.__retarget_lock_close_recursive
                0x0800cbec        0x4 D:/ITapp/arm GNU/13.3 rel1/bin/../lib/gcc/arm-none-eabi/13.3.1/thumb/v7e-m+fp/hard\libg.a(libc_a-lock.o)
                0x0800cbec                __retarget_lock_close_recursive
 .text.__retarget_lock_acquire_recursive
                0x0800cbf0        0x4 D:/ITapp/arm GNU/13.3 rel1/bin/../lib/gcc/arm-none-eabi/13.3.1/thumb/v7e-m+fp/hard\libg.a(libc_a-lock.o)
                0x0800cbf0                __retarget_lock_acquire_recursive
 .text.__retarget_lock_release_recursive
                0x0800cbf4        0x4 D:/ITapp/arm GNU/13.3 rel1/bin/../lib/gcc/arm-none-eabi/13.3.1/thumb/v7e-m+fp/hard\libg.a(libc_a-lock.o)
                0x0800cbf4                __retarget_lock_release_recursive
 .text.startup.register_fini
                0x0800cbf8       0x14 D:/ITapp/arm GNU/13.3 rel1/bin/../lib/gcc/arm-none-eabi/13.3.1/thumb/v7e-m+fp/hard\libg.a(libc_a-__call_atexit.o)
 .text.atexit   0x0800cc0c        0xc D:/ITapp/arm GNU/13.3 rel1/bin/../lib/gcc/arm-none-eabi/13.3.1/thumb/v7e-m+fp/hard\libg.a(libc_a-atexit.o)
                0x0800cc0c                atexit
 .text._malloc_trim_r
                0x0800cc18       0xb8 D:/ITapp/arm GNU/13.3 rel1/bin/../lib/gcc/arm-none-eabi/13.3.1/thumb/v7e-m+fp/hard\libg.a(libc_a-freer.o)
                0x0800cc18                _malloc_trim_r
 .text._free_r  0x0800ccd0      0x1f8 D:/ITapp/arm GNU/13.3 rel1/bin/../lib/gcc/arm-none-eabi/13.3.1/thumb/v7e-m+fp/hard\libg.a(libc_a-freer.o)
                0x0800ccd0                _free_r
 .text._malloc_r
                0x0800cec8      0x564 D:/ITapp/arm GNU/13.3 rel1/bin/../lib/gcc/arm-none-eabi/13.3.1/thumb/v7e-m+fp/hard\libg.a(libc_a-mallocr.o)
                0x0800cec8                _malloc_r
 .text.__malloc_lock
                0x0800d42c        0xc D:/ITapp/arm GNU/13.3 rel1/bin/../lib/gcc/arm-none-eabi/13.3.1/thumb/v7e-m+fp/hard\libg.a(libc_a-mlock.o)
                0x0800d42c                __malloc_lock
 .text.__malloc_unlock
                0x0800d438        0xc D:/ITapp/arm GNU/13.3 rel1/bin/../lib/gcc/arm-none-eabi/13.3.1/thumb/v7e-m+fp/hard\libg.a(libc_a-mlock.o)
                0x0800d438                __malloc_unlock
 *fill*         0x0800d444        0x4 
 .text._svfprintf_r
                0x0800d448     0x1b3c D:/ITapp/arm GNU/13.3 rel1/bin/../lib/gcc/arm-none-eabi/13.3.1/thumb/v7e-m+fp/hard\libg.a(libc_a-svfprintf.o)
                0x0800d448                _svfprintf_r
 .text.__ssprint_r
                0x0800ef84       0x58 D:/ITapp/arm GNU/13.3 rel1/bin/../lib/gcc/arm-none-eabi/13.3.1/thumb/v7e-m+fp/hard\libg.a(libc_a-ssprint_r.o)
                0x0800ef84                __ssprint_r
 .text._fclose_r
                0x0800efdc       0xc0 D:/ITapp/arm GNU/13.3 rel1/bin/../lib/gcc/arm-none-eabi/13.3.1/thumb/v7e-m+fp/hard\libg.a(libc_a-fclose.o)
                0x0800efdc                _fclose_r
 .text.__sflush_r
                0x0800f09c      0x138 D:/ITapp/arm GNU/13.3 rel1/bin/../lib/gcc/arm-none-eabi/13.3.1/thumb/v7e-m+fp/hard\libg.a(libc_a-fflush.o)
                0x0800f09c                __sflush_r
 .text._fflush_r
                0x0800f1d4       0x54 D:/ITapp/arm GNU/13.3 rel1/bin/../lib/gcc/arm-none-eabi/13.3.1/thumb/v7e-m+fp/hard\libg.a(libc_a-fflush.o)
                0x0800f1d4                _fflush_r
 .text.strncpy  0x0800f228       0x68 D:/ITapp/arm GNU/13.3 rel1/bin/../lib/gcc/arm-none-eabi/13.3.1/thumb/v7e-m+fp/hard\libg.a(libc_a-strncpy.o)
                0x0800f228                strncpy
 .text.__locale_mb_cur_max
                0x0800f290        0xc D:/ITapp/arm GNU/13.3 rel1/bin/../lib/gcc/arm-none-eabi/13.3.1/thumb/v7e-m+fp/hard\libg.a(libc_a-locale.o)
                0x0800f290                __locale_mb_cur_max
 .text._localeconv_r
                0x0800f29c        0x8 D:/ITapp/arm GNU/13.3 rel1/bin/../lib/gcc/arm-none-eabi/13.3.1/thumb/v7e-m+fp/hard\libg.a(libc_a-localeconv.o)
                0x0800f29c                _localeconv_r
 .text._sbrk_r  0x0800f2a4       0x24 D:/ITapp/arm GNU/13.3 rel1/bin/../lib/gcc/arm-none-eabi/13.3.1/thumb/v7e-m+fp/hard\libg.a(libc_a-sbrkr.o)
                0x0800f2a4                _sbrk_r
 .text.__libc_fini_array
                0x0800f2c8       0x28 D:/ITapp/arm GNU/13.3 rel1/bin/../lib/gcc/arm-none-eabi/13.3.1/thumb/v7e-m+fp/hard\libg.a(libc_a-fini.o)
                0x0800f2c8                __libc_fini_array
 .text.sysconf  0x0800f2f0       0x1c D:/ITapp/arm GNU/13.3 rel1/bin/../lib/gcc/arm-none-eabi/13.3.1/thumb/v7e-m+fp/hard\libg.a(libc_a-sysconf.o)
                0x0800f2f0                sysconf
 .text.frexp    0x0800f30c       0x64 D:/ITapp/arm GNU/13.3 rel1/bin/../lib/gcc/arm-none-eabi/13.3.1/thumb/v7e-m+fp/hard\libg.a(libm_a-s_frexp.o)
                0x0800f30c                frexp
 .text.__register_exitproc
                0x0800f370       0x80 D:/ITapp/arm GNU/13.3 rel1/bin/../lib/gcc/arm-none-eabi/13.3.1/thumb/v7e-m+fp/hard\libg.a(libc_a-__atexit.o)
                0x0800f370                __register_exitproc
 .text.quorem   0x0800f3f0      0x12c D:/ITapp/arm GNU/13.3 rel1/bin/../lib/gcc/arm-none-eabi/13.3.1/thumb/v7e-m+fp/hard\libg.a(libc_a-dtoa.o)
 *fill*         0x0800f51c        0x4 
 .text._dtoa_r  0x0800f520      0xe80 D:/ITapp/arm GNU/13.3 rel1/bin/../lib/gcc/arm-none-eabi/13.3.1/thumb/v7e-m+fp/hard\libg.a(libc_a-dtoa.o)
                0x0800f520                _dtoa_r
 .text.__ascii_mbtowc
                0x080103a0       0x2c D:/ITapp/arm GNU/13.3 rel1/bin/../lib/gcc/arm-none-eabi/13.3.1/thumb/v7e-m+fp/hard\libg.a(libc_a-mbtowc_r.o)
                0x080103a0                __ascii_mbtowc
 .text._Balloc  0x080103cc       0x4c D:/ITapp/arm GNU/13.3 rel1/bin/../lib/gcc/arm-none-eabi/13.3.1/thumb/v7e-m+fp/hard\libg.a(libc_a-mprec.o)
                0x080103cc                _Balloc
 .text._Bfree   0x08010418       0x14 D:/ITapp/arm GNU/13.3 rel1/bin/../lib/gcc/arm-none-eabi/13.3.1/thumb/v7e-m+fp/hard\libg.a(libc_a-mprec.o)
                0x08010418                _Bfree
 .text.__multadd
                0x0801042c       0xa0 D:/ITapp/arm GNU/13.3 rel1/bin/../lib/gcc/arm-none-eabi/13.3.1/thumb/v7e-m+fp/hard\libg.a(libc_a-mprec.o)
                0x0801042c                __multadd
 .text.__hi0bits
                0x080104cc       0x44 D:/ITapp/arm GNU/13.3 rel1/bin/../lib/gcc/arm-none-eabi/13.3.1/thumb/v7e-m+fp/hard\libg.a(libc_a-mprec.o)
                0x080104cc                __hi0bits
 .text.__lo0bits
                0x08010510       0x60 D:/ITapp/arm GNU/13.3 rel1/bin/../lib/gcc/arm-none-eabi/13.3.1/thumb/v7e-m+fp/hard\libg.a(libc_a-mprec.o)
                0x08010510                __lo0bits
 .text.__i2b    0x08010570       0x5c D:/ITapp/arm GNU/13.3 rel1/bin/../lib/gcc/arm-none-eabi/13.3.1/thumb/v7e-m+fp/hard\libg.a(libc_a-mprec.o)
                0x08010570                __i2b
 .text.__multiply
                0x080105cc      0x16c D:/ITapp/arm GNU/13.3 rel1/bin/../lib/gcc/arm-none-eabi/13.3.1/thumb/v7e-m+fp/hard\libg.a(libc_a-mprec.o)
                0x080105cc                __multiply
 .text.__pow5mult
                0x08010738       0xb4 D:/ITapp/arm GNU/13.3 rel1/bin/../lib/gcc/arm-none-eabi/13.3.1/thumb/v7e-m+fp/hard\libg.a(libc_a-mprec.o)
                0x08010738                __pow5mult
 .text.__lshift
                0x080107ec       0xf0 D:/ITapp/arm GNU/13.3 rel1/bin/../lib/gcc/arm-none-eabi/13.3.1/thumb/v7e-m+fp/hard\libg.a(libc_a-mprec.o)
                0x080107ec                __lshift
 .text.__mcmp   0x080108dc       0x44 D:/ITapp/arm GNU/13.3 rel1/bin/../lib/gcc/arm-none-eabi/13.3.1/thumb/v7e-m+fp/hard\libg.a(libc_a-mprec.o)
                0x080108dc                __mcmp
 .text.__mdiff  0x08010920      0x178 D:/ITapp/arm GNU/13.3 rel1/bin/../lib/gcc/arm-none-eabi/13.3.1/thumb/v7e-m+fp/hard\libg.a(libc_a-mprec.o)
                0x08010920                __mdiff
 .text.__d2b    0x08010a98       0xc0 D:/ITapp/arm GNU/13.3 rel1/bin/../lib/gcc/arm-none-eabi/13.3.1/thumb/v7e-m+fp/hard\libg.a(libc_a-mprec.o)
                0x08010a98                __d2b
 .text.__ascii_wctomb
                0x08010b58       0x1c D:/ITapp/arm GNU/13.3 rel1/bin/../lib/gcc/arm-none-eabi/13.3.1/thumb/v7e-m+fp/hard\libg.a(libc_a-wctomb_r.o)
                0x08010b58                __ascii_wctomb
 .text._wcrtomb_r
                0x08010b74       0x4c D:/ITapp/arm GNU/13.3 rel1/bin/../lib/gcc/arm-none-eabi/13.3.1/thumb/v7e-m+fp/hard\libg.a(libc_a-wcrtomb.o)
                0x08010b74                _wcrtomb_r
 .text._wcsrtombs_r
                0x08010bc0       0x18 D:/ITapp/arm GNU/13.3 rel1/bin/../lib/gcc/arm-none-eabi/13.3.1/thumb/v7e-m+fp/hard\libg.a(libc_a-wcsrtombs.o)
                0x08010bc0                _wcsrtombs_r
 .text.__ssputs_r
                0x08010bd8       0xc0 D:/ITapp/arm GNU/13.3 rel1/bin/../lib/gcc/arm-none-eabi/13.3.1/thumb/v7e-m+fp/hard\libg.a(libc_a-ssputs_r.o)
                0x08010bd8                __ssputs_r
 .text.memmove  0x08010c98      0x100 D:/ITapp/arm GNU/13.3 rel1/bin/../lib/gcc/arm-none-eabi/13.3.1/thumb/v7e-m+fp/hard\libg.a(libc_a-memmove.o)
                0x08010c98                memmove
 .text.__assert_func
                0x08010d98       0x40 D:/ITapp/arm GNU/13.3 rel1/bin/../lib/gcc/arm-none-eabi/13.3.1/thumb/v7e-m+fp/hard\libg.a(libc_a-assert.o)
                0x08010d98                __assert_func
 .text._calloc_r
                0x08010dd8       0x6c D:/ITapp/arm GNU/13.3 rel1/bin/../lib/gcc/arm-none-eabi/13.3.1/thumb/v7e-m+fp/hard\libg.a(libc_a-callocr.o)
                0x08010dd8                _calloc_r
 .text._realloc_r
                0x08010e44      0x344 D:/ITapp/arm GNU/13.3 rel1/bin/../lib/gcc/arm-none-eabi/13.3.1/thumb/v7e-m+fp/hard\libg.a(libc_a-reallocr.o)
                0x08010e44                _realloc_r
 .text._wcsnrtombs_l
                0x08011188       0xfc D:/ITapp/arm GNU/13.3 rel1/bin/../lib/gcc/arm-none-eabi/13.3.1/thumb/v7e-m+fp/hard\libg.a(libc_a-wcsnrtombs.o)
                0x08011188                _wcsnrtombs_l
 .text._wcsnrtombs_r
                0x08011284       0x24 D:/ITapp/arm GNU/13.3 rel1/bin/../lib/gcc/arm-none-eabi/13.3.1/thumb/v7e-m+fp/hard\libg.a(libc_a-wcsnrtombs.o)
                0x08011284                _wcsnrtombs_r
 .text.fiprintf
                0x080112a8       0x28 D:/ITapp/arm GNU/13.3 rel1/bin/../lib/gcc/arm-none-eabi/13.3.1/thumb/v7e-m+fp/hard\libg.a(libc_a-fiprintf.o)
                0x080112a8                fiprintf
 .text._vfiprintf_r
                0x080112d0      0xe68 D:/ITapp/arm GNU/13.3 rel1/bin/../lib/gcc/arm-none-eabi/13.3.1/thumb/v7e-m+fp/hard\libg.a(libc_a-vfiprintf.o)
                0x080112d0                _vfiprintf_r
 .text.__sbprintf
                0x08012138       0x80 D:/ITapp/arm GNU/13.3 rel1/bin/../lib/gcc/arm-none-eabi/13.3.1/thumb/v7e-m+fp/hard\libg.a(libc_a-vfiprintf.o)
 .text.__sprint_r
                0x080121b8       0x20 D:/ITapp/arm GNU/13.3 rel1/bin/../lib/gcc/arm-none-eabi/13.3.1/thumb/v7e-m+fp/hard\libg.a(libc_a-sprint_r.o)
                0x080121b8                __sprint_r
 .text.__sfvwrite_r
                0x080121d8      0x300 D:/ITapp/arm GNU/13.3 rel1/bin/../lib/gcc/arm-none-eabi/13.3.1/thumb/v7e-m+fp/hard\libg.a(libc_a-fvwrite.o)
                0x080121d8                __sfvwrite_r
 .text.__swsetup_r
                0x080124d8       0xc4 D:/ITapp/arm GNU/13.3 rel1/bin/../lib/gcc/arm-none-eabi/13.3.1/thumb/v7e-m+fp/hard\libg.a(libc_a-wsetup.o)
                0x080124d8                __swsetup_r
 .text.abort    0x0801259c       0x10 D:/ITapp/arm GNU/13.3 rel1/bin/../lib/gcc/arm-none-eabi/13.3.1/thumb/v7e-m+fp/hard\libg.a(libc_a-abort.o)
                0x0801259c                abort
 .text.__smakebuf_r
                0x080125ac       0xdc D:/ITapp/arm GNU/13.3 rel1/bin/../lib/gcc/arm-none-eabi/13.3.1/thumb/v7e-m+fp/hard\libg.a(libc_a-makebuf.o)
                0x080125ac                __smakebuf_r
 .text.raise    0x08012688       0x58 D:/ITapp/arm GNU/13.3 rel1/bin/../lib/gcc/arm-none-eabi/13.3.1/thumb/v7e-m+fp/hard\libg.a(libc_a-signal.o)
                0x08012688                raise
 .text._fstat_r
                0x080126e0       0x2c D:/ITapp/arm GNU/13.3 rel1/bin/../lib/gcc/arm-none-eabi/13.3.1/thumb/v7e-m+fp/hard\libg.a(libc_a-fstatr.o)
                0x080126e0                _fstat_r
 .text._isatty_r
                0x0801270c       0x24 D:/ITapp/arm GNU/13.3 rel1/bin/../lib/gcc/arm-none-eabi/13.3.1/thumb/v7e-m+fp/hard\libg.a(libc_a-isattyr.o)
                0x0801270c                _isatty_r