Archive member included to satisfy reference by file (symbol)

D:/ITapp/arm GNU/13.3 rel1/bin/../lib/gcc/arm-none-eabi/13.3.1/thumb/v7e-m+fp/hard\libgcc.a(_aeabi_uldivmod.o)
                              CMakeFiles/get-started.elf.dir/Drivers/STM32H7xx_HAL_Driver/Src/stm32h7xx_hal_uart.c.obj (__aeabi_uldivmod)
D:/ITapp/arm GNU/13.3 rel1/bin/../lib/gcc/arm-none-eabi/13.3.1/thumb/v7e-m+fp/hard\libgcc.a(_udivmoddi4.o)
                              D:/ITapp/arm GNU/13.3 rel1/bin/../lib/gcc/arm-none-eabi/13.3.1/thumb/v7e-m+fp/hard\libgcc.a(_aeabi_uldivmod.o) (__udivmoddi4)
D:/ITapp/arm GNU/13.3 rel1/bin/../lib/gcc/arm-none-eabi/13.3.1/thumb/v7e-m+fp/hard\libgcc.a(_dvmd_tls.o)
                              D:/ITapp/arm GNU/13.3 rel1/bin/../lib/gcc/arm-none-eabi/13.3.1/thumb/v7e-m+fp/hard\libgcc.a(_aeabi_uldivmod.o) (__aeabi_ldiv0)
D:/ITapp/arm GNU/13.3 rel1/bin/../lib/gcc/arm-none-eabi/13.3.1/thumb/v7e-m+fp/hard\libg.a(libc_a-exit.o)
                              D:/ITapp/arm GNU/13.3 rel1/bin/../lib/gcc/arm-none-eabi/13.3.1/thumb/v7e-m+fp/hard/crt0.o (exit)
D:/ITapp/arm GNU/13.3 rel1/bin/../lib/gcc/arm-none-eabi/13.3.1/thumb/v7e-m+fp/hard\libg.a(libc_a-findfp.o)
                              CMakeFiles/get-started.elf.dir/Middlewares/Third_Party/FreeRTOS/Source/tasks.c.obj (__sf)
D:/ITapp/arm GNU/13.3 rel1/bin/../lib/gcc/arm-none-eabi/13.3.1/thumb/v7e-m+fp/hard\libg.a(libc_a-fwalk.o)
                              D:/ITapp/arm GNU/13.3 rel1/bin/../lib/gcc/arm-none-eabi/13.3.1/thumb/v7e-m+fp/hard\libg.a(libc_a-findfp.o) (_fwalk_sglue)
D:/ITapp/arm GNU/13.3 rel1/bin/../lib/gcc/arm-none-eabi/13.3.1/thumb/v7e-m+fp/hard\libg.a(libc_a-stdio.o)
                              D:/ITapp/arm GNU/13.3 rel1/bin/../lib/gcc/arm-none-eabi/13.3.1/thumb/v7e-m+fp/hard\libg.a(libc_a-findfp.o) (__sread)
D:/ITapp/arm GNU/13.3 rel1/bin/../lib/gcc/arm-none-eabi/13.3.1/thumb/v7e-m+fp/hard\libg.a(libc_a-memset.o)
                              D:/ITapp/arm GNU/13.3 rel1/bin/../lib/gcc/arm-none-eabi/13.3.1/thumb/v7e-m+fp/hard/crt0.o (memset)
D:/ITapp/arm GNU/13.3 rel1/bin/../lib/gcc/arm-none-eabi/13.3.1/thumb/v7e-m+fp/hard\libg.a(libc_a-closer.o)
                              D:/ITapp/arm GNU/13.3 rel1/bin/../lib/gcc/arm-none-eabi/13.3.1/thumb/v7e-m+fp/hard\libg.a(libc_a-stdio.o) (_close_r)
D:/ITapp/arm GNU/13.3 rel1/bin/../lib/gcc/arm-none-eabi/13.3.1/thumb/v7e-m+fp/hard\libg.a(libc_a-reent.o)
                              CMakeFiles/get-started.elf.dir/Middlewares/Third_Party/FreeRTOS/Source/tasks.c.obj (_reclaim_reent)
D:/ITapp/arm GNU/13.3 rel1/bin/../lib/gcc/arm-none-eabi/13.3.1/thumb/v7e-m+fp/hard\libg.a(libc_a-impure.o)
                              CMakeFiles/get-started.elf.dir/Middlewares/Third_Party/FreeRTOS/Source/tasks.c.obj (_impure_ptr)
D:/ITapp/arm GNU/13.3 rel1/bin/../lib/gcc/arm-none-eabi/13.3.1/thumb/v7e-m+fp/hard\libg.a(libc_a-lseekr.o)
                              D:/ITapp/arm GNU/13.3 rel1/bin/../lib/gcc/arm-none-eabi/13.3.1/thumb/v7e-m+fp/hard\libg.a(libc_a-stdio.o) (_lseek_r)
D:/ITapp/arm GNU/13.3 rel1/bin/../lib/gcc/arm-none-eabi/13.3.1/thumb/v7e-m+fp/hard\libg.a(libc_a-readr.o)
                              D:/ITapp/arm GNU/13.3 rel1/bin/../lib/gcc/arm-none-eabi/13.3.1/thumb/v7e-m+fp/hard\libg.a(libc_a-stdio.o) (_read_r)
D:/ITapp/arm GNU/13.3 rel1/bin/../lib/gcc/arm-none-eabi/13.3.1/thumb/v7e-m+fp/hard\libg.a(libc_a-writer.o)
                              D:/ITapp/arm GNU/13.3 rel1/bin/../lib/gcc/arm-none-eabi/13.3.1/thumb/v7e-m+fp/hard\libg.a(libc_a-stdio.o) (_write_r)
D:/ITapp/arm GNU/13.3 rel1/bin/../lib/gcc/arm-none-eabi/13.3.1/thumb/v7e-m+fp/hard\libg.a(libc_a-errno.o)
                              CMakeFiles/get-started.elf.dir/Core/Src/syscalls.c.obj (__errno)
D:/ITapp/arm GNU/13.3 rel1/bin/../lib/gcc/arm-none-eabi/13.3.1/thumb/v7e-m+fp/hard\libg.a(libc_a-init.o)
                              D:/ITapp/arm GNU/13.3 rel1/bin/../lib/gcc/arm-none-eabi/13.3.1/thumb/v7e-m+fp/hard/crt0.o (__libc_init_array)
D:/ITapp/arm GNU/13.3 rel1/bin/../lib/gcc/arm-none-eabi/13.3.1/thumb/v7e-m+fp/hard\libg.a(libc_a-lock.o)
                              D:/ITapp/arm GNU/13.3 rel1/bin/../lib/gcc/arm-none-eabi/13.3.1/thumb/v7e-m+fp/hard\libg.a(libc_a-findfp.o) (__retarget_lock_init_recursive)
D:/ITapp/arm GNU/13.3 rel1/bin/../lib/gcc/arm-none-eabi/13.3.1/thumb/v7e-m+fp/hard\libg.a(libc_a-memcpy.o)
                              CMakeFiles/get-started.elf.dir/Drivers/STM32H7xx_HAL_Driver/Src/stm32h7xx_hal_fdcan.c.obj (memcpy)
D:/ITapp/arm GNU/13.3 rel1/bin/../lib/gcc/arm-none-eabi/13.3.1/thumb/v7e-m+fp/hard\libg.a(libc_a-strlen.o)
                              CMakeFiles/get-started.elf.dir/SYS/C/control.c.obj (strlen)
D:/ITapp/arm GNU/13.3 rel1/bin/../lib/gcc/arm-none-eabi/13.3.1/thumb/v7e-m+fp/hard\libg.a(libc_a-__call_atexit.o)
                              D:/ITapp/arm GNU/13.3 rel1/bin/../lib/gcc/arm-none-eabi/13.3.1/thumb/v7e-m+fp/hard\libg.a(libc_a-exit.o) (__call_exitprocs)
[...]
Memory Configuration

Name             Origin             Length             Attributes
FLASH            0x08000000         0x00020000         xr
DTCMRAM          0x20000000         0x00020000         xrw
RAM_D1           0x24000000         0x00080000         xrw
RAM_D2           0x30000000         0x00048000         xrw
RAM_D3           0x38000000         0x00010000         xrw
ITCMRAM          0x00000000         0x00010000         xrw
*default*        0x00000000         0xffffffff

Linker script and memory map

LOAD D:/ITapp/arm GNU/13.3 rel1/bin/../lib/gcc/arm-none-eabi/13.3.1/thumb/v7e-m+fp/hard/crti.o
LOAD D:/ITapp/arm GNU/13.3 rel1/bin/../lib/gcc/arm-none-eabi/13.3.1/thumb/v7e-m+fp/hard/crtbegin.o
LOAD D:/ITapp/arm GNU/13.3 rel1/bin/../lib/gcc/arm-none-eabi/13.3.1/thumb/v7e-m+fp/hard/crt0.o
LOAD CMakeFiles/get-started.elf.dir/Core/Src/fdcan.c.obj
LOAD CMakeFiles/get-started.elf.dir/Core/Src/freertos.c.obj
LOAD CMakeFiles/get-started.elf.dir/Core/Src/gpio.c.obj
LOAD CMakeFiles/get-started.elf.dir/Core/Src/i2c.c.obj
LOAD CMakeFiles/get-started.elf.dir/Core/Src/main.c.obj
LOAD CMakeFiles/get-started.elf.dir/Core/Src/memorymap.c.obj
LOAD CMakeFiles/get-started.elf.dir/Core/Src/stm32h7xx_hal_msp.c.obj
LOAD CMakeFiles/get-started.elf.dir/Core/Src/stm32h7xx_hal_timebase_tim.c.obj
LOAD CMakeFiles/get-started.elf.dir/Core/Src/stm32h7xx_it.c.obj
LOAD CMakeFiles/get-started.elf.dir/Core/Src/syscalls.c.obj
LOAD CMakeFiles/get-started.elf.dir/Core/Src/sysmem.c.obj
LOAD CMakeFiles/get-started.elf.dir/Core/Src/system_stm32h7xx.c.obj
LOAD CMakeFiles/get-started.elf.dir/Core/Src/tim.c.obj
LOAD CMakeFiles/get-started.elf.dir/Core/Src/usart.c.obj
LOAD CMakeFiles/get-started.elf.dir/Core/Startup/startup_stm32h750vbtx.s.obj
LOAD CMakeFiles/get-started.elf.dir/Drivers/STM32H7xx_HAL_Driver/Src/stm32h7xx_hal.c.obj
LOAD CMakeFiles/get-started.elf.dir/Drivers/STM32H7xx_HAL_Driver/Src/stm32h7xx_hal_cortex.c.obj
LOAD CMakeFiles/get-started.elf.dir/Drivers/STM32H7xx_HAL_Driver/Src/stm32h7xx_hal_dma.c.obj
LOAD CMakeFiles/get-started.elf.dir/Drivers/STM32H7xx_HAL_Driver/Src/stm32h7xx_hal_dma_ex.c.obj
LOAD CMakeFiles/get-started.elf.dir/Drivers/STM32H7xx_HAL_Driver/Src/stm32h7xx_hal_exti.c.obj
LOAD CMakeFiles/get-started.elf.dir/Drivers/STM32H7xx_HAL_Driver/Src/stm32h7xx_hal_fdcan.c.obj
LOAD CMakeFiles/get-started.elf.dir/Drivers/STM32H7xx_HAL_Driver/Src/stm32h7xx_hal_flash.c.obj
LOAD CMakeFiles/get-started.elf.dir/Drivers/STM32H7xx_HAL_Driver/Src/stm32h7xx_hal_flash_ex.c.obj
LOAD CMakeFiles/get-started.elf.dir/Drivers/STM32H7xx_HAL_Driver/Src/stm32h7xx_hal_gpio.c.obj
LOAD CMakeFiles/get-started.elf.dir/Drivers/STM32H7xx_HAL_Driver/Src/stm32h7xx_hal_hsem.c.obj
LOAD CMakeFiles/get-started.elf.dir/Drivers/STM32H7xx_HAL_Driver/Src/stm32h7xx_hal_i2c.c.obj
LOAD CMakeFiles/get-started.elf.dir/Drivers/STM32H7xx_HAL_Driver/Src/stm32h7xx_hal_i2c_ex.c.obj
LOAD CMakeFiles/get-started.elf.dir/Drivers/STM32H7xx_HAL_Driver/Src/stm32h7xx_hal_mdma.c.obj
LOAD CMakeFiles/get-started.elf.dir/Drivers/STM32H7xx_HAL_Driver/Src/stm32h7xx_hal_pwr.c.obj
LOAD CMakeFiles/get-started.elf.dir/Drivers/STM32H7xx_HAL_Driver/Src/stm32h7xx_hal_pwr_ex.c.obj
LOAD CMakeFiles/get-started.elf.dir/Drivers/STM32H7xx_HAL_Driver/Src/stm32h7xx_hal_rcc.c.obj
LOAD CMakeFiles/get-started.elf.dir/Drivers/STM32H7xx_HAL_Driver/Src/stm32h7xx_hal_rcc_ex.c.obj
LOAD CMakeFiles/get-started.elf.dir/Drivers/STM32H7xx_HAL_Driver/Src/stm32h7xx_hal_tim.c.obj
LOAD CMakeFiles/get-started.elf.dir/Drivers/STM32H7xx_HAL_Driver/Src/stm32h7xx_hal_tim_ex.c.obj
LOAD CMakeFiles/get-started.elf.dir/Drivers/STM32H7xx_HAL_Driver/Src/stm32h7xx_hal_uart.c.obj
LOAD CMakeFiles/get-started.elf.dir/Drivers/STM32H7xx_HAL_Driver/Src/stm32h7xx_hal_uart_ex.c.obj
LOAD CMakeFiles/get-started.elf.dir/Middlewares/Third_Party/FreeRTOS/Source/CMSIS_RTOS_V2/cmsis_os2.c.obj
LOAD CMakeFiles/get-started.elf.dir/Middlewares/Third_Party/FreeRTOS/Source/croutine.c.obj
LOAD CMakeFiles/get-started.elf.dir/Middlewares/Third_Party/FreeRTOS/Source/event_groups.c.obj
LOAD CMakeFiles/get-started.elf.dir/Middlewares/Third_Party/FreeRTOS/Source/list.c.obj
LOAD CMakeFiles/get-started.elf.dir/Middlewares/Third_Party/FreeRTOS/Source/portable/GCC/ARM_CM4F/port.c.obj
LOAD CMakeFiles/get-started.elf.dir/Middlewares/Third_Party/FreeRTOS/Source/portable/MemMang/heap_4.c.obj
LOAD CMakeFiles/get-started.elf.dir/Middlewares/Third_Party/FreeRTOS/Source/queue.c.obj
LOAD CMakeFiles/get-started.elf.dir/Middlewares/Third_Party/FreeRTOS/Source/stream_buffer.c.obj
LOAD CMakeFiles/get-started.elf.dir/Middlewares/Third_Party/FreeRTOS/Source/tasks.c.obj
LOAD CMakeFiles/get-started.elf.dir/Middlewares/Third_Party/FreeRTOS/Source/timers.c.obj
LOAD CMakeFiles/get-started.elf.dir/SYS/C/Motor.c.obj
LOAD CMakeFiles/get-started.elf.dir/SYS/C/canData.c.obj
LOAD CMakeFiles/get-started.elf.dir/SYS/C/control.c.obj
LOAD CMakeFiles/get-started.elf.dir/SYS/C/dataRec.c.obj
LOAD CMakeFiles/get-started.elf.dir/SYS/C/entry.c.obj
START GROUP
LOAD D:/ITapp/arm GNU/13.3 rel1/bin/../lib/gcc/arm-none-eabi/13.3.1/thumb/v7e-m+fp/hard\libgcc.a
LOAD D:/ITapp/arm GNU/13.3 rel1/bin/../lib/gcc/arm-none-eabi/13.3.1/thumb/v7e-m+fp/hard\libg.a
LOAD D:/ITapp/arm GNU/13.3 rel1/bin/../lib/gcc/arm-none-eabi/13.3.1/thumb/v7e-m+fp/hard\libc.a
END GROUP
LOAD D:/ITapp/arm GNU/13.3 rel1/bin/../lib/gcc/arm-none-eabi/13.3.1/thumb/v7e-m+fp/hard/crtend.o
LOAD D:/ITapp/arm GNU/13.3 rel1/bin/../lib/gcc/arm-none-eabi/13.3.1/thumb/v7e-m+fp/hard/crtn.o
                0x24080000                        _estack = (ORIGIN (RAM_D1) + LENGTH (RAM_D1))
                0x00000200                        _Min_Heap_Size = 0x200
                0x00000400                        _Min_Stack_Size = 0x400

.isr_vector     0x08000000      0x298
                0x08000000                        . = ALIGN (0x4)
 *(.isr_vector)
 .isr_vector    0x08000000      0x298 CMakeFiles/get-started.elf.dir/Core/Startup/startup_stm32h750vbtx.s.obj
                0x08000000                g_pfnVectors
                0x08000298                        . = ALIGN (0x4)

.text           0x080002c0     0x9830
                0x080002c0                        . = ALIGN (0x4)
 *(.text)
 .text          0x080002c0       0x30 D:/ITapp/arm GNU/13.3 rel1/bin/../lib/gcc/arm-none-eabi/13.3.1/thumb/v7e-m+fp/hard\libgcc.a(_aeabi_uldivmod.o)
                0x080002c0                __aeabi_uldivmod
 .text          0x080002f0        0x4 D:/ITapp/arm GNU/13.3 rel1/bin/../lib/gcc/arm-none-eabi/13.3.1/thumb/v7e-m+fp/hard\libgcc.a(_dvmd_tls.o)
                0x080002f0                __aeabi_idiv0
                0x080002f0                __aeabi_ldiv0
 .text          0x080002f4      0x134 D:/ITapp/arm GNU/13.3 rel1/bin/../lib/gcc/arm-none-eabi/13.3.1/thumb/v7e-m+fp/hard\libg.a(libc_a-memcpy.o)
                0x080002f4                memcpy
 *fill*         0x08000428       0x18 
 .text          0x08000440       0xd8 D:/ITapp/arm GNU/13.3 rel1/bin/../lib/gcc/arm-none-eabi/13.3.1/thumb/v7e-m+fp/hard\libg.a(libc_a-strlen.o)
                0x08000440                strlen
 *(.text*)
 .text.deregister_tm_clones
                0x08000518       0x1c D:/ITapp/arm GNU/13.3 rel1/bin/../lib/gcc/arm-none-eabi/13.3.1/thumb/v7e-m+fp/hard/crtbegin.o
 .text.register_tm_clones
                0x08000534       0x24 D:/ITapp/arm GNU/13.3 rel1/bin/../lib/gcc/arm-none-eabi/13.3.1/thumb/v7e-m+fp/hard/crtbegin.o
 .text.__do_global_dtors_aux
                0x08000558       0x28 D:/ITapp/arm GNU/13.3 rel1/bin/../lib/gcc/arm-none-eabi/13.3.1/thumb/v7e-m+fp/hard/crtbegin.o
 .text.frame_dummy
                0x08000580       0x24 D:/ITapp/arm GNU/13.3 rel1/bin/../lib/gcc/arm-none-eabi/13.3.1/thumb/v7e-m+fp/hard/crtbegin.o
 .text.MX_FDCAN2_Init
                0x080005a4       0x60 CMakeFiles/get-started.elf.dir/Core/Src/fdcan.c.obj
                0x080005a4                MX_FDCAN2_Init
 .text.HAL_FDCAN_MspInit
                0x08000604       0xc4 CMakeFiles/get-started.elf.dir/Core/Src/fdcan.c.obj
                0x08000604                HAL_FDCAN_MspInit
 .text.StartDefaultTask
                0x080006c8        0xa CMakeFiles/get-started.elf.dir/Core/Src/freertos.c.obj
                0x080006c8                StartDefaultTask
 *fill*         0x080006d2        0x2 
 .text.MX_FREERTOS_Init
                0x080006d4       0x50 CMakeFiles/get-started.elf.dir/Core/Src/freertos.c.obj
                0x080006d4                MX_FREERTOS_Init
 .text.MX_GPIO_Init
                0x08000724      0x12c CMakeFiles/get-started.elf.dir/Core/Src/gpio.c.obj
                0x08000724                MX_GPIO_Init
 .text.MX_I2C1_Init
                0x08000850       0x58 CMakeFiles/get-started.elf.dir/Core/Src/i2c.c.obj
                0x08000850                MX_I2C1_Init
 .text.HAL_I2C_MspInit
                0x080008a8       0x70 CMakeFiles/get-started.elf.dir/Core/Src/i2c.c.obj
                0x080008a8                HAL_I2C_MspInit
 .text.MPU_Config
                0x08000918       0x52 CMakeFiles/get-started.elf.dir/Core/Src/main.c.obj
 *fill*         0x0800096a        0x2 
 .text.HAL_TIM_PeriodElapsedCallback
                0x0800096c       0x18 CMakeFiles/get-started.elf.dir/Core/Src/main.c.obj
                0x0800096c                HAL_TIM_PeriodElapsedCallback
 .text.Error_Handler
                0x08000984        0x4 CMakeFiles/get-started.elf.dir/Core/Src/main.c.obj
                0x08000984                Error_Handler
 .text.SystemClock_Config
                0x08000988       0xc0 CMakeFiles/get-started.elf.dir/Core/Src/main.c.obj
                0x08000988                SystemClock_Config
 .text.PeriphCommonClock_Config
                0x08000a48       0x4e CMakeFiles/get-started.elf.dir/Core/Src/main.c.obj
                0x08000a48                PeriphCommonClock_Config
 .text.main     0x08000a96       0x44 CMakeFiles/get-started.elf.dir/Core/Src/main.c.obj
                0x08000a96                main
 *fill*         0x08000ada        0x2 
 .text.HAL_MspInit
                0x08000adc       0x34 CMakeFiles/get-started.elf.dir/Core/Src/stm32h7xx_hal_msp.c.obj
                0x08000adc                HAL_MspInit
 .text.HAL_InitTick
                0x08000b10       0x9c CMakeFiles/get-started.elf.dir/Core/Src/stm32h7xx_hal_timebase_tim.c.obj
                0x08000b10                HAL_InitTick
 .text.NMI_Handler
                0x08000bac        0x2 CMakeFiles/get-started.elf.dir/Core/Src/stm32h7xx_it.c.obj
                0x08000bac                NMI_Handler
 .text.HardFault_Handler
                0x08000bae        0x2 CMakeFiles/get-started.elf.dir/Core/Src/stm32h7xx_it.c.obj
                0x08000bae                HardFault_Handler
 .text.MemManage_Handler
                0x08000bb0        0x2 CMakeFiles/get-started.elf.dir/Core/Src/stm32h7xx_it.c.obj
                0x08000bb0                MemManage_Handler
 .text.BusFault_Handler
                0x08000bb2        0x2 CMakeFiles/get-started.elf.dir/Core/Src/stm32h7xx_it.c.obj
                0x08000bb2                BusFault_Handler
 .text.UsageFault_Handler
                0x08000bb4        0x2 CMakeFiles/get-started.elf.dir/Core/Src/stm32h7xx_it.c.obj
                0x08000bb4                UsageFault_Handler
 .text.DebugMon_Handler
                0x08000bb6        0x2 CMakeFiles/get-started.elf.dir/Core/Src/stm32h7xx_it.c.obj
                0x08000bb6                DebugMon_Handler
 .text.FDCAN2_IT0_IRQHandler
                0x08000bb8       0x10 CMakeFiles/get-started.elf.dir/Core/Src/stm32h7xx_it.c.obj
                0x08000bb8                FDCAN2_IT0_IRQHandler
 .text.USART1_IRQHandler
                0x08000bc8       0x10 CMakeFiles/get-started.elf.dir/Core/Src/stm32h7xx_it.c.obj
                0x08000bc8                USART1_IRQHandler
 .text.TIM8_UP_TIM13_IRQHandler
                0x08000bd8       0x10 CMakeFiles/get-started.elf.dir/Core/Src/stm32h7xx_it.c.obj
                0x08000bd8                TIM8_UP_TIM13_IRQHandler
 .text.TIM5_IRQHandler
                0x08000be8       0x10 CMakeFiles/get-started.elf.dir/Core/Src/stm32h7xx_it.c.obj
                0x08000be8                TIM5_IRQHandler
 .text._sbrk    0x08000bf8       0x48 CMakeFiles/get-started.elf.dir/Core/Src/sysmem.c.obj
                0x08000bf8                _sbrk
 .text.SystemInit
                0x08000c40       0xf0 CMakeFiles/get-started.elf.dir/Core/Src/system_stm32h7xx.c.obj
                0x08000c40                SystemInit
 .text.ExitRun0Mode
                0x08000d30       0x1c CMakeFiles/get-started.elf.dir/Core/Src/system_stm32h7xx.c.obj
                0x08000d30                ExitRun0Mode
 .text.MX_TIM3_Init
                0x08000d4c       0x64 CMakeFiles/get-started.elf.dir/Core/Src/tim.c.obj
                0x08000d4c                MX_TIM3_Init
 .text.MX_TIM4_Init
                0x08000db0       0x64 CMakeFiles/get-started.elf.dir/Core/Src/tim.c.obj
                0x08000db0                MX_TIM4_Init
 .text.MX_TIM8_Init
                0x08000e14       0x74 CMakeFiles/get-started.elf.dir/Core/Src/tim.c.obj
                0x08000e14                MX_TIM8_Init
 .text.HAL_TIM_PWM_MspInit
                0x08000e88       0x54 CMakeFiles/get-started.elf.dir/Core/Src/tim.c.obj
                0x08000e88                HAL_TIM_PWM_MspInit
 .text.HAL_TIM_Encoder_MspInit
                0x08000edc       0xc8 CMakeFiles/get-started.elf.dir/Core/Src/tim.c.obj
                0x08000edc                HAL_TIM_Encoder_MspInit
 .text.HAL_TIM_Base_MspInit
                0x08000fa4       0x48 CMakeFiles/get-started.elf.dir/Core/Src/tim.c.obj
                0x08000fa4                HAL_TIM_Base_MspInit
 .text.HAL_TIM_MspPostInit
                0x08000fec       0xc8 CMakeFiles/get-started.elf.dir/Core/Src/tim.c.obj
                0x08000fec                HAL_TIM_MspPostInit
 .text.MX_TIM1_Init
                0x080010b4      0x104 CMakeFiles/get-started.elf.dir/Core/Src/tim.c.obj
                0x080010b4                MX_TIM1_Init
 .text.MX_TIM2_Init
                0x080011b8       0xb8 CMakeFiles/get-started.elf.dir/Core/Src/tim.c.obj
                0x080011b8                MX_TIM2_Init
 .text.MX_USART1_UART_Init
                0x08001270       0x68 CMakeFiles/get-started.elf.dir/Core/Src/usart.c.obj
                0x08001270                MX_USART1_UART_Init
 .text.HAL_UART_MspInit
                0x080012d8       0x88 CMakeFiles/get-started.elf.dir/Core/Src/usart.c.obj
                0x080012d8                HAL_UART_MspInit
 .text.Reset_Handler
                0x08001360       0x54 CMakeFiles/get-started.elf.dir/Core/Startup/startup_stm32h750vbtx.s.obj
                0x08001360                Reset_Handler
 .text.Default_Handler
                0x080013b4        0x2 CMakeFiles/get-started.elf.dir/Core/Startup/startup_stm32h750vbtx.s.obj
                0x080013b4                RTC_Alarm_IRQHandler
                0x080013b4                HASH_RNG_IRQHandler
                0x080013b4                EXTI2_IRQHandler
                0x080013b4                TIM8_CC_IRQHandler
                0x080013b4                HRTIM1_Master_IRQHandler
                0x080013b4                UART8_IRQHandler
                0x080013b4                SPI4_IRQHandler
                0x080013b4                TIM1_CC_IRQHandler
                0x080013b4                BDMA_Channel6_IRQHandler
                0x080013b4                DMA2_Stream5_IRQHandler
                0x080013b4                HRTIM1_FLT_IRQHandler
                0x080013b4                JPEG_IRQHandler
                0x080013b4                DMA1_Stream5_IRQHandler
                0x080013b4                BDMA_Channel1_IRQHandler
                0x080013b4                HRTIM1_TIMD_IRQHandler
                0x080013b4                TAMP_STAMP_IRQHandler
                0x080013b4                EXTI3_IRQHandler
                0x080013b4                LPTIM4_IRQHandler
                0x080013b4                TIM8_TRG_COM_TIM14_IRQHandler
                0x080013b4                LPTIM2_IRQHandler
                0x080013b4                DFSDM1_FLT1_IRQHandler
                0x080013b4                DMAMUX2_OVR_IRQHandler
                0x080013b4                I2C3_ER_IRQHandler
                0x080013b4                DFSDM1_FLT2_IRQHandler
                0x080013b4                MDMA_IRQHandler
                0x080013b4                LPTIM3_IRQHandler
                0x080013b4                HSEM1_IRQHandler
                0x080013b4                EXTI0_IRQHandler
                0x080013b4                I2C2_EV_IRQHandler
                0x080013b4                DMA1_Stream2_IRQHandler
                0x080013b4                FPU_IRQHandler
                0x080013b4                OTG_HS_WKUP_IRQHandler
                0x080013b4                FDCAN1_IT1_IRQHandler
                0x080013b4                LTDC_ER_IRQHandler
                0x080013b4                DMA2_Stream2_IRQHandler
                0x080013b4                HRTIM1_TIME_IRQHandler
                0x080013b4                SPI1_IRQHandler
                0x080013b4                TIM6_DAC_IRQHandler
                0x080013b4                DCMI_IRQHandler
                0x080013b4                HRTIM1_TIMC_IRQHandler
                0x080013b4                DMA2_Stream3_IRQHandler
                0x080013b4                SAI2_IRQHandler
                0x080013b4                DFSDM1_FLT3_IRQHandler
                0x080013b4                USART6_IRQHandler
                0x080013b4                TIM17_IRQHandler
                0x080013b4                USART3_IRQHandler
                0x080013b4                BDMA_Channel7_IRQHandler
                0x080013b4                CRYP_IRQHandler
                0x080013b4                LPTIM5_IRQHandler
                0x080013b4                UART5_IRQHandler
                0x080013b4                ADC3_IRQHandler
                0x080013b4                DMA2_Stream0_IRQHandler
                0x080013b4                TIM4_IRQHandler
                0x080013b4                BDMA_Channel2_IRQHandler
                0x080013b4                QUADSPI_IRQHandler
                0x080013b4                I2C1_EV_IRQHandler
                0x080013b4                DMA1_Stream6_IRQHandler
                0x080013b4                DMAMUX1_OVR_IRQHandler
                0x080013b4                DMA1_Stream1_IRQHandler
                0x080013b4                TIM16_IRQHandler
                0x080013b4                UART4_IRQHandler
                0x080013b4                BDMA_Channel5_IRQHandler
                0x080013b4                TIM3_IRQHandler
                0x080013b4                RCC_IRQHandler
                0x080013b4                TIM8_BRK_TIM12_IRQHandler
                0x080013b4                TIM1_TRG_COM_IRQHandler
                0x080013b4                Default_Handler
                0x080013b4                ECC_IRQHandler
                0x080013b4                CEC_IRQHandler
                0x080013b4                EXTI15_10_IRQHandler
                0x080013b4                BDMA_Channel0_IRQHandler
                0x080013b4                ADC_IRQHandler
                0x080013b4                DMA1_Stream7_IRQHandler
                0x080013b4                HRTIM1_TIMA_IRQHandler
                0x080013b4                SPI5_IRQHandler
                0x080013b4                TIM7_IRQHandler
                0x080013b4                SDMMC1_IRQHandler
                0x080013b4                DMA2_Stream7_IRQHandler
                0x080013b4                TIM15_IRQHandler
                0x080013b4                PVD_AVD_IRQHandler
                0x080013b4                I2C3_EV_IRQHandler
                0x080013b4                EXTI9_5_IRQHandler
                0x080013b4                RTC_WKUP_IRQHandler
                0x080013b4                LTDC_IRQHandler
                0x080013b4                SAI3_IRQHandler
                0x080013b4                ETH_WKUP_IRQHandler
                0x080013b4                SPDIF_RX_IRQHandler
                0x080013b4                SPI2_IRQHandler
                0x080013b4                OTG_HS_EP1_IN_IRQHandler
                0x080013b4                DMA1_Stream0_IRQHandler
                0x080013b4                CRS_IRQHandler
                0x080013b4                EXTI4_IRQHandler
                0x080013b4                HRTIM1_TIMB_IRQHandler
                0x080013b4                FDCAN2_IT1_IRQHandler
                0x080013b4                ETH_IRQHandler
                0x080013b4                TIM1_UP_IRQHandler
                0x080013b4                BDMA_Channel4_IRQHandler
                0x080013b4                OTG_HS_EP1_OUT_IRQHandler
                0x080013b4                WWDG_IRQHandler
                0x080013b4                SPI6_IRQHandler
                0x080013b4                MDIOS_IRQHandler
                0x080013b4                I2C4_EV_IRQHandler
                0x080013b4                LPUART1_IRQHandler
                0x080013b4                FDCAN1_IT0_IRQHandler
                0x080013b4                TIM2_IRQHandler
                0x080013b4                OTG_FS_WKUP_IRQHandler
                0x080013b4                OTG_HS_IRQHandler
                0x080013b4                DMA2D_IRQHandler
                0x080013b4                TIM1_BRK_IRQHandler
                0x080013b4                EXTI1_IRQHandler
                0x080013b4                SDMMC2_IRQHandler
                0x080013b4                OTG_FS_EP1_OUT_IRQHandler
                0x080013b4                BDMA_Channel3_IRQHandler
                0x080013b4                UART7_IRQHandler
                0x080013b4                MDIOS_WKUP_IRQHandler
                0x080013b4                USART2_IRQHandler
                0x080013b4                DFSDM1_FLT0_IRQHandler
                0x080013b4                SAI4_IRQHandler
                0x080013b4                I2C2_ER_IRQHandler
                0x080013b4                DMA2_Stream1_IRQHandler
                0x080013b4                FLASH_IRQHandler
                0x080013b4                DMA2_Stream4_IRQHandler
                0x080013b4                OTG_FS_IRQHandler
                0x080013b4                SPI3_IRQHandler
                0x080013b4                WAKEUP_PIN_IRQHandler
                0x080013b4                DMA1_Stream4_IRQHandler
                0x080013b4                OTG_FS_EP1_IN_IRQHandler
                0x080013b4                I2C1_ER_IRQHandler
                0x080013b4                FMC_IRQHandler
                0x080013b4                FDCAN_CAL_IRQHandler
                0x080013b4                SWPMI1_IRQHandler
                0x080013b4                COMP1_IRQHandler
                0x080013b4                LPTIM1_IRQHandler
                0x080013b4                I2C4_ER_IRQHandler
                0x080013b4                DMA2_Stream6_IRQHandler
                0x080013b4                SAI1_IRQHandler
                0x080013b4                DMA1_Stream3_IRQHandler
 *fill*         0x080013b6        0x2 
 .text.HAL_Init
                0x080013b8       0x5c CMakeFiles/get-started.elf.dir/Drivers/STM32H7xx_HAL_Driver/Src/stm32h7xx_hal.c.obj
                0x080013b8                HAL_Init
 .text.HAL_IncTick
                0x08001414       0x18 CMakeFiles/get-started.elf.dir/Drivers/STM32H7xx_HAL_Driver/Src/stm32h7xx_hal.c.obj
                0x08001414                HAL_IncTick
 .text.HAL_GetTick
                0x0800142c        0xc CMakeFiles/get-started.elf.dir/Drivers/STM32H7xx_HAL_Driver/Src/stm32h7xx_hal.c.obj
                0x0800142c                HAL_GetTick
 .text.HAL_Delay
                0x08001438       0x28 CMakeFiles/get-started.elf.dir/Drivers/STM32H7xx_HAL_Driver/Src/stm32h7xx_hal.c.obj
                0x08001438                HAL_Delay
 .text.HAL_GetREVID
                0x08001460        0xc CMakeFiles/get-started.elf.dir/Drivers/STM32H7xx_HAL_Driver/Src/stm32h7xx_hal.c.obj
                0x08001460                HAL_GetREVID
 .text.HAL_SYSCFG_AnalogSwitchConfig
                0x0800146c       0x14 CMakeFiles/get-started.elf.dir/Drivers/STM32H7xx_HAL_Driver/Src/stm32h7xx_hal.c.obj
                0x0800146c                HAL_SYSCFG_AnalogSwitchConfig
 .text.__NVIC_EnableIRQ
                0x08001480       0x1c CMakeFiles/get-started.elf.dir/Drivers/STM32H7xx_HAL_Driver/Src/stm32h7xx_hal_cortex.c.obj
 .text.__NVIC_SetPriority
                0x0800149c       0x24 CMakeFiles/get-started.elf.dir/Drivers/STM32H7xx_HAL_Driver/Src/stm32h7xx_hal_cortex.c.obj
 .text.NVIC_EncodePriority
                0x080014c0       0x3e CMakeFiles/get-started.elf.dir/Drivers/STM32H7xx_HAL_Driver/Src/stm32h7xx_hal_cortex.c.obj
 *fill*         0x080014fe        0x2 
 .text.HAL_NVIC_SetPriorityGrouping
                0x08001500       0x24 CMakeFiles/get-started.elf.dir/Drivers/STM32H7xx_HAL_Driver/Src/stm32h7xx_hal_cortex.c.obj
                0x08001500                HAL_NVIC_SetPriorityGrouping
 .text.HAL_NVIC_SetPriority
                0x08001524       0x20 CMakeFiles/get-started.elf.dir/Drivers/STM32H7xx_HAL_Driver/Src/stm32h7xx_hal_cortex.c.obj
                0x08001524                HAL_NVIC_SetPriority
 .text.HAL_NVIC_EnableIRQ
                0x08001544        0x8 CMakeFiles/get-started.elf.dir/Drivers/STM32H7xx_HAL_Driver/Src/stm32h7xx_hal_cortex.c.obj
                0x08001544                HAL_NVIC_EnableIRQ
 .text.HAL_MPU_Disable
                0x0800154c       0x1c CMakeFiles/get-started.elf.dir/Drivers/STM32H7xx_HAL_Driver/Src/stm32h7xx_hal_cortex.c.obj
                0x0800154c                HAL_MPU_Disable
 .text.HAL_MPU_Enable
                0x08001568       0x20 CMakeFiles/get-started.elf.dir/Drivers/STM32H7xx_HAL_Driver/Src/stm32h7xx_hal_cortex.c.obj
                0x08001568                HAL_MPU_Enable
 .text.HAL_MPU_ConfigRegion
                0x08001588       0x58 CMakeFiles/get-started.elf.dir/Drivers/STM32H7xx_HAL_Driver/Src/stm32h7xx_hal_cortex.c.obj
                0x08001588                HAL_MPU_ConfigRegion
 .text.HAL_DMA_Abort
                0x080015e0      0x340 CMakeFiles/get-started.elf.dir/Drivers/STM32H7xx_HAL_Driver/Src/stm32h7xx_hal_dma.c.obj
                0x080015e0                HAL_DMA_Abort
 .text.HAL_DMA_Abort_IT
                0x08001920      0x270 CMakeFiles/get-started.elf.dir/Drivers/STM32H7xx_HAL_Driver/Src/stm32h7xx_hal_dma.c.obj
                0x08001920                HAL_DMA_Abort_IT
 .text.FDCAN_CalcultateRamBlockAddresses
                0x08001b90      0x1d4 CMakeFiles/get-started.elf.dir/Drivers/STM32H7xx_HAL_Driver/Src/stm32h7xx_hal_fdcan.c.obj
 .text.FDCAN_CopyMessageToRAM
                0x08001d64       0x8c CMakeFiles/get-started.elf.dir/Drivers/STM32H7xx_HAL_Driver/Src/stm32h7xx_hal_fdcan.c.obj
 .text.HAL_FDCAN_Init
                0x08001df0      0x294 CMakeFiles/get-started.elf.dir/Drivers/STM32H7xx_HAL_Driver/Src/stm32h7xx_hal_fdcan.c.obj
                0x08001df0                HAL_FDCAN_Init
 .text.HAL_FDCAN_Start
                0x08002084       0x34 CMakeFiles/get-started.elf.dir/Drivers/STM32H7xx_HAL_Driver/Src/stm32h7xx_hal_fdcan.c.obj
                0x08002084                HAL_FDCAN_Start
 .text.HAL_FDCAN_AddMessageToTxFifoQ
                0x080020b8       0x76 CMakeFiles/get-started.elf.dir/Drivers/STM32H7xx_HAL_Driver/Src/stm32h7xx_hal_fdcan.c.obj
                0x080020b8                HAL_FDCAN_AddMessageToTxFifoQ
 *fill*         0x0800212e        0x2 
 .text.HAL_FDCAN_GetRxMessage
                0x08002130      0x1e4 CMakeFiles/get-started.elf.dir/Drivers/STM32H7xx_HAL_Driver/Src/stm32h7xx_hal_fdcan.c.obj
                0x08002130                HAL_FDCAN_GetRxMessage
 .text.HAL_FDCAN_ActivateNotification
                0x08002314       0x90 CMakeFiles/get-started.elf.dir/Drivers/STM32H7xx_HAL_Driver/Src/stm32h7xx_hal_fdcan.c.obj
                0x08002314                HAL_FDCAN_ActivateNotification
 .text.HAL_FDCAN_ClockCalibrationCallback
                0x080023a4        0x2 CMakeFiles/get-started.elf.dir/Drivers/STM32H7xx_HAL_Driver/Src/stm32h7xx_hal_fdcan.c.obj
                0x080023a4                HAL_FDCAN_ClockCalibrationCallback
 .text.HAL_FDCAN_TxEventFifoCallback
                0x080023a6        0x2 CMakeFiles/get-started.elf.dir/Drivers/STM32H7xx_HAL_Driver/Src/stm32h7xx_hal_fdcan.c.obj
                0x080023a6                HAL_FDCAN_TxEventFifoCallback
 .text.HAL_FDCAN_RxFifo1Callback
                0x080023a8        0x2 CMakeFiles/get-started.elf.dir/Drivers/STM32H7xx_HAL_Driver/Src/stm32h7xx_hal_fdcan.c.obj
                0x080023a8                HAL_FDCAN_RxFifo1Callback
 .text.HAL_FDCAN_TxFifoEmptyCallback
                0x080023aa        0x2 CMakeFiles/get-started.elf.dir/Drivers/STM32H7xx_HAL_Driver/Src/stm32h7xx_hal_fdcan.c.obj
                0x080023aa                HAL_FDCAN_TxFifoEmptyCallback
 .text.HAL_FDCAN_TxBufferCompleteCallback
                0x080023ac        0x2 CMakeFiles/get-started.elf.dir/Drivers/STM32H7xx_HAL_Driver/Src/stm32h7xx_hal_fdcan.c.obj
                0x080023ac                HAL_FDCAN_TxBufferCompleteCallback
 .text.HAL_FDCAN_TxBufferAbortCallback
                0x080023ae        0x2 CMakeFiles/get-started.elf.dir/Drivers/STM32H7xx_HAL_Driver/Src/stm32h7xx_hal_fdcan.c.obj
                0x080023ae                HAL_FDCAN_TxBufferAbortCallback
 .text.HAL_FDCAN_RxBufferNewMessageCallback
                0x080023b0        0x2 CMakeFiles/get-started.elf.dir/Drivers/STM32H7xx_HAL_Driver/Src/stm32h7xx_hal_fdcan.c.obj
                0x080023b0                HAL_FDCAN_RxBufferNewMessageCallback
 .text.HAL_FDCAN_TimestampWraparoundCallback
                0x080023b2        0x2 CMakeFiles/get-started.elf.dir/Drivers/STM32H7xx_HAL_Driver/Src/stm32h7xx_hal_fdcan.c.obj
                0x080023b2                HAL_FDCAN_TimestampWraparoundCallback
 .text.HAL_FDCAN_TimeoutOccurredCallback
                0x080023b4        0x2 CMakeFiles/get-started.elf.dir/Drivers/STM32H7xx_HAL_Driver/Src/stm32h7xx_hal_fdcan.c.obj
                0x080023b4                HAL_FDCAN_TimeoutOccurredCallback
 .text.HAL_FDCAN_HighPriorityMessageCallback
                0x080023b6        0x2 CMakeFiles/get-started.elf.dir/Drivers/STM32H7xx_HAL_Driver/Src/stm32h7xx_hal_fdcan.c.obj
                0x080023b6                HAL_FDCAN_HighPriorityMessageCallback
 .text.HAL_FDCAN_ErrorCallback
                0x080023b8        0x2 CMakeFiles/get-started.elf.dir/Drivers/STM32H7xx_HAL_Driver/Src/stm32h7xx_hal_fdcan.c.obj
                0x080023b8                HAL_FDCAN_ErrorCallback
 .text.HAL_FDCAN_ErrorStatusCallback
                0x080023ba        0x2 CMakeFiles/get-started.elf.dir/Drivers/STM32H7xx_HAL_Driver/Src/stm32h7xx_hal_fdcan.c.obj
                0x080023ba                HAL_FDCAN_ErrorStatusCallback
 .text.HAL_FDCAN_TT_ScheduleSyncCallback
                0x080023bc        0x2 CMakeFiles/get-started.elf.dir/Drivers/STM32H7xx_HAL_Driver/Src/stm32h7xx_hal_fdcan.c.obj
                0x080023bc                HAL_FDCAN_TT_ScheduleSyncCallback
 .text.HAL_FDCAN_TT_TimeMarkCallback
                0x080023be        0x2 CMakeFiles/get-started.elf.dir/Drivers/STM32H7xx_HAL_Driver/Src/stm32h7xx_hal_fdcan.c.obj
                0x080023be                HAL_FDCAN_TT_TimeMarkCallback
 .text.HAL_FDCAN_TT_StopWatchCallback
                0x080023c0        0x2 CMakeFiles/get-started.elf.dir/Drivers/STM32H7xx_HAL_Driver/Src/stm32h7xx_hal_fdcan.c.obj
                0x080023c0                HAL_FDCAN_TT_StopWatchCallback
 .text.HAL_FDCAN_TT_GlobalTimeCallback
                0x080023c2        0x2 CMakeFiles/get-started.elf.dir/Drivers/STM32H7xx_HAL_Driver/Src/stm32h7xx_hal_fdcan.c.obj
                0x080023c2                HAL_FDCAN_TT_GlobalTimeCallback
 .text.HAL_FDCAN_IRQHandler
                0x080023c4      0x320 CMakeFiles/get-started.elf.dir/Drivers/STM32H7xx_HAL_Driver/Src/stm32h7xx_hal_fdcan.c.obj
                0x080023c4                HAL_FDCAN_IRQHandler
 .text.HAL_GPIO_Init
                0x080026e4      0x220 CMakeFiles/get-started.elf.dir/Drivers/STM32H7xx_HAL_Driver/Src/stm32h7xx_hal_gpio.c.obj
                0x080026e4                HAL_GPIO_Init
 .text.HAL_GPIO_WritePin
                0x08002904        0xc CMakeFiles/get-started.elf.dir/Drivers/STM32H7xx_HAL_Driver/Src/stm32h7xx_hal_gpio.c.obj
                0x08002904                HAL_GPIO_WritePin
 .text.HAL_I2C_Init
                0x08002910       0xc8 CMakeFiles/get-started.elf.dir/Drivers/STM32H7xx_HAL_Driver/Src/stm32h7xx_hal_i2c.c.obj
                0x08002910                HAL_I2C_Init
 .text.HAL_I2CEx_ConfigAnalogFilter
                0x080029d8       0x5c CMakeFiles/get-started.elf.dir/Drivers/STM32H7xx_HAL_Driver/Src/stm32h7xx_hal_i2c_ex.c.obj
                0x080029d8                HAL_I2CEx_ConfigAnalogFilter
 .text.HAL_I2CEx_ConfigDigitalFilter
                0x08002a34       0x58 CMakeFiles/get-started.elf.dir/Drivers/STM32H7xx_HAL_Driver/Src/stm32h7xx_hal_i2c_ex.c.obj
                0x08002a34                HAL_I2CEx_ConfigDigitalFilter
 .text.HAL_PWREx_ConfigSupply
                0x08002a8c       0x54 CMakeFiles/get-started.elf.dir/Drivers/STM32H7xx_HAL_Driver/Src/stm32h7xx_hal_pwr_ex.c.obj
                0x08002a8c                HAL_PWREx_ConfigSupply
 .text.HAL_RCC_OscConfig
                0x08002ae0      0x6b0 CMakeFiles/get-started.elf.dir/Drivers/STM32H7xx_HAL_Driver/Src/stm32h7xx_hal_rcc.c.obj
                0x08002ae0                HAL_RCC_OscConfig
 .text.HAL_RCC_GetSysClockFreq
                0x08003190      0x1f8 CMakeFiles/get-started.elf.dir/Drivers/STM32H7xx_HAL_Driver/Src/stm32h7xx_hal_rcc.c.obj
                0x08003190                HAL_RCC_GetSysClockFreq
 .text.HAL_RCC_ClockConfig
                0x08003388      0x294 CMakeFiles/get-started.elf.dir/Drivers/STM32H7xx_HAL_Driver/Src/stm32h7xx_hal_rcc.c.obj
                0x08003388                HAL_RCC_ClockConfig
 .text.HAL_RCC_GetHCLKFreq
                0x0800361c       0x44 CMakeFiles/get-started.elf.dir/Drivers/STM32H7xx_HAL_Driver/Src/stm32h7xx_hal_rcc.c.obj
                0x0800361c                HAL_RCC_GetHCLKFreq
 .text.HAL_RCC_GetPCLK1Freq
                0x08003660       0x24 CMakeFiles/get-started.elf.dir/Drivers/STM32H7xx_HAL_Driver/Src/stm32h7xx_hal_rcc.c.obj
                0x08003660                HAL_RCC_GetPCLK1Freq
 .text.HAL_RCC_GetPCLK2Freq
                0x08003684       0x24 CMakeFiles/get-started.elf.dir/Drivers/STM32H7xx_HAL_Driver/Src/stm32h7xx_hal_rcc.c.obj
                0x08003684                HAL_RCC_GetPCLK2Freq
 .text.HAL_RCC_GetClockConfig
                0x080036a8       0x54 CMakeFiles/get-started.elf.dir/Drivers/STM32H7xx_HAL_Driver/Src/stm32h7xx_hal_rcc.c.obj
                0x080036a8                HAL_RCC_GetClockConfig
 .text.RCCEx_PLL2_Config
                0x080036fc      0x108 CMakeFiles/get-started.elf.dir/Drivers/STM32H7xx_HAL_Driver/Src/stm32h7xx_hal_rcc_ex.c.obj
 .text.RCCEx_PLL3_Config
                0x08003804      0x108 CMakeFiles/get-started.elf.dir/Drivers/STM32H7xx_HAL_Driver/Src/stm32h7xx_hal_rcc_ex.c.obj
 .text.HAL_RCCEx_PeriphCLKConfig
                0x0800390c      0xaac CMakeFiles/get-started.elf.dir/Drivers/STM32H7xx_HAL_Driver/Src/stm32h7xx_hal_rcc_ex.c.obj
                0x0800390c                HAL_RCCEx_PeriphCLKConfig
 .text.HAL_RCCEx_GetD3PCLK1Freq
                0x080043b8       0x24 CMakeFiles/get-started.elf.dir/Drivers/STM32H7xx_HAL_Driver/Src/stm32h7xx_hal_rcc_ex.c.obj
                0x080043b8                HAL_RCCEx_GetD3PCLK1Freq
 .text.HAL_RCCEx_GetPLL2ClockFreq
                0x080043dc      0x200 CMakeFiles/get-started.elf.dir/Drivers/STM32H7xx_HAL_Driver/Src/stm32h7xx_hal_rcc_ex.c.obj
                0x080043dc                HAL_RCCEx_GetPLL2ClockFreq
 .text.HAL_RCCEx_GetPLL3ClockFreq
                0x080045dc      0x200 CMakeFiles/get-started.elf.dir/Drivers/STM32H7xx_HAL_Driver/Src/stm32h7xx_hal_rcc_ex.c.obj
                0x080045dc                HAL_RCCEx_GetPLL3ClockFreq
 .text.TIM_OC1_SetConfig
                0x080047dc       0xa4 CMakeFiles/get-started.elf.dir/Drivers/STM32H7xx_HAL_Driver/Src/stm32h7xx_hal_tim.c.obj
 .text.TIM_OC3_SetConfig
                0x08004880       0x94 CMakeFiles/get-started.elf.dir/Drivers/STM32H7xx_HAL_Driver/Src/stm32h7xx_hal_tim.c.obj
 .text.TIM_OC4_SetConfig
                0x08004914       0x74 CMakeFiles/get-started.elf.dir/Drivers/STM32H7xx_HAL_Driver/Src/stm32h7xx_hal_tim.c.obj
 .text.TIM_OC5_SetConfig
                0x08004988       0x74 CMakeFiles/get-started.elf.dir/Drivers/STM32H7xx_HAL_Driver/Src/stm32h7xx_hal_tim.c.obj
 .text.TIM_OC6_SetConfig
                0x080049fc       0x74 CMakeFiles/get-started.elf.dir/Drivers/STM32H7xx_HAL_Driver/Src/stm32h7xx_hal_tim.c.obj
 .text.TIM_TI1_ConfigInputStage
                0x08004a70       0x26 CMakeFiles/get-started.elf.dir/Drivers/STM32H7xx_HAL_Driver/Src/stm32h7xx_hal_tim.c.obj
 .text.TIM_TI2_ConfigInputStage
                0x08004a96       0x28 CMakeFiles/get-started.elf.dir/Drivers/STM32H7xx_HAL_Driver/Src/stm32h7xx_hal_tim.c.obj
 *fill*         0x08004abe        0x2 
 .text.TIM_ITRx_SetConfig
                0x08004ac0       0x14 CMakeFiles/get-started.elf.dir/Drivers/STM32H7xx_HAL_Driver/Src/stm32h7xx_hal_tim.c.obj
 .text.HAL_TIM_Base_Start_IT
                0x08004ad4       0x90 CMakeFiles/get-started.elf.dir/Drivers/STM32H7xx_HAL_Driver/Src/stm32h7xx_hal_tim.c.obj
                0x08004ad4                HAL_TIM_Base_Start_IT
 .text.HAL_TIM_OC_DelayElapsedCallback
                0x08004b64        0x2 CMakeFiles/get-started.elf.dir/Drivers/STM32H7xx_HAL_Driver/Src/stm32h7xx_hal_tim.c.obj
                0x08004b64                HAL_TIM_OC_DelayElapsedCallback
 .text.HAL_TIM_IC_CaptureCallback
                0x08004b66        0x2 CMakeFiles/get-started.elf.dir/Drivers/STM32H7xx_HAL_Driver/Src/stm32h7xx_hal_tim.c.obj
                0x08004b66                HAL_TIM_IC_CaptureCallback
 .text.HAL_TIM_PWM_PulseFinishedCallback
                0x08004b68        0x2 CMakeFiles/get-started.elf.dir/Drivers/STM32H7xx_HAL_Driver/Src/stm32h7xx_hal_tim.c.obj
                0x08004b68                HAL_TIM_PWM_PulseFinishedCallback
 .text.HAL_TIM_TriggerCallback
                0x08004b6a        0x2 CMakeFiles/get-started.elf.dir/Drivers/STM32H7xx_HAL_Driver/Src/stm32h7xx_hal_tim.c.obj
                0x08004b6a                HAL_TIM_TriggerCallback
 .text.HAL_TIM_IRQHandler
                0x08004b6c      0x17a CMakeFiles/get-started.elf.dir/Drivers/STM32H7xx_HAL_Driver/Src/stm32h7xx_hal_tim.c.obj
                0x08004b6c                HAL_TIM_IRQHandler
 *fill*         0x08004ce6        0x2 
 .text.TIM_Base_SetConfig
                0x08004ce8      0x104 CMakeFiles/get-started.elf.dir/Drivers/STM32H7xx_HAL_Driver/Src/stm32h7xx_hal_tim.c.obj
                0x08004ce8                TIM_Base_SetConfig
 .text.HAL_TIM_Base_Init
                0x08004dec       0x60 CMakeFiles/get-started.elf.dir/Drivers/STM32H7xx_HAL_Driver/Src/stm32h7xx_hal_tim.c.obj
                0x08004dec                HAL_TIM_Base_Init
 .text.HAL_TIM_PWM_Init
                0x08004e4c       0x60 CMakeFiles/get-started.elf.dir/Drivers/STM32H7xx_HAL_Driver/Src/stm32h7xx_hal_tim.c.obj
                0x08004e4c                HAL_TIM_PWM_Init
 .text.HAL_TIM_Encoder_Init
                0x08004eac       0xb0 CMakeFiles/get-started.elf.dir/Drivers/STM32H7xx_HAL_Driver/Src/stm32h7xx_hal_tim.c.obj
                0x08004eac                HAL_TIM_Encoder_Init
 .text.TIM_OC2_SetConfig
                0x08004f5c       0x94 CMakeFiles/get-started.elf.dir/Drivers/STM32H7xx_HAL_Driver/Src/stm32h7xx_hal_tim.c.obj
                0x08004f5c                TIM_OC2_SetConfig
 .text.HAL_TIM_PWM_ConfigChannel
                0x08004ff0      0x13a CMakeFiles/get-started.elf.dir/Drivers/STM32H7xx_HAL_Driver/Src/stm32h7xx_hal_tim.c.obj
                0x08004ff0                HAL_TIM_PWM_ConfigChannel
 .text.TIM_ETR_SetConfig
                0x0800512a       0x1a CMakeFiles/get-started.elf.dir/Drivers/STM32H7xx_HAL_Driver/Src/stm32h7xx_hal_tim.c.obj
                0x0800512a                TIM_ETR_SetConfig
 .text.HAL_TIM_ConfigClockSource
                0x08005144      0x138 CMakeFiles/get-started.elf.dir/Drivers/STM32H7xx_HAL_Driver/Src/stm32h7xx_hal_tim.c.obj
                0x08005144                HAL_TIM_ConfigClockSource
 .text.HAL_TIMEx_MasterConfigSynchronization
                0x0800527c       0xa0 CMakeFiles/get-started.elf.dir/Drivers/STM32H7xx_HAL_Driver/Src/stm32h7xx_hal_tim_ex.c.obj
                0x0800527c                HAL_TIMEx_MasterConfigSynchronization
 .text.HAL_TIMEx_ConfigBreakDeadTime
                0x0800531c       0x90 CMakeFiles/get-started.elf.dir/Drivers/STM32H7xx_HAL_Driver/Src/stm32h7xx_hal_tim_ex.c.obj
                0x0800531c                HAL_TIMEx_ConfigBreakDeadTime
 .text.HAL_TIMEx_CommutCallback
                0x080053ac        0x2 CMakeFiles/get-started.elf.dir/Drivers/STM32H7xx_HAL_Driver/Src/stm32h7xx_hal_tim_ex.c.obj
                0x080053ac                HAL_TIMEx_CommutCallback
 .text.HAL_TIMEx_BreakCallback
                0x080053ae        0x2 CMakeFiles/get-started.elf.dir/Drivers/STM32H7xx_HAL_Driver/Src/stm32h7xx_hal_tim_ex.c.obj
                0x080053ae                HAL_TIMEx_BreakCallback
 .text.HAL_TIMEx_Break2Callback
                0x080053b0        0x2 CMakeFiles/get-started.elf.dir/Drivers/STM32H7xx_HAL_Driver/Src/stm32h7xx_hal_tim_ex.c.obj
                0x080053b0                HAL_TIMEx_Break2Callback
 *fill*         0x080053b2        0x2 
 .text.UART_EndRxTransfer
                0x080053b4       0x58 CMakeFiles/get-started.elf.dir/Drivers/STM32H7xx_HAL_Driver/Src/stm32h7xx_hal_uart.c.obj
 .text.HAL_UART_TxCpltCallback
                0x0800540c        0x2 CMakeFiles/get-started.elf.dir/Drivers/STM32H7xx_HAL_Driver/Src/stm32h7xx_hal_uart.c.obj
                0x0800540c                HAL_UART_TxCpltCallback
 .text.UART_EndTransmit_IT
                0x0800540e       0x24 CMakeFiles/get-started.elf.dir/Drivers/STM32H7xx_HAL_Driver/Src/stm32h7xx_hal_uart.c.obj
 .text.HAL_UART_ErrorCallback
                0x08005432        0x2 CMakeFiles/get-started.elf.dir/Drivers/STM32H7xx_HAL_Driver/Src/stm32h7xx_hal_uart.c.obj
                0x08005432                HAL_UART_ErrorCallback
 .text.UART_DMAAbortOnError
                0x08005434       0x10 CMakeFiles/get-started.elf.dir/Drivers/STM32H7xx_HAL_Driver/Src/stm32h7xx_hal_uart.c.obj
 .text.HAL_UARTEx_RxEventCallback
                0x08005444        0x2 CMakeFiles/get-started.elf.dir/Drivers/STM32H7xx_HAL_Driver/Src/stm32h7xx_hal_uart.c.obj
                0x08005444                HAL_UARTEx_RxEventCallback
 *fill*         0x08005446        0x2 
 .text.HAL_UART_IRQHandler
                0x08005448      0x3d0 CMakeFiles/get-started.elf.dir/Drivers/STM32H7xx_HAL_Driver/Src/stm32h7xx_hal_uart.c.obj
                0x08005448                HAL_UART_IRQHandler
 .text.UART_RxISR_8BIT
                0x08005818       0xdc CMakeFiles/get-started.elf.dir/Drivers/STM32H7xx_HAL_Driver/Src/stm32h7xx_hal_uart.c.obj
 .text.UART_RxISR_16BIT
                0x080058f4       0xd8 CMakeFiles/get-started.elf.dir/Drivers/STM32H7xx_HAL_Driver/Src/stm32h7xx_hal_uart.c.obj
 .text.UART_RxISR_8BIT_FIFOEN
                0x080059cc      0x1c8 CMakeFiles/get-started.elf.dir/Drivers/STM32H7xx_HAL_Driver/Src/stm32h7xx_hal_uart.c.obj
 .text.UART_RxISR_16BIT_FIFOEN
                0x08005b94      0x1c8 CMakeFiles/get-started.elf.dir/Drivers/STM32H7xx_HAL_Driver/Src/stm32h7xx_hal_uart.c.obj
 .text.UART_SetConfig
                0x08005d5c      0x5fc CMakeFiles/get-started.elf.dir/Drivers/STM32H7xx_HAL_Driver/Src/stm32h7xx_hal_uart.c.obj
                0x08005d5c                UART_SetConfig
 .text.UART_AdvFeatureConfig
                0x08006358       0xca CMakeFiles/get-started.elf.dir/Drivers/STM32H7xx_HAL_Driver/Src/stm32h7xx_hal_uart.c.obj
                0x08006358                UART_AdvFeatureConfig
 .text.UART_WaitOnFlagUntilTimeout
                0x08006422       0xa6 CMakeFiles/get-started.elf.dir/Drivers/STM32H7xx_HAL_Driver/Src/stm32h7xx_hal_uart.c.obj
                0x08006422                UART_WaitOnFlagUntilTimeout
 .text.HAL_UART_Transmit
                0x080064c8       0xd0 CMakeFiles/get-started.elf.dir/Drivers/STM32H7xx_HAL_Driver/Src/stm32h7xx_hal_uart.c.obj
                0x080064c8                HAL_UART_Transmit
 .text.UART_CheckIdleState
                0x08006598       0xca CMakeFiles/get-started.elf.dir/Drivers/STM32H7xx_HAL_Driver/Src/stm32h7xx_hal_uart.c.obj
                0x08006598                UART_CheckIdleState
 .text.HAL_UART_Init
                0x08006662       0x66 CMakeFiles/get-started.elf.dir/Drivers/STM32H7xx_HAL_Driver/Src/stm32h7xx_hal_uart.c.obj
                0x08006662                HAL_UART_Init
 .text.UART_Start_Receive_IT
                0x080066c8      0x13c CMakeFiles/get-started.elf.dir/Drivers/STM32H7xx_HAL_Driver/Src/stm32h7xx_hal_uart.c.obj
                0x080066c8                UART_Start_Receive_IT
 .text.HAL_UART_Receive_IT
                0x08006804       0x4c CMakeFiles/get-started.elf.dir/Drivers/STM32H7xx_HAL_Driver/Src/stm32h7xx_hal_uart.c.obj
                0x08006804                HAL_UART_Receive_IT
 .text.UARTEx_SetNbDataToProcess
                0x08006850       0x4c CMakeFiles/get-started.elf.dir/Drivers/STM32H7xx_HAL_Driver/Src/stm32h7xx_hal_uart_ex.c.obj
 .text.HAL_UARTEx_WakeupCallback
                0x0800689c        0x2 CMakeFiles/get-started.elf.dir/Drivers/STM32H7xx_HAL_Driver/Src/stm32h7xx_hal_uart_ex.c.obj
                0x0800689c                HAL_UARTEx_WakeupCallback
 .text.HAL_UARTEx_RxFifoFullCallback
                0x0800689e        0x2 CMakeFiles/get-started.elf.dir/Drivers/STM32H7xx_HAL_Driver/Src/stm32h7xx_hal_uart_ex.c.obj
                0x0800689e                HAL_UARTEx_RxFifoFullCallback
 .text.HAL_UARTEx_TxFifoEmptyCallback
                0x080068a0        0x2 CMakeFiles/get-started.elf.dir/Drivers/STM32H7xx_HAL_Driver/Src/stm32h7xx_hal_uart_ex.c.obj
                0x080068a0                HAL_UARTEx_TxFifoEmptyCallback
 .text.HAL_UARTEx_DisableFifoMode
                0x080068a2       0x3e CMakeFiles/get-started.elf.dir/Drivers/STM32H7xx_HAL_Driver/Src/stm32h7xx_hal_uart_ex.c.obj
                0x080068a2                HAL_UARTEx_DisableFifoMode
 .text.HAL_UARTEx_SetTxFifoThreshold
                0x080068e0       0x4a CMakeFiles/get-started.elf.dir/Drivers/STM32H7xx_HAL_Driver/Src/stm32h7xx_hal_uart_ex.c.obj
                0x080068e0                HAL_UARTEx_SetTxFifoThreshold
 .text.HAL_UARTEx_SetRxFifoThreshold
                0x0800692a       0x4a CMakeFiles/get-started.elf.dir/Drivers/STM32H7xx_HAL_Driver/Src/stm32h7xx_hal_uart_ex.c.obj
                0x0800692a                HAL_UARTEx_SetRxFifoThreshold
 .text.SysTick_Handler
                0x08006974       0x18 CMakeFiles/get-started.elf.dir/Middlewares/Third_Party/FreeRTOS/Source/CMSIS_RTOS_V2/cmsis_os2.c.obj
                0x08006974                SysTick_Handler
 .text.osKernelInitialize
                0x0800698c       0x24 CMakeFiles/get-started.elf.dir/Middlewares/Third_Party/FreeRTOS/Source/CMSIS_RTOS_V2/cmsis_os2.c.obj
                0x0800698c                osKernelInitialize
 .text.osKernelStart
                0x080069b0       0x38 CMakeFiles/get-started.elf.dir/Middlewares/Third_Party/FreeRTOS/Source/CMSIS_RTOS_V2/cmsis_os2.c.obj
                0x080069b0                osKernelStart
 .text.osKernelGetTickCount
                0x080069e8       0x14 CMakeFiles/get-started.elf.dir/Middlewares/Third_Party/FreeRTOS/Source/CMSIS_RTOS_V2/cmsis_os2.c.obj
                0x080069e8                osKernelGetTickCount
 .text.osThreadNew
                0x080069fc       0xbe CMakeFiles/get-started.elf.dir/Middlewares/Third_Party/FreeRTOS/Source/CMSIS_RTOS_V2/cmsis_os2.c.obj
                0x080069fc                osThreadNew
 .text.osDelay  0x08006aba       0x1c CMakeFiles/get-started.elf.dir/Middlewares/Third_Party/FreeRTOS/Source/CMSIS_RTOS_V2/cmsis_os2.c.obj
                0x08006aba                osDelay
 .text.osDelayUntil
                0x08006ad6       0x30 CMakeFiles/get-started.elf.dir/Middlewares/Third_Party/FreeRTOS/Source/CMSIS_RTOS_V2/cmsis_os2.c.obj
                0x08006ad6                osDelayUntil
 *fill*         0x08006b06        0x2 
 .text.vApplicationGetIdleTaskMemory
                0x08006b08       0x18 CMakeFiles/get-started.elf.dir/Middlewares/Third_Party/FreeRTOS/Source/CMSIS_RTOS_V2/cmsis_os2.c.obj
                0x08006b08                vApplicationGetIdleTaskMemory
 .text.vApplicationGetTimerTaskMemory
                0x08006b20       0x18 CMakeFiles/get-started.elf.dir/Middlewares/Third_Party/FreeRTOS/Source/CMSIS_RTOS_V2/cmsis_os2.c.obj
                0x08006b20                vApplicationGetTimerTaskMemory
 .text.vListInitialise
                0x08006b38       0x16 CMakeFiles/get-started.elf.dir/Middlewares/Third_Party/FreeRTOS/Source/list.c.obj
                0x08006b38                vListInitialise
 .text.vListInitialiseItem
                0x08006b4e        0x6 CMakeFiles/get-started.elf.dir/Middlewares/Third_Party/FreeRTOS/Source/list.c.obj
                0x08006b4e                vListInitialiseItem
 .text.vListInsertEnd
                0x08006b54       0x16 CMakeFiles/get-started.elf.dir/Middlewares/Third_Party/FreeRTOS/Source/list.c.obj
                0x08006b54                vListInsertEnd
 .text.vListInsert
                0x08006b6a       0x32 CMakeFiles/get-started.elf.dir/Middlewares/Third_Party/FreeRTOS/Source/list.c.obj
                0x08006b6a                vListInsert
 .text.uxListRemove
                0x08006b9c       0x26 CMakeFiles/get-started.elf.dir/Middlewares/Third_Party/FreeRTOS/Source/list.c.obj
                0x08006b9c                uxListRemove
 *fill*         0x08006bc2        0x2 
 .text.prvTaskExitError
                0x08006bc4       0x40 CMakeFiles/get-started.elf.dir/Middlewares/Third_Party/FreeRTOS/Source/portable/GCC/ARM_CM4F/port.c.obj
 .text.prvPortStartFirstTask
                0x08006c04       0x28 CMakeFiles/get-started.elf.dir/Middlewares/Third_Party/FreeRTOS/Source/portable/GCC/ARM_CM4F/port.c.obj
 .text.vPortEnableVFP
                0x08006c2c       0x14 CMakeFiles/get-started.elf.dir/Middlewares/Third_Party/FreeRTOS/Source/portable/GCC/ARM_CM4F/port.c.obj
 .text.pxPortInitialiseStack
                0x08006c40       0x2c CMakeFiles/get-started.elf.dir/Middlewares/Third_Party/FreeRTOS/Source/portable/GCC/ARM_CM4F/port.c.obj
                0x08006c40                pxPortInitialiseStack
 *fill*         0x08006c6c        0x4 
 .text.SVC_Handler
                0x08006c70       0x24 CMakeFiles/get-started.elf.dir/Middlewares/Third_Party/FreeRTOS/Source/portable/GCC/ARM_CM4F/port.c.obj
                0x08006c70                SVC_Handler
 .text.vPortEnterCritical
                0x08006c94       0x44 CMakeFiles/get-started.elf.dir/Middlewares/Third_Party/FreeRTOS/Source/portable/GCC/ARM_CM4F/port.c.obj
                0x08006c94                vPortEnterCritical
 .text.vPortExitCritical
                0x08006cd8       0x2c CMakeFiles/get-started.elf.dir/Middlewares/Third_Party/FreeRTOS/Source/portable/GCC/ARM_CM4F/port.c.obj
                0x08006cd8                vPortExitCritical
 *fill*         0x08006d04        0xc 
 .text.PendSV_Handler
                0x08006d10       0x64 CMakeFiles/get-started.elf.dir/Middlewares/Third_Party/FreeRTOS/Source/portable/GCC/ARM_CM4F/port.c.obj
                0x08006d10                PendSV_Handler
 .text.xPortSysTickHandler
                0x08006d74       0x2c CMakeFiles/get-started.elf.dir/Middlewares/Third_Party/FreeRTOS/Source/portable/GCC/ARM_CM4F/port.c.obj
                0x08006d74                xPortSysTickHandler
 .text.vPortSetupTimerInterrupt
                0x08006da0       0x28 CMakeFiles/get-started.elf.dir/Middlewares/Third_Party/FreeRTOS/Source/portable/GCC/ARM_CM4F/port.c.obj
                0x08006da0                vPortSetupTimerInterrupt
 .text.xPortStartScheduler
                0x08006dc8      0x118 CMakeFiles/get-started.elf.dir/Middlewares/Third_Party/FreeRTOS/Source/portable/GCC/ARM_CM4F/port.c.obj
                0x08006dc8                xPortStartScheduler
 .text.vPortValidateInterruptPriority
                0x08006ee0       0x5c CMakeFiles/get-started.elf.dir/Middlewares/Third_Party/FreeRTOS/Source/portable/GCC/ARM_CM4F/port.c.obj
                0x08006ee0                vPortValidateInterruptPriority
 .text.prvHeapInit
                0x08006f3c       0x64 CMakeFiles/get-started.elf.dir/Middlewares/Third_Party/FreeRTOS/Source/portable/MemMang/heap_4.c.obj
 .text.prvInsertBlockIntoFreeList
                0x08006fa0       0x64 CMakeFiles/get-started.elf.dir/Middlewares/Third_Party/FreeRTOS/Source/portable/MemMang/heap_4.c.obj
 .text.pvPortMalloc
                0x08007004      0x104 CMakeFiles/get-started.elf.dir/Middlewares/Third_Party/FreeRTOS/Source/portable/MemMang/heap_4.c.obj
                0x08007004                pvPortMalloc
 .text.vPortFree
                0x08007108       0x7c CMakeFiles/get-started.elf.dir/Middlewares/Third_Party/FreeRTOS/Source/portable/MemMang/heap_4.c.obj
                0x08007108                vPortFree
 .text.prvIsQueueFull
                0x08007184       0x1e CMakeFiles/get-started.elf.dir/Middlewares/Third_Party/FreeRTOS/Source/queue.c.obj
 .text.prvIsQueueEmpty
                0x080071a2       0x1a CMakeFiles/get-started.elf.dir/Middlewares/Third_Party/FreeRTOS/Source/queue.c.obj
 .text.prvCopyDataToQueue
                0x080071bc       0x76 CMakeFiles/get-started.elf.dir/Middlewares/Third_Party/FreeRTOS/Source/queue.c.obj
 .text.prvCopyDataFromQueue
                0x08007232       0x24 CMakeFiles/get-started.elf.dir/Middlewares/Third_Party/FreeRTOS/Source/queue.c.obj
 .text.prvUnlockQueue
                0x08007256       0x6e CMakeFiles/get-started.elf.dir/Middlewares/Third_Party/FreeRTOS/Source/queue.c.obj
 .text.xQueueGenericReset
                0x080072c4       0x84 CMakeFiles/get-started.elf.dir/Middlewares/Third_Party/FreeRTOS/Source/queue.c.obj
                0x080072c4                xQueueGenericReset
 .text.prvInitialiseNewQueue
                0x08007348       0x22 CMakeFiles/get-started.elf.dir/Middlewares/Third_Party/FreeRTOS/Source/queue.c.obj
 .text.xQueueGenericCreateStatic
                0x0800736a       0xa6 CMakeFiles/get-started.elf.dir/Middlewares/Third_Party/FreeRTOS/Source/queue.c.obj
                0x0800736a                xQueueGenericCreateStatic
 .text.xQueueGenericCreate
                0x08007410       0x48 CMakeFiles/get-started.elf.dir/Middlewares/Third_Party/FreeRTOS/Source/queue.c.obj
                0x08007410                xQueueGenericCreate
 .text.xQueueGenericSend
                0x08007458      0x188 CMakeFiles/get-started.elf.dir/Middlewares/Third_Party/FreeRTOS/Source/queue.c.obj
                0x08007458                xQueueGenericSend
 .text.xQueueGenericSendFromISR
                0x080075e0       0xce CMakeFiles/get-started.elf.dir/Middlewares/Third_Party/FreeRTOS/Source/queue.c.obj
                0x080075e0                xQueueGenericSendFromISR
 .text.xQueueReceive
                0x080076ae      0x15e CMakeFiles/get-started.elf.dir/Middlewares/Third_Party/FreeRTOS/Source/queue.c.obj
                0x080076ae                xQueueReceive
 .text.vQueueAddToRegistry
                0x0800780c       0x28 CMakeFiles/get-started.elf.dir/Middlewares/Third_Party/FreeRTOS/Source/queue.c.obj
                0x0800780c                vQueueAddToRegistry
 .text.vQueueWaitForMessageRestricted
                0x08007834       0x52 CMakeFiles/get-started.elf.dir/Middlewares/Third_Party/FreeRTOS/Source/queue.c.obj
                0x08007834                vQueueWaitForMessageRestricted
 *fill*         0x08007886        0x2 
 .text.prvResetNextTaskUnblockTime
                0x08007888       0x2c CMakeFiles/get-started.elf.dir/Middlewares/Third_Party/FreeRTOS/Source/tasks.c.obj
 .text.prvInitialiseNewTask
                0x080078b4      0x104 CMakeFiles/get-started.elf.dir/Middlewares/Third_Party/FreeRTOS/Source/tasks.c.obj
 .text.prvInitialiseTaskLists
                0x080079b8       0x68 CMakeFiles/get-started.elf.dir/Middlewares/Third_Party/FreeRTOS/Source/tasks.c.obj
 .text.prvAddNewTaskToReadyList
                0x08007a20       0xac CMakeFiles/get-started.elf.dir/Middlewares/Third_Party/FreeRTOS/Source/tasks.c.obj
 .text.prvDeleteTCB
                0x08007acc       0x40 CMakeFiles/get-started.elf.dir/Middlewares/Third_Party/FreeRTOS/Source/tasks.c.obj
 .text.prvCheckTasksWaitingTermination
                0x08007b0c       0x4c CMakeFiles/get-started.elf.dir/Middlewares/Third_Party/FreeRTOS/Source/tasks.c.obj
 .text.prvIdleTask
                0x08007b58       0x28 CMakeFiles/get-started.elf.dir/Middlewares/Third_Party/FreeRTOS/Source/tasks.c.obj
 .text.prvAddCurrentTaskToDelayedList
                0x08007b80       0x84 CMakeFiles/get-started.elf.dir/Middlewares/Third_Party/FreeRTOS/Source/tasks.c.obj
 .text.xTaskCreateStatic
                0x08007c04       0x7a CMakeFiles/get-started.elf.dir/Middlewares/Third_Party/FreeRTOS/Source/tasks.c.obj
                0x08007c04                xTaskCreateStatic
 .text.xTaskCreate
                0x08007c7e       0x66 CMakeFiles/get-started.elf.dir/Middlewares/Third_Party/FreeRTOS/Source/tasks.c.obj
                0x08007c7e                xTaskCreate
 .text.vTaskDelete
                0x08007ce4       0xb8 CMakeFiles/get-started.elf.dir/Middlewares/Third_Party/FreeRTOS/Source/tasks.c.obj
                0x08007ce4                vTaskDelete
 .text.vTaskStartScheduler
                0x08007d9c       0xac CMakeFiles/get-started.elf.dir/Middlewares/Third_Party/FreeRTOS/Source/tasks.c.obj
                0x08007d9c                vTaskStartScheduler
 .text.vTaskSuspendAll
                0x08007e48       0x10 CMakeFiles/get-started.elf.dir/Middlewares/Third_Party/FreeRTOS/Source/tasks.c.obj
                0x08007e48                vTaskSuspendAll
 .text.xTaskGetTickCount
                0x08007e58        0xc CMakeFiles/get-started.elf.dir/Middlewares/Third_Party/FreeRTOS/Source/tasks.c.obj
                0x08007e58                xTaskGetTickCount
 .text.xTaskGetTickCountFromISR
                0x08007e64       0x10 CMakeFiles/get-started.elf.dir/Middlewares/Third_Party/FreeRTOS/Source/tasks.c.obj
                0x08007e64                xTaskGetTickCountFromISR
 .text.xTaskIncrementTick
                0x08007e74      0x118 CMakeFiles/get-started.elf.dir/Middlewares/Third_Party/FreeRTOS/Source/tasks.c.obj
                0x08007e74                xTaskIncrementTick
 .text.xTaskResumeAll
                0x08007f8c       0xf8 CMakeFiles/get-started.elf.dir/Middlewares/Third_Party/FreeRTOS/Source/tasks.c.obj
                0x08007f8c                xTaskResumeAll
 .text.vTaskDelayUntil
                0x08008084       0xa4 CMakeFiles/get-started.elf.dir/Middlewares/Third_Party/FreeRTOS/Source/tasks.c.obj
                0x08008084                vTaskDelayUntil
 .text.vTaskDelay
                0x08008128       0x4c CMakeFiles/get-started.elf.dir/Middlewares/Third_Party/FreeRTOS/Source/tasks.c.obj
                0x08008128                vTaskDelay
 .text.vTaskSwitchContext
                0x08008174       0xa4 CMakeFiles/get-started.elf.dir/Middlewares/Third_Party/FreeRTOS/Source/tasks.c.obj
                0x08008174                vTaskSwitchContext
 .text.vTaskPlaceOnEventList
                0x08008218       0x30 CMakeFiles/get-started.elf.dir/Middlewares/Third_Party/FreeRTOS/Source/tasks.c.obj
                0x08008218                vTaskPlaceOnEventList
 .text.vTaskPlaceOnEventListRestricted
                0x08008248       0x38 CMakeFiles/get-started.elf.dir/Middlewares/Third_Party/FreeRTOS/Source/tasks.c.obj
                0x08008248                vTaskPlaceOnEventListRestricted
 .text.xTaskRemoveFromEventList
                0x08008280       0x8c CMakeFiles/get-started.elf.dir/Middlewares/Third_Party/FreeRTOS/Source/tasks.c.obj
                0x08008280                xTaskRemoveFromEventList
 .text.vTaskInternalSetTimeOutState
                0x0800830c       0x18 CMakeFiles/get-started.elf.dir/Middlewares/Third_Party/FreeRTOS/Source/tasks.c.obj
                0x0800830c                vTaskInternalSetTimeOutState
 .text.xTaskCheckForTimeOut
                0x08008324       0x84 CMakeFiles/get-started.elf.dir/Middlewares/Third_Party/FreeRTOS/Source/tasks.c.obj
                0x08008324                xTaskCheckForTimeOut
 .text.vTaskMissedYield
                0x080083a8        0xc CMakeFiles/get-started.elf.dir/Middlewares/Third_Party/FreeRTOS/Source/tasks.c.obj
                0x080083a8                vTaskMissedYield
 .text.xTaskGetSchedulerState
                0x080083b4       0x20 CMakeFiles/get-started.elf.dir/Middlewares/Third_Party/FreeRTOS/Source/tasks.c.obj
                0x080083b4                xTaskGetSchedulerState
 .text.xTaskPriorityDisinherit
                0x080083d4       0x90 CMakeFiles/get-started.elf.dir/Middlewares/Third_Party/FreeRTOS/Source/tasks.c.obj
                0x080083d4                xTaskPriorityDisinherit
 .text.prvGetNextExpireTime
                0x08008464       0x20 CMakeFiles/get-started.elf.dir/Middlewares/Third_Party/FreeRTOS/Source/timers.c.obj
 .text.prvInsertTimerInActiveList
                0x08008484       0x50 CMakeFiles/get-started.elf.dir/Middlewares/Third_Party/FreeRTOS/Source/timers.c.obj
 .text.prvCheckForValidListAndQueue
                0x080084d4       0x70 CMakeFiles/get-started.elf.dir/Middlewares/Third_Party/FreeRTOS/Source/timers.c.obj
 .text.xTimerCreateTimerTask
                0x08008544       0x64 CMakeFiles/get-started.elf.dir/Middlewares/Third_Party/FreeRTOS/Source/timers.c.obj
                0x08008544                xTimerCreateTimerTask
 .text.xTimerGenericCommand
                0x080085a8       0x6c CMakeFiles/get-started.elf.dir/Middlewares/Third_Party/FreeRTOS/Source/timers.c.obj
                0x080085a8                xTimerGenericCommand
 .text.prvSwitchTimerLists
                0x08008614       0x7c CMakeFiles/get-started.elf.dir/Middlewares/Third_Party/FreeRTOS/Source/timers.c.obj
 .text.prvSampleTimeNow
                0x08008690       0x2c CMakeFiles/get-started.elf.dir/Middlewares/Third_Party/FreeRTOS/Source/timers.c.obj
 .text.prvProcessExpiredTimer
                0x080086bc       0x6c CMakeFiles/get-started.elf.dir/Middlewares/Third_Party/FreeRTOS/Source/timers.c.obj
 .text.prvProcessTimerOrBlockTask
                0x08008728       0x78 CMakeFiles/get-started.elf.dir/Middlewares/Third_Party/FreeRTOS/Source/timers.c.obj
 .text.prvProcessReceivedCommands
                0x080087a0      0x10c CMakeFiles/get-started.elf.dir/Middlewares/Third_Party/FreeRTOS/Source/timers.c.obj
 .text.prvTimerTask
                0x080088ac       0x16 CMakeFiles/get-started.elf.dir/Middlewares/Third_Party/FreeRTOS/Source/timers.c.obj
 *fill*         0x080088c2        0x2 
 .text.TorqueToIq_6010
                0x080088c4       0x10 CMakeFiles/get-started.elf.dir/SYS/C/Motor.c.obj
                0x080088c4                TorqueToIq_6010
 .text.TorqueToIq_4015
                0x080088d4       0x10 CMakeFiles/get-started.elf.dir/SYS/C/Motor.c.obj
                0x080088d4                TorqueToIq_4015
 .text.Revolt40151
                0x080088e4       0x3c CMakeFiles/get-started.elf.dir/SYS/C/Motor.c.obj
                0x080088e4                Revolt40151
 .text.Revolt   0x08008920       0x10 CMakeFiles/get-started.elf.dir/SYS/C/Motor.c.obj
                0x08008920                Revolt
 .text.Motor_Init
                0x08008930       0x24 CMakeFiles/get-started.elf.dir/SYS/C/Motor.c.obj
                0x08008930                Motor_Init
 .text.Motor_Updata
                0x08008954       0x48 CMakeFiles/get-started.elf.dir/SYS/C/Motor.c.obj
                0x08008954                Motor_Updata
 .text.Motor_SendIq_Task
                0x0800899c       0x60 CMakeFiles/get-started.elf.dir/SYS/C/Motor.c.obj
                0x0800899c                Motor_SendIq_Task
 .text.Kalman_Init
                0x080089fc       0x1a CMakeFiles/get-started.elf.dir/SYS/C/Motor.c.obj
                0x080089fc                Kalman_Init
 *fill*         0x08008a16        0x2 
 .text.Motor_InitAll
                0x08008a18      0x170 CMakeFiles/get-started.elf.dir/SYS/C/Motor.c.obj
                0x08008a18                Motor_InitAll
 .text.CAN_Task_Init
                0x08008b88       0x1c CMakeFiles/get-started.elf.dir/SYS/C/canData.c.obj
                0x08008b88                CAN_Task_Init
 .text.CAN_RecvCallBack
                0x08008ba4      0x10c CMakeFiles/get-started.elf.dir/SYS/C/canData.c.obj
                0x08008ba4                CAN_RecvCallBack
 .text.HAL_FDCAN_RxFifo0Callback
                0x08008cb0       0x28 CMakeFiles/get-started.elf.dir/SYS/C/canData.c.obj
                0x08008cb0                HAL_FDCAN_RxFifo0Callback
 .text.CAN_SendFrame
                0x08008cd8       0x30 CMakeFiles/get-started.elf.dir/SYS/C/canData.c.obj
                0x08008cd8                CAN_SendFrame
 .text.PID_Init
                0x08008d08        0x2 CMakeFiles/get-started.elf.dir/SYS/C/control.c.obj
                0x08008d08                PID_Init
 *fill*         0x08008d0a        0x2 
 .text.ledColorShow
                0x08008d0c      0x124 CMakeFiles/get-started.elf.dir/SYS/C/control.c.obj
                0x08008d0c                ledColorShow
 .text.stateShow
                0x08008e30       0xf8 CMakeFiles/get-started.elf.dir/SYS/C/control.c.obj
                0x08008e30                stateShow
 .text.controlBegin
                0x08008f28       0x4c CMakeFiles/get-started.elf.dir/SYS/C/control.c.obj
                0x08008f28                controlBegin
 .text.inverseKinematicsTask
                0x08008f74       0x18 CMakeFiles/get-started.elf.dir/SYS/C/dataRec.c.obj
                0x08008f74                inverseKinematicsTask
 .text.loopTask
                0x08008f8c       0x58 CMakeFiles/get-started.elf.dir/SYS/C/entry.c.obj
                0x08008f8c                loopTask
 .text.setupTask
                0x08008fe4       0x9c CMakeFiles/get-started.elf.dir/SYS/C/entry.c.obj
                0x08008fe4                setupTask
 .text.HAL_UART_RxCpltCallback
                0x08009080       0xd0 CMakeFiles/get-started.elf.dir/SYS/C/entry.c.obj
                0x08009080                HAL_UART_RxCpltCallback
 .text.__udivmoddi4
                0x08009150      0x2bc D:/ITapp/arm GNU/13.3 rel1/bin/../lib/gcc/arm-none-eabi/13.3.1/thumb/v7e-m+fp/hard\libgcc.a(_udivmoddi4.o)
                0x08009150                __udivmoddi4
 .text.memset   0x0800940c       0xa4 D:/ITapp/arm GNU/13.3 rel1/bin/../lib/gcc/arm-none-eabi/13.3.1/thumb/v7e-m+fp/hard\libg.a(libc_a-memset.o)
                0x0800940c                memset
 .text._reclaim_reent
                0x080094b0       0x6c D:/ITapp/arm GNU/13.3 rel1/bin/../lib/gcc/arm-none-eabi/13.3.1/thumb/v7e-m+fp/hard\libg.a(libc_a-reent.o)
                0x080094b0                _reclaim_reent
 .text.__errno  0x0800951c        0xc D:/ITapp/arm GNU/13.3 rel1/bin/../lib/gcc/arm-none-eabi/13.3.1/thumb/v7e-m+fp/hard\libg.a(libc_a-errno.o)
                0x0800951c                __errno
 .text.__libc_init_array
                0x08009528       0x50 D:/ITapp/arm GNU/13.3 rel1/bin/../lib/gcc/arm-none-eabi/13.3.1/thumb/v7e-m+fp/hard\libg.a(libc_a-init.o)
                0x08009528                __libc_init_array
 .text.__retarget_lock_acquire_recursive
                0x08009578        0x4 D:/ITapp/arm GNU/13.3 rel1/bin/../lib/gcc/arm-none-eabi/13.3.1/thumb/v7e-m+fp/hard\libg.a(libc_a-lock.o)
                0x08009578                __retarget_lock_acquire_recursive
 .text.__retarget_lock_release_recursive
                0x0800957c        0x4 D:/ITapp/arm GNU/13.3 rel1/bin/../lib/gcc/arm-none-eabi/13.3.1/thumb/v7e-m+fp/hard\libg.a(libc_a-lock.o)
                0x0800957c                __retarget_lock_release_recursive
 .text.startup.register_fini
                0x08009580       0x14 D:/ITapp/arm GNU/13.3 rel1/bin/../lib/gcc/arm-none-eabi/13.3.1/thumb/v7e-m+fp/hard\libg.a(libc_a-__call_atexit.o)
 .text.atexit   0x08009594        0xc D:/ITapp/arm GNU/13.3 rel1/bin/../lib/gcc/arm-none-eabi/13.3.1/thumb/v7e-m+fp/hard\libg.a(libc_a-atexit.o)
                0x08009594                atexit
 .text._malloc_trim_r
                0x080095a0       0xb8 D:/ITapp/arm GNU/13.3 rel1/bin/../lib/gcc/arm-none-eabi/13.3.1/thumb/v7e-m+fp/hard\libg.a(libc_a-freer.o)
                0x080095a0                _malloc_trim_r
 .text._free_r  0x08009658      0x1f8 D:/ITapp/arm GNU/13.3 rel1/bin/../lib/gcc/arm-none-eabi/13.3.1/thumb/v7e-m+fp/hard\libg.a(libc_a-freer.o)
                0x08009658                _free_r
 .text.__malloc_lock
                0x08009850        0xc D:/ITapp/arm GNU/13.3 rel1/bin/../lib/gcc/arm-none-eabi/13.3.1/thumb/v7e-m+fp/hard\libg.a(libc_a-mlock.o)
                0x08009850                __malloc_lock
 .text.__malloc_unlock
                0x0800985c        0xc D:/ITapp/arm GNU/13.3 rel1/bin/../lib/gcc/arm-none-eabi/13.3.1/thumb/v7e-m+fp/hard\libg.a(libc_a-mlock.o)
                0x0800985c                __malloc_unlock
 .text._sbrk_r  0x08009868       0x24 D:/ITapp/arm GNU/13.3 rel1/bin/../lib/gcc/arm-none-eabi/13.3.1/thumb/v7e-m+fp/hard\libg.a(libc_a-sbrkr.o)
                0x08009868                _sbrk_r
 .text.__libc_fini_array
                0x0800988c       0x28 D:/ITapp/arm GNU/13.3 rel1/bin/../lib/gcc/arm-none-eabi/13.3.1/thumb/v7e-m+fp/hard\libg.a(libc_a-fini.o)
                0x0800988c                __libc_fini_array
 .text.sysconf  0x080098b4       0x1c D:/ITapp/arm GNU/13.3 rel1/bin/../lib/gcc/arm-none-eabi/13.3.1/thumb/v7e-m+fp/hard\libg.a(libc_a-sysconf.o)
                0x080098b4                sysconf
 .text.__register_exitproc
                0x080098d0       0x80 D:/ITapp/arm GNU/13.3 rel1/bin/../lib/gcc/arm-none-eabi/13.3.1/thumb/v7e-m+fp/hard\libg.a(libc_a-__atexit.o)
                0x080098d0                __register_exitproc
 .text.fmodf    0x08009950       0x48 D:/ITapp/arm GNU/13.3 rel1/bin/../lib/gcc/arm-none-eabi/13.3.1/thumb/v7e-m+fp/hard\libm.a(libm_a-wf_fmod.o)
                0x08009950                fmodf
 .text.__ieee754_fmodf
                0x08009998      0x140 D:/ITapp/arm GNU/13.3 rel1/bin/../lib/gcc/arm-none-eabi/13.3.1/thumb/v7e-m+fp/hard\libm.a(libm_a-ef_fmod.o)
                0x08009998                __ieee754_fmodf
 *(.glue_7)
 .glue_7        0x08009ad8        0x0 linker stubs
 *(.glue_7t)
 .glue_7t       0x08009ad8        0x0 linker stubs
 *(.eh_frame)
 .eh_frame      0x08009ad8        0x0 D:/ITapp/arm GNU/13.3 rel1/bin/../lib/gcc/arm-none-eabi/13.3.1/thumb/v7e-m+fp/hard/crtbegin.o
 *(.init)
 .init          0x08009ad8        0x4 D:/ITapp/arm GNU/13.3 rel1/bin/../lib/gcc/arm-none-eabi/13.3.1/thumb/v7e-m+fp/hard/crti.o
                0x08009ad8                _init
 .init          0x08009adc        0x8 D:/ITapp/arm GNU/13.3 rel1/bin/../lib/gcc/arm-none-eabi/13.3.1/thumb/v7e-m+fp/hard/crtn.o
 *(.fini)
 .fini          0x08009ae4        0x4 D:/ITapp/arm GNU/13.3 rel1/bin/../lib/gcc/arm-none-eabi/13.3.1/thumb/v7e-m+fp/hard/crti.o
                0x08009ae4                _fini
 .fini          0x08009ae8        0x8 D:/ITapp/arm GNU/13.3 rel1/bin/../lib/gcc/arm-none-eabi/13.3.1/thumb/v7e-m+fp/hard/crtn.o
                0x08009af0                        . = ALIGN (0x4)
                0x08009af0                        _etext = .

.vfp11_veneer   0x08009af0        0x0
 .vfp11_veneer  0x08009af0        0x0 linker stubs

.v4_bx          0x08009af0        0x0
 .v4_bx         0x08009af0        0x0 linker stubs

.iplt           0x08009af0        0x0
 .iplt          0x08009af0        0x0 D:/ITapp/arm GNU/13.3 rel1/bin/../lib/gcc/arm-none-eabi/13.3.1/thumb/v7e-m+fp/hard/crtbegin.o

.rodata         0x08009af0      0x180
                0x08009af0                        . = ALIGN (0x4)
 *(.rodata)
 .rodata        0x08009af0       0x4c CMakeFiles/get-started.elf.dir/Drivers/STM32H7xx_HAL_Driver/Src/stm32h7xx_hal_fdcan.c.obj
 .rodata        0x08009b3c       0x18 CMakeFiles/get-started.elf.dir/SYS/C/Motor.c.obj
 *(.rodata*)
 .rodata.MX_FREERTOS_Init.str1.4
                0x08009b54       0x66 CMakeFiles/get-started.elf.dir/Core/Src/freertos.c.obj
                                  0xa (size before relaxing)
 .rodata.str1.4
                0x08009bba        0xc CMakeFiles/get-started.elf.dir/Core/Src/freertos.c.obj
 *fill*         0x08009bba        0x2 
 .rodata.defaultTask_attributes
                0x08009bbc       0x24 CMakeFiles/get-started.elf.dir/Core/Src/freertos.c.obj
                0x08009bbc                defaultTask_attributes
 .rodata.D1CorePrescTable
                0x08009be0       0x10 CMakeFiles/get-started.elf.dir/Core/Src/system_stm32h7xx.c.obj
                0x08009be0                D1CorePrescTable
 .rodata.DLCtoBytes
                0x08009bf0       0x10 CMakeFiles/get-started.elf.dir/Drivers/STM32H7xx_HAL_Driver/Src/stm32h7xx_hal_fdcan.c.obj
 .rodata.UARTPrescTable
                0x08009c00       0x18 CMakeFiles/get-started.elf.dir/Drivers/STM32H7xx_HAL_Driver/Src/stm32h7xx_hal_uart.c.obj
                0x08009c00                UARTPrescTable
 .rodata.denominator.0
                0x08009c18        0x8 CMakeFiles/get-started.elf.dir/Drivers/STM32H7xx_HAL_Driver/Src/stm32h7xx_hal_uart_ex.c.obj
 .rodata.numerator.1
                0x08009c20        0x8 CMakeFiles/get-started.elf.dir/Drivers/STM32H7xx_HAL_Driver/Src/stm32h7xx_hal_uart_ex.c.obj
 .rodata.vTaskStartScheduler.str1.4
                0x08009c28        0x5 CMakeFiles/get-started.elf.dir/Middlewares/Third_Party/FreeRTOS/Source/tasks.c.obj
 .rodata.prvCheckForValidListAndQueue.str1.4
                0x08009c28        0x5 CMakeFiles/get-started.elf.dir/Middlewares/Third_Party/FreeRTOS/Source/timers.c.obj
 .rodata.xTimerCreateTimerTask.str1.4
                0x08009c28        0x8 CMakeFiles/get-started.elf.dir/Middlewares/Third_Party/FreeRTOS/Source/timers.c.obj
 .rodata.blink_params
                0x08009c28       0x40 CMakeFiles/get-started.elf.dir/SYS/C/control.c.obj
 .rodata.setupTask.str1.4
                0x08009c68       0x36 CMakeFiles/get-started.elf.dir/SYS/C/entry.c.obj
 .rodata.Zero   0x08009c68        0x8 D:/ITapp/arm GNU/13.3 rel1/bin/../lib/gcc/arm-none-eabi/13.3.1/thumb/v7e-m+fp/hard\libm.a(libm_a-ef_fmod.o)
                0x08009ca0                        . = ALIGN (0x4)

.ARM.extab
 *(.ARM.extab* .gnu.linkonce.armextab.*)

.ARM            0x08009c70        0x8
                0x08009c70                        __exidx_start = .
 *(.ARM.exidx*)
 .ARM.exidx     0x08009c70        0x8 D:/ITapp/arm GNU/13.3 rel1/bin/../lib/gcc/arm-none-eabi/13.3.1/thumb/v7e-m+fp/hard\libg.a(libc_a-memcpy.o)
 .ARM.exidx     0x08009c78        0x0 D:/ITapp/arm GNU/13.3 rel1/bin/../lib/gcc/arm-none-eabi/13.3.1/thumb/v7e-m+fp/hard\libg.a(libc_a-strlen.o)
                                  0x8 (size before relaxing)
 .ARM.exidx.text.__udivmoddi4
                0x08009c78        0x0 D:/ITapp/arm GNU/13.3 rel1/bin/../lib/gcc/arm-none-eabi/13.3.1/thumb/v7e-m+fp/hard\libgcc.a(_udivmoddi4.o)
                                  0x8 (size before relaxing)
                0x08009c78                        __exidx_end = .

.preinit_array  0x08009c78        0x0
                0x08009c78                        PROVIDE (__preinit_array_start = .)
 *(.preinit_array*)
                0x08009c78                        PROVIDE (__preinit_array_end = .)

.init_array     0x08009c78        0x8
                0x08009c78                        PROVIDE (__init_array_start = .)
 *(SORT_BY_NAME(.init_array.*))
 .init_array.00000
                0x08009c78        0x4 D:/ITapp/arm GNU/13.3 rel1/bin/../lib/gcc/arm-none-eabi/13.3.1/thumb/v7e-m+fp/hard\libg.a(libc_a-__call_atexit.o)
 *(.init_array*)
 .init_array    0x08009c7c        0x4 D:/ITapp/arm GNU/13.3 rel1/bin/../lib/gcc/arm-none-eabi/13.3.1/thumb/v7e-m+fp/hard/crtbegin.o
                0x08009c80                        PROVIDE (__init_array_end = .)

.fini_array     0x08009c80        0x4
                0x08009c80                        PROVIDE (__fini_array_start = .)
 *(SORT_BY_NAME(.fini_array.*))
 *(.fini_array*)
 .fini_array    0x08009c80        0x4 D:/ITapp/arm GNU/13.3 rel1/bin/../lib/gcc/arm-none-eabi/13.3.1/thumb/v7e-m+fp/hard/crtbegin.o
                0x08009c84                        PROVIDE (__fini_array_end = .)
                0x08009c84                        _sidata = LOADADDR (.data)

.rel.dyn        0x08009c84        0x0
 .rel.iplt      0x08009c84        0x0 D:/ITapp/arm GNU/13.3 rel1/bin/../lib/gcc/arm-none-eabi/13.3.1/thumb/v7e-m+fp/hard/crtbegin.o

.data           0x24000000      0x578 load address 0x08009c84
                0x24000000                        . = ALIGN (0x4)
                0x24000000                        _sdata = .
 *(.data)
 *(.data*)
 .data.SystemD2Clock
                0x24000000        0x4 CMakeFiles/get-started.elf.dir/Core/Src/system_stm32h7xx.c.obj
                0x24000000                SystemD2Clock
 .data.SystemCoreClock
                0x24000004        0x4 CMakeFiles/get-started.elf.dir/Core/Src/system_stm32h7xx.c.obj
                0x24000004                SystemCoreClock
 .data.uwTickFreq
                0x24000008        0x1 CMakeFiles/get-started.elf.dir/Drivers/STM32H7xx_HAL_Driver/Src/stm32h7xx_hal.c.obj
                0x24000008                uwTickFreq
 *fill*         0x24000009        0x3 
 .data.uwTickPrio
                0x2400000c        0x4 CMakeFiles/get-started.elf.dir/Drivers/STM32H7xx_HAL_Driver/Src/stm32h7xx_hal.c.obj
                0x2400000c                uwTickPrio
 .data.uxCriticalNesting
                0x24000010        0x4 CMakeFiles/get-started.elf.dir/Middlewares/Third_Party/FreeRTOS/Source/portable/GCC/ARM_CM4F/port.c.obj
 .data.blink_state
                0x24000014        0x8 CMakeFiles/get-started.elf.dir/SYS/C/control.c.obj
 .data._impure_ptr
                0x2400001c        0x4 D:/ITapp/arm GNU/13.3 rel1/bin/../lib/gcc/arm-none-eabi/13.3.1/thumb/v7e-m+fp/hard\libg.a(libc_a-impure.o)
                0x2400001c                _impure_ptr
 .data._impure_data
                0x24000020      0x140 D:/ITapp/arm GNU/13.3 rel1/bin/../lib/gcc/arm-none-eabi/13.3.1/thumb/v7e-m+fp/hard\libg.a(libc_a-impure.o)
                0x24000020                _impure_data
 .data.__atexit_recursive_mutex
                0x24000160        0x4 D:/ITapp/arm GNU/13.3 rel1/bin/../lib/gcc/arm-none-eabi/13.3.1/thumb/v7e-m+fp/hard\libg.a(libc_a-__call_atexit.o)
                0x24000160                __atexit_recursive_mutex
 .data.__malloc_sbrk_base
                0x24000164        0x4 D:/ITapp/arm GNU/13.3 rel1/bin/../lib/gcc/arm-none-eabi/13.3.1/thumb/v7e-m+fp/hard\libg.a(libc_a-mallocr.o)
                0x24000164                __malloc_sbrk_base
 .data.__malloc_trim_threshold
                0x24000168        0x4 D:/ITapp/arm GNU/13.3 rel1/bin/../lib/gcc/arm-none-eabi/13.3.1/thumb/v7e-m+fp/hard\libg.a(libc_a-mallocr.o)
                0x24000168                __malloc_trim_threshold
 *fill*         0x2400016c        0x4 
 .data.__malloc_av_
                0x24000170      0x408 D:/ITapp/arm GNU/13.3 rel1/bin/../lib/gcc/arm-none-eabi/13.3.1/thumb/v7e-m+fp/hard\libg.a(libc_a-mallocr.o)
                0x24000170                __malloc_av_
 *(.RamFunc)
 *(.RamFunc*)
                0x24000578                        . = ALIGN (0x4)
                0x24000578                        _edata = .

.tm_clone_table
                0x24000578        0x0 load address 0x0800a1fc
 .tm_clone_table
                0x24000578        0x0 D:/ITapp/arm GNU/13.3 rel1/bin/../lib/gcc/arm-none-eabi/13.3.1/thumb/v7e-m+fp/hard/crtbegin.o
 .tm_clone_table
                0x24000578        0x0 D:/ITapp/arm GNU/13.3 rel1/bin/../lib/gcc/arm-none-eabi/13.3.1/thumb/v7e-m+fp/hard/crtend.o

.igot.plt       0x24000578        0x0 load address 0x0800a1fc
 .igot.plt      0x24000578        0x0 D:/ITapp/arm GNU/13.3 rel1/bin/../lib/gcc/arm-none-eabi/13.3.1/thumb/v7e-m+fp/hard/crtbegin.o
                0x24000578                        . = ALIGN (0x4)

.bss            0x24000578     0x5534 load address 0x0800a1fc
                0x24000578                        _sbss = .
                0x24000578                        __bss_start__ = _sbss
 *(.bss)
 *(.bss*)
 .bss.completed.1
                0x24000578        0x1 D:/ITapp/arm GNU/13.3 rel1/bin/../lib/gcc/arm-none-eabi/13.3.1/thumb/v7e-m+fp/hard/crtbegin.o
 *fill*         0x24000579        0x3 
 .bss.object.0  0x2400057c       0x18 D:/ITapp/arm GNU/13.3 rel1/bin/../lib/gcc/arm-none-eabi/13.3.1/thumb/v7e-m+fp/hard/crtbegin.o
 .bss.hfdcan2   0x24000594       0xa0 CMakeFiles/get-started.elf.dir/Core/Src/fdcan.c.obj
                0x24000594                hfdcan2
 .bss.defaultTaskHandle
                0x24000634        0x4 CMakeFiles/get-started.elf.dir/Core/Src/freertos.c.obj
                0x24000634                defaultTaskHandle
 .bss.hi2c1     0x24000638       0x54 CMakeFiles/get-started.elf.dir/Core/Src/i2c.c.obj
                0x24000638                hi2c1
 .bss.htim5     0x2400068c       0x4c CMakeFiles/get-started.elf.dir/Core/Src/stm32h7xx_hal_timebase_tim.c.obj
                0x2400068c                htim5
 .bss.__sbrk_heap_end
                0x240006d8        0x4 CMakeFiles/get-started.elf.dir/Core/Src/sysmem.c.obj
 .bss.htim8     0x240006dc       0x4c CMakeFiles/get-started.elf.dir/Core/Src/tim.c.obj
                0x240006dc                htim8
 .bss.htim4     0x24000728       0x4c CMakeFiles/get-started.elf.dir/Core/Src/tim.c.obj
                0x24000728                htim4
 .bss.htim3     0x24000774       0x4c CMakeFiles/get-started.elf.dir/Core/Src/tim.c.obj
                0x24000774                htim3
 .bss.htim2     0x240007c0       0x4c CMakeFiles/get-started.elf.dir/Core/Src/tim.c.obj
                0x240007c0                htim2
 .bss.htim1     0x2400080c       0x4c CMakeFiles/get-started.elf.dir/Core/Src/tim.c.obj
                0x2400080c                htim1
 .bss.huart1    0x24000858       0x94 CMakeFiles/get-started.elf.dir/Core/Src/usart.c.obj
                0x24000858                huart1
 .bss.uwTick    0x240008ec        0x4 CMakeFiles/get-started.elf.dir/Drivers/STM32H7xx_HAL_Driver/Src/stm32h7xx_hal.c.obj
                0x240008ec                uwTick
 .bss.Timer_Stack.0
                0x240008f0      0x400 CMakeFiles/get-started.elf.dir/Middlewares/Third_Party/FreeRTOS/Source/CMSIS_RTOS_V2/cmsis_os2.c.obj
 .bss.Timer_TCB.1
                0x24000cf0      0x1a0 CMakeFiles/get-started.elf.dir/Middlewares/Third_Party/FreeRTOS/Source/CMSIS_RTOS_V2/cmsis_os2.c.obj
 .bss.Idle_Stack.2
                0x24000e90      0x200 CMakeFiles/get-started.elf.dir/Middlewares/Third_Party/FreeRTOS/Source/CMSIS_RTOS_V2/cmsis_os2.c.obj
 .bss.Idle_TCB.3
                0x24001090      0x1a0 CMakeFiles/get-started.elf.dir/Middlewares/Third_Party/FreeRTOS/Source/CMSIS_RTOS_V2/cmsis_os2.c.obj
 .bss.KernelState
                0x24001230        0x4 CMakeFiles/get-started.elf.dir/Middlewares/Third_Party/FreeRTOS/Source/CMSIS_RTOS_V2/cmsis_os2.c.obj
 .bss.ulMaxPRIGROUPValue
                0x24001234        0x4 CMakeFiles/get-started.elf.dir/Middlewares/Third_Party/FreeRTOS/Source/portable/GCC/ARM_CM4F/port.c.obj
 .bss.ucMaxSysCallPriority
                0x24001238        0x1 CMakeFiles/get-started.elf.dir/Middlewares/Third_Party/FreeRTOS/Source/portable/GCC/ARM_CM4F/port.c.obj
 *fill*         0x24001239        0x3 
 .bss.xBlockAllocatedBit
                0x2400123c        0x4 CMakeFiles/get-started.elf.dir/Middlewares/Third_Party/FreeRTOS/Source/portable/MemMang/heap_4.c.obj
 .bss.xNumberOfSuccessfulFrees
                0x24001240        0x4 CMakeFiles/get-started.elf.dir/Middlewares/Third_Party/FreeRTOS/Source/portable/MemMang/heap_4.c.obj
 .bss.xNumberOfSuccessfulAllocations
                0x24001244        0x4 CMakeFiles/get-started.elf.dir/Middlewares/Third_Party/FreeRTOS/Source/portable/MemMang/heap_4.c.obj
 .bss.xMinimumEverFreeBytesRemaining
                0x24001248        0x4 CMakeFiles/get-started.elf.dir/Middlewares/Third_Party/FreeRTOS/Source/portable/MemMang/heap_4.c.obj
 .bss.xFreeBytesRemaining
                0x2400124c        0x4 CMakeFiles/get-started.elf.dir/Middlewares/Third_Party/FreeRTOS/Source/portable/MemMang/heap_4.c.obj
 .bss.pxEnd     0x24001250        0x4 CMakeFiles/get-started.elf.dir/Middlewares/Third_Party/FreeRTOS/Source/portable/MemMang/heap_4.c.obj
 .bss.xStart    0x24001254        0x8 CMakeFiles/get-started.elf.dir/Middlewares/Third_Party/FreeRTOS/Source/portable/MemMang/heap_4.c.obj
 .bss.ucHeap    0x2400125c     0x3c00 CMakeFiles/get-started.elf.dir/Middlewares/Third_Party/FreeRTOS/Source/portable/MemMang/heap_4.c.obj
 .bss.xQueueRegistry
                0x24004e5c       0x40 CMakeFiles/get-started.elf.dir/Middlewares/Third_Party/FreeRTOS/Source/queue.c.obj
                0x24004e5c                xQueueRegistry
 .bss.uxSchedulerSuspended
                0x24004e9c        0x4 CMakeFiles/get-started.elf.dir/Middlewares/Third_Party/FreeRTOS/Source/tasks.c.obj
 .bss.xIdleTaskHandle
                0x24004ea0        0x4 CMakeFiles/get-started.elf.dir/Middlewares/Third_Party/FreeRTOS/Source/tasks.c.obj
 .bss.xNextTaskUnblockTime
                0x24004ea4        0x4 CMakeFiles/get-started.elf.dir/Middlewares/Third_Party/FreeRTOS/Source/tasks.c.obj
 .bss.uxTaskNumber
                0x24004ea8        0x4 CMakeFiles/get-started.elf.dir/Middlewares/Third_Party/FreeRTOS/Source/tasks.c.obj
 .bss.xNumOfOverflows
                0x24004eac        0x4 CMakeFiles/get-started.elf.dir/Middlewares/Third_Party/FreeRTOS/Source/tasks.c.obj
 .bss.xYieldPending
                0x24004eb0        0x4 CMakeFiles/get-started.elf.dir/Middlewares/Third_Party/FreeRTOS/Source/tasks.c.obj
 .bss.xPendedTicks
                0x24004eb4        0x4 CMakeFiles/get-started.elf.dir/Middlewares/Third_Party/FreeRTOS/Source/tasks.c.obj
 .bss.xSchedulerRunning
                0x24004eb8        0x4 CMakeFiles/get-started.elf.dir/Middlewares/Third_Party/FreeRTOS/Source/tasks.c.obj
 .bss.uxTopReadyPriority
                0x24004ebc        0x4 CMakeFiles/get-started.elf.dir/Middlewares/Third_Party/FreeRTOS/Source/tasks.c.obj
 .bss.xTickCount
                0x24004ec0        0x4 CMakeFiles/get-started.elf.dir/Middlewares/Third_Party/FreeRTOS/Source/tasks.c.obj
 .bss.uxCurrentNumberOfTasks
                0x24004ec4        0x4 CMakeFiles/get-started.elf.dir/Middlewares/Third_Party/FreeRTOS/Source/tasks.c.obj
 .bss.xSuspendedTaskList
                0x24004ec8       0x14 CMakeFiles/get-started.elf.dir/Middlewares/Third_Party/FreeRTOS/Source/tasks.c.obj
 .bss.uxDeletedTasksWaitingCleanUp
                0x24004edc        0x4 CMakeFiles/get-started.elf.dir/Middlewares/Third_Party/FreeRTOS/Source/tasks.c.obj
 .bss.xTasksWaitingTermination
                0x24004ee0       0x14 CMakeFiles/get-started.elf.dir/Middlewares/Third_Party/FreeRTOS/Source/tasks.c.obj
 .bss.xPendingReadyList
                0x24004ef4       0x14 CMakeFiles/get-started.elf.dir/Middlewares/Third_Party/FreeRTOS/Source/tasks.c.obj
 .bss.pxOverflowDelayedTaskList
                0x24004f08        0x4 CMakeFiles/get-started.elf.dir/Middlewares/Third_Party/FreeRTOS/Source/tasks.c.obj
 .bss.pxDelayedTaskList
                0x24004f0c        0x4 CMakeFiles/get-started.elf.dir/Middlewares/Third_Party/FreeRTOS/Source/tasks.c.obj
 .bss.xDelayedTaskList2
                0x24004f10       0x14 CMakeFiles/get-started.elf.dir/Middlewares/Third_Party/FreeRTOS/Source/tasks.c.obj
 .bss.xDelayedTaskList1
                0x24004f24       0x14 CMakeFiles/get-started.elf.dir/Middlewares/Third_Party/FreeRTOS/Source/tasks.c.obj
 .bss.pxReadyTasksLists
                0x24004f38      0x460 CMakeFiles/get-started.elf.dir/Middlewares/Third_Party/FreeRTOS/Source/tasks.c.obj
 .bss.pxCurrentTCB
                0x24005398        0x4 CMakeFiles/get-started.elf.dir/Middlewares/Third_Party/FreeRTOS/Source/tasks.c.obj
                0x24005398                pxCurrentTCB
 .bss.xStaticTimerQueue.0
                0x2400539c       0x50 CMakeFiles/get-started.elf.dir/Middlewares/Third_Party/FreeRTOS/Source/timers.c.obj
 .bss.ucStaticTimerQueueStorage.1
                0x240053ec       0xa0 CMakeFiles/get-started.elf.dir/Middlewares/Third_Party/FreeRTOS/Source/timers.c.obj
 .bss.xLastTime.2
                0x2400548c        0x4 CMakeFiles/get-started.elf.dir/Middlewares/Third_Party/FreeRTOS/Source/timers.c.obj
 .bss.xTimerTaskHandle
                0x24005490        0x4 CMakeFiles/get-started.elf.dir/Middlewares/Third_Party/FreeRTOS/Source/timers.c.obj
 .bss.xTimerQueue
                0x24005494        0x4 CMakeFiles/get-started.elf.dir/Middlewares/Third_Party/FreeRTOS/Source/timers.c.obj
 .bss.pxOverflowTimerList
                0x24005498        0x4 CMakeFiles/get-started.elf.dir/Middlewares/Third_Party/FreeRTOS/Source/timers.c.obj
 .bss.pxCurrentTimerList
                0x2400549c        0x4 CMakeFiles/get-started.elf.dir/Middlewares/Third_Party/FreeRTOS/Source/timers.c.obj
 .bss.xActiveTimerList2
                0x240054a0       0x14 CMakeFiles/get-started.elf.dir/Middlewares/Third_Party/FreeRTOS/Source/timers.c.obj
 .bss.xActiveTimerList1
                0x240054b4       0x14 CMakeFiles/get-started.elf.dir/Middlewares/Third_Party/FreeRTOS/Source/timers.c.obj
 .bss.rightWheel
                0x240054c8       0x60 CMakeFiles/get-started.elf.dir/SYS/C/Motor.c.obj
                0x240054c8                rightWheel
 .bss.leftWheel
                0x24005528       0x60 CMakeFiles/get-started.elf.dir/SYS/C/Motor.c.obj
                0x24005528                leftWheel
 .bss.rightJoint
                0x24005588       0xc0 CMakeFiles/get-started.elf.dir/SYS/C/Motor.c.obj
                0x24005588                rightJoint
 .bss.leftJoint
                0x24005648       0xc0 CMakeFiles/get-started.elf.dir/SYS/C/Motor.c.obj
                0x24005648                leftJoint
 .bss.buzzer_state
                0x24005708        0x8 CMakeFiles/get-started.elf.dir/SYS/C/control.c.obj
 .bss.pRxPacket.0
                0x24005710        0x4 CMakeFiles/get-started.elf.dir/SYS/C/entry.c.obj
 .bss.RxState.1
                0x24005714        0x4 CMakeFiles/get-started.elf.dir/SYS/C/entry.c.obj
 .bss.xRecvQueue
                0x24005718        0x4 CMakeFiles/get-started.elf.dir/SYS/C/entry.c.obj
                0x24005718                xRecvQueue
 .bss.worningFlag
                0x2400571c        0x1 CMakeFiles/get-started.elf.dir/SYS/C/entry.c.obj
                0x2400571c                worningFlag
 .bss.stateColor
                0x2400571d        0x1 CMakeFiles/get-started.elf.dir/SYS/C/entry.c.obj
                0x2400571d                stateColor
 *fill*         0x2400571e        0x2 
 .bss.sendmsg   0x24005720       0x40 CMakeFiles/get-started.elf.dir/SYS/C/entry.c.obj
                0x24005720                sendmsg
 .bss.RxData    0x24005760        0x1 CMakeFiles/get-started.elf.dir/SYS/C/entry.c.obj
                0x24005760                RxData
 *fill*         0x24005761        0x3 
 .bss.Serial_buf
                0x24005764       0x40 CMakeFiles/get-started.elf.dir/SYS/C/entry.c.obj
                0x24005764                Serial_buf
 .bss.Serial_RxFlag
                0x240057a4        0x1 CMakeFiles/get-started.elf.dir/SYS/C/entry.c.obj
                0x240057a4                Serial_RxFlag
 *fill*         0x240057a5        0x3 
 .bss.__sf      0x240057a8      0x138 D:/ITapp/arm GNU/13.3 rel1/bin/../lib/gcc/arm-none-eabi/13.3.1/thumb/v7e-m+fp/hard\libg.a(libc_a-findfp.o)
                0x240057a8                __sf
 .bss.errno     0x240058e0        0x4 D:/ITapp/arm GNU/13.3 rel1/bin/../lib/gcc/arm-none-eabi/13.3.1/thumb/v7e-m+fp/hard\libg.a(libc_a-reent.o)
                0x240058e0                errno
 .bss.__lock___malloc_recursive_mutex
                0x240058e4        0x1 D:/ITapp/arm GNU/13.3 rel1/bin/../lib/gcc/arm-none-eabi/13.3.1/thumb/v7e-m+fp/hard\libg.a(libc_a-lock.o)
                0x240058e4                __lock___malloc_recursive_mutex
 *fill*         0x240058e5        0x3 
 .bss.__lock___atexit_recursive_mutex
                0x240058e8        0x1 D:/ITapp/arm GNU/13.3 rel1/bin/../lib/gcc/arm-none-eabi/13.3.1/thumb/v7e-m+fp/hard\libg.a(libc_a-lock.o)
                0x240058e8                __lock___atexit_recursive_mutex
 *fill*         0x240058e9        0x3 
 .bss.__atexit  0x240058ec        0x4 D:/ITapp/arm GNU/13.3 rel1/bin/../lib/gcc/arm-none-eabi/13.3.1/thumb/v7e-m+fp/hard\libg.a(libc_a-__call_atexit.o)
                0x240058ec                __atexit
 .bss.__malloc_current_mallinfo
                0x240058f0       0x28 D:/ITapp/arm GNU/13.3 rel1/bin/../lib/gcc/arm-none-eabi/13.3.1/thumb/v7e-m+fp/hard\libg.a(libc_a-mallocr.o)
                0x240058f0                __malloc_current_mallinfo
 .bss.__malloc_top_pad
                0x24005918        0x4 D:/ITapp/arm GNU/13.3 rel1/bin/../lib/gcc/arm-none-eabi/13.3.1/thumb/v7e-m+fp/hard\libg.a(libc_a-mallocr.o)
                0x24005918                __malloc_top_pad
 .bss.__atexit0
                0x2400591c      0x190 D:/ITapp/arm GNU/13.3 rel1/bin/../lib/gcc/arm-none-eabi/13.3.1/thumb/v7e-m+fp/hard\libg.a(libc_a-__atexit.o)
                0x2400591c                __atexit0
 *(COMMON)
                0x24005aac                        . = ALIGN (0x4)
                0x24005aac                        _ebss = .
                0x24005aac                        __bss_end__ = _ebss

._user_heap_stack
                0x24005aac      0x604 load address 0x0800a1fc
                0x24005ab0                        . = ALIGN (0x8)
 *fill*         0x24005aac        0x4 
                [!provide]                        PROVIDE (end = .)
                0x24005ab0                        PROVIDE (_end = .)
                0x24005cb0                        . = (. + _Min_Heap_Size)