<?xml version="1.0" encoding="ISO-8859-1" ?>
<link_info>
   <banner>TI ARM Clang Linker PC v4.0.2.LTS</banner>
   <copyright>Copyright (c) 1996-2018 Texas Instruments Incorporated</copyright>
   <command_line>D:\TI\ccs\tools\compiler\ti-cgt-armllvm_4.0.2.LTS\bin\tiarmlnk -ID:\TI\ccs\tools\compiler\ti-cgt-armllvm_4.0.2.LTS\lib -o carTi.out -mcarTi.map -iD:/TI/mspm0_sdk_2_04_00_06/source -iC:/Users/Lenovo/workspace_ccstheia/carTi -iC:/Users/Lenovo/workspace_ccstheia/carTi/Debug/syscfg -iD:/TI/ccs/tools/compiler/ti-cgt-armllvm_4.0.2.LTS/lib --diag_wrap=off --display_error_number --warn_sections --xml_link_info=carTi_linkInfo.xml --rom_model ./empty.o ./ti_msp_dl_config.o ./startup_mspm0g350x_ticlang.o ./SYS/C/PID.o ./SYS/C/Trace.o ./SYS/C/control.o ./SYS/C/dataRead.o ./SYS/C/entry.o -l./device_linker.cmd -ldevice.cmd.genlibs -llibc.a --start-group -llibc++.a -llibc++abi.a -llibc.a -llibsys.a -llibsysbm.a -llibclang_rt.builtins.a -llibclang_rt.profile.a --end-group --cg_opt_level=2</command_line>
   <link_time>0x68c3c69b</link_time>
   <link_errors>0x0</link_errors>
   <output_file>C:\Users\Lenovo\workspace_ccstheia\carTi\Debug\carTi.out</output_file>
   <entry_point>
      <name>_c_int00_noargs</name>
      <address>0x2b49</address>
   </entry_point>
   <input_file_list>
      <input_file id="fl-1">
         <path>C:\Users\Lenovo\workspace_ccstheia\carTi\Debug\.\</path>
         <kind>object</kind>
         <file>empty.o</file>
         <name>empty.o</name>
      </input_file>
      <input_file id="fl-2">
         <path>C:\Users\Lenovo\workspace_ccstheia\carTi\Debug\.\</path>
         <kind>object</kind>
         <file>ti_msp_dl_config.o</file>
         <name>ti_msp_dl_config.o</name>
      </input_file>
      <input_file id="fl-3">
         <path>C:\Users\Lenovo\workspace_ccstheia\carTi\Debug\.\</path>
         <kind>object</kind>
         <file>startup_mspm0g350x_ticlang.o</file>
         <name>startup_mspm0g350x_ticlang.o</name>
      </input_file>
      <input_file id="fl-4">
         <path>C:\Users\Lenovo\workspace_ccstheia\carTi\Debug\.\SYS\C\</path>
         <kind>object</kind>
         <file>PID.o</file>
         <name>PID.o</name>
      </input_file>
      <input_file id="fl-5">
         <path>C:\Users\Lenovo\workspace_ccstheia\carTi\Debug\.\SYS\C\</path>
         <kind>object</kind>
         <file>Trace.o</file>
         <name>Trace.o</name>
      </input_file>
      <input_file id="fl-6">
         <path>C:\Users\Lenovo\workspace_ccstheia\carTi\Debug\.\SYS\C\</path>
         <kind>object</kind>
         <file>control.o</file>
         <name>control.o</name>
      </input_file>
      <input_file id="fl-7">
         <path>C:\Users\Lenovo\workspace_ccstheia\carTi\Debug\.\SYS\C\</path>
         <kind>object</kind>
         <file>dataRead.o</file>
         <name>dataRead.o</name>
      </input_file>
      <input_file id="fl-8">
         <path>C:\Users\Lenovo\workspace_ccstheia\carTi\Debug\.\SYS\C\</path>
         <kind>object</kind>
         <file>entry.o</file>
         <name>entry.o</name>
      </input_file>
      <input_file id="fl-15">
         <path>C:\Users\Lenovo\workspace_ccstheia\carTi\Debug\</path>
         <kind>object</kind>
         <file>&lt;internal&gt;</file>
         <name>&lt;internal&gt;</name>
      </input_file>
      <input_file id="fl-16">
         <path>D:\TI\mspm0_sdk_2_04_00_06\source\ti\driverlib\lib\ticlang\m0p\mspm0g1x0x_g3x0x\</path>
         <kind>archive</kind>
         <file>driverlib.a</file>
         <name>dl_adc12.o</name>
      </input_file>
      <input_file id="fl-17">
         <path>D:\TI\mspm0_sdk_2_04_00_06\source\ti\driverlib\lib\ticlang\m0p\mspm0g1x0x_g3x0x\</path>
         <kind>archive</kind>
         <file>driverlib.a</file>
         <name>dl_common.o</name>
      </input_file>
      <input_file id="fl-18">
         <path>D:\TI\mspm0_sdk_2_04_00_06\source\ti\driverlib\lib\ticlang\m0p\mspm0g1x0x_g3x0x\</path>
         <kind>archive</kind>
         <file>driverlib.a</file>
         <name>dl_mcan.o</name>
      </input_file>
      <input_file id="fl-19">
         <path>D:\TI\mspm0_sdk_2_04_00_06\source\ti\driverlib\lib\ticlang\m0p\mspm0g1x0x_g3x0x\</path>
         <kind>archive</kind>
         <file>driverlib.a</file>
         <name>dl_timer.o</name>
      </input_file>
      <input_file id="fl-1a">
         <path>D:\TI\mspm0_sdk_2_04_00_06\source\ti\driverlib\lib\ticlang\m0p\mspm0g1x0x_g3x0x\</path>
         <kind>archive</kind>
         <file>driverlib.a</file>
         <name>dl_uart.o</name>
      </input_file>
      <input_file id="fl-1b">
         <path>D:\TI\mspm0_sdk_2_04_00_06\source\ti\driverlib\lib\ticlang\m0p\mspm0g1x0x_g3x0x\</path>
         <kind>archive</kind>
         <file>driverlib.a</file>
         <name>dl_sysctl_mspm0g1x0x_g3x0x.o</name>
      </input_file>
      <input_file id="fl-32">
         <path>D:\TI\ccs\tools\compiler\ti-cgt-armllvm_4.0.2.LTS\lib\armv6m-ti-none-eabi\c\</path>
         <kind>archive</kind>
         <file>libc.a</file>
         <name>sprintf.c.obj</name>
      </input_file>
      <input_file id="fl-33">
         <path>D:\TI\ccs\tools\compiler\ti-cgt-armllvm_4.0.2.LTS\lib\armv6m-ti-none-eabi\c\</path>
         <kind>archive</kind>
         <file>libc.a</file>
         <name>boot_cortex_m.c.obj</name>
      </input_file>
      <input_file id="fl-34">
         <path>D:\TI\ccs\tools\compiler\ti-cgt-armllvm_4.0.2.LTS\lib\armv6m-ti-none-eabi\c\</path>
         <kind>archive</kind>
         <file>libc.a</file>
         <name>mathacl_init.c.obj</name>
      </input_file>
      <input_file id="fl-35">
         <path>D:\TI\ccs\tools\compiler\ti-cgt-armllvm_4.0.2.LTS\lib\armv6m-ti-none-eabi\c\</path>
         <kind>archive</kind>
         <file>libc.a</file>
         <name>autoinit.c.obj</name>
      </input_file>
      <input_file id="fl-36">
         <path>D:\TI\ccs\tools\compiler\ti-cgt-armllvm_4.0.2.LTS\lib\armv6m-ti-none-eabi\c\</path>
         <kind>archive</kind>
         <file>libc.a</file>
         <name>pre_init.c.obj</name>
      </input_file>
      <input_file id="fl-37">
         <path>D:\TI\ccs\tools\compiler\ti-cgt-armllvm_4.0.2.LTS\lib\armv6m-ti-none-eabi\c\</path>
         <kind>archive</kind>
         <file>libc.a</file>
         <name>cpy_tbl.c.obj</name>
      </input_file>
      <input_file id="fl-38">
         <path>D:\TI\ccs\tools\compiler\ti-cgt-armllvm_4.0.2.LTS\lib\armv6m-ti-none-eabi\c\</path>
         <kind>archive</kind>
         <file>libc.a</file>
         <name>copy_zero_init.c.obj</name>
      </input_file>
      <input_file id="fl-39">
         <path>D:\TI\ccs\tools\compiler\ti-cgt-armllvm_4.0.2.LTS\lib\armv6m-ti-none-eabi\c\</path>
         <kind>archive</kind>
         <file>libc.a</file>
         <name>copy_decompress_none.c.obj</name>
      </input_file>
      <input_file id="fl-3a">
         <path>D:\TI\ccs\tools\compiler\ti-cgt-armllvm_4.0.2.LTS\lib\armv6m-ti-none-eabi\c\</path>
         <kind>archive</kind>
         <file>libc.a</file>
         <name>copy_decompress_lzss.c.obj</name>
      </input_file>
      <input_file id="fl-3b">
         <path>D:\TI\ccs\tools\compiler\ti-cgt-armllvm_4.0.2.LTS\lib\armv6m-ti-none-eabi\c\</path>
         <kind>archive</kind>
         <file>libc.a</file>
         <name>_printfi.c.obj</name>
      </input_file>
      <input_file id="fl-3c">
         <path>D:\TI\ccs\tools\compiler\ti-cgt-armllvm_4.0.2.LTS\lib\armv6m-ti-none-eabi\c\</path>
         <kind>archive</kind>
         <file>libc.a</file>
         <name>aeabi_portable.c.obj</name>
      </input_file>
      <input_file id="fl-3d">
         <path>D:\TI\ccs\tools\compiler\ti-cgt-armllvm_4.0.2.LTS\lib\armv6m-ti-none-eabi\c\</path>
         <kind>archive</kind>
         <file>libc.a</file>
         <name>exit.c.obj</name>
      </input_file>
      <input_file id="fl-3e">
         <path>D:\TI\ccs\tools\compiler\ti-cgt-armllvm_4.0.2.LTS\lib\armv6m-ti-none-eabi\c\</path>
         <kind>archive</kind>
         <file>libc.a</file>
         <name>_lock.c.obj</name>
      </input_file>
      <input_file id="fl-3f">
         <path>D:\TI\ccs\tools\compiler\ti-cgt-armllvm_4.0.2.LTS\lib\armv6m-ti-none-eabi\c\</path>
         <kind>archive</kind>
         <file>libc.a</file>
         <name>_ltoa.c.obj</name>
      </input_file>
      <input_file id="fl-40">
         <path>D:\TI\ccs\tools\compiler\ti-cgt-armllvm_4.0.2.LTS\lib\armv6m-ti-none-eabi\c\</path>
         <kind>archive</kind>
         <file>libc.a</file>
         <name>args_main.c.obj</name>
      </input_file>
      <input_file id="fl-41">
         <path>D:\TI\ccs\tools\compiler\ti-cgt-armllvm_4.0.2.LTS\lib\armv6m-ti-none-eabi\c\</path>
         <kind>archive</kind>
         <file>libc.a</file>
         <name>assert.c.obj</name>
      </input_file>
      <input_file id="fl-42">
         <path>D:\TI\ccs\tools\compiler\ti-cgt-armllvm_4.0.2.LTS\lib\armv6m-ti-none-eabi\c\</path>
         <kind>archive</kind>
         <file>libc.a</file>
         <name>atoi.c.obj</name>
      </input_file>
      <input_file id="fl-43">
         <path>D:\TI\ccs\tools\compiler\ti-cgt-armllvm_4.0.2.LTS\lib\armv6m-ti-none-eabi\c\</path>
         <kind>archive</kind>
         <file>libc.a</file>
         <name>defs.c.obj</name>
      </input_file>
      <input_file id="fl-44">
         <path>D:\TI\ccs\tools\compiler\ti-cgt-armllvm_4.0.2.LTS\lib\armv6m-ti-none-eabi\c\</path>
         <kind>archive</kind>
         <file>libc.a</file>
         <name>memccpy.c.obj</name>
      </input_file>
      <input_file id="fl-45">
         <path>D:\TI\ccs\tools\compiler\ti-cgt-armllvm_4.0.2.LTS\lib\armv6m-ti-none-eabi\c\</path>
         <kind>archive</kind>
         <file>libc.a</file>
         <name>memory.c.obj</name>
      </input_file>
      <input_file id="fl-46">
         <path>D:\TI\ccs\tools\compiler\ti-cgt-armllvm_4.0.2.LTS\lib\armv6m-ti-none-eabi\c\</path>
         <kind>archive</kind>
         <file>libc.a</file>
         <name>s_frexp.c.obj</name>
      </input_file>
      <input_file id="fl-47">
         <path>D:\TI\ccs\tools\compiler\ti-cgt-armllvm_4.0.2.LTS\lib\armv6m-ti-none-eabi\c\</path>
         <kind>archive</kind>
         <file>libc.a</file>
         <name>s_scalbn.c.obj</name>
      </input_file>
      <input_file id="fl-48">
         <path>D:\TI\ccs\tools\compiler\ti-cgt-armllvm_4.0.2.LTS\lib\armv6m-ti-none-eabi\c\</path>
         <kind>archive</kind>
         <file>libc.a</file>
         <name>wcslen.c.obj</name>
      </input_file>
      <input_file id="fl-49">
         <path>D:\TI\ccs\tools\compiler\ti-cgt-armllvm_4.0.2.LTS\lib\armv6m-ti-none-eabi\c\</path>
         <kind>archive</kind>
         <file>libc.a</file>
         <name>fflush.c.obj</name>
      </input_file>
      <input_file id="fl-4a">
         <path>D:\TI\ccs\tools\compiler\ti-cgt-armllvm_4.0.2.LTS\lib\armv6m-ti-none-eabi\c\</path>
         <kind>archive</kind>
         <file>libc.a</file>
         <name>fputs.c.obj</name>
      </input_file>
      <input_file id="fl-4b">
         <path>D:\TI\ccs\tools\compiler\ti-cgt-armllvm_4.0.2.LTS\lib\armv6m-ti-none-eabi\c\</path>
         <kind>archive</kind>
         <file>libc.a</file>
         <name>_io_perm.c.obj</name>
      </input_file>
      <input_file id="fl-4c">
         <path>D:\TI\ccs\tools\compiler\ti-cgt-armllvm_4.0.2.LTS\lib\armv6m-ti-none-eabi\c\</path>
         <kind>archive</kind>
         <file>libc.a</file>
         <name>setvbuf.c.obj</name>
      </input_file>
      <input_file id="fl-4d">
         <path>D:\TI\ccs\tools\compiler\ti-cgt-armllvm_4.0.2.LTS\lib\armv6m-ti-none-eabi\c\</path>
         <kind>archive</kind>
         <file>libc.a</file>
         <name>aeabi_ctype.S.obj</name>
      </input_file>
      <input_file id="fl-4e">
         <path>D:\TI\ccs\tools\compiler\ti-cgt-armllvm_4.0.2.LTS\lib\armv6m-ti-none-eabi\c\</path>
         <kind>archive</kind>
         <file>libc.a</file>
         <name>fopen.c.obj</name>
      </input_file>
      <input_file id="fl-4f">
         <path>D:\TI\ccs\tools\compiler\ti-cgt-armllvm_4.0.2.LTS\lib\armv6m-ti-none-eabi\c\</path>
         <kind>archive</kind>
         <file>libc.a</file>
         <name>fseek.c.obj</name>
      </input_file>
      <input_file id="fl-50">
         <path>D:\TI\ccs\tools\compiler\ti-cgt-armllvm_4.0.2.LTS\lib\armv6m-ti-none-eabi\c\</path>
         <kind>archive</kind>
         <file>libc.a</file>
         <name>fclose.c.obj</name>
      </input_file>
      <input_file id="fl-f0">
         <path>D:\TI\ccs\tools\compiler\ti-cgt-armllvm_4.0.2.LTS\lib\armv6m-ti-none-eabi\c\</path>
         <kind>archive</kind>
         <file>libsysbm.a</file>
         <name>hostexit.c.obj</name>
      </input_file>
      <input_file id="fl-f1">
         <path>D:\TI\ccs\tools\compiler\ti-cgt-armllvm_4.0.2.LTS\lib\armv6m-ti-none-eabi\c\</path>
         <kind>archive</kind>
         <file>libsysbm.a</file>
         <name>write.c.obj</name>
      </input_file>
      <input_file id="fl-f2">
         <path>D:\TI\ccs\tools\compiler\ti-cgt-armllvm_4.0.2.LTS\lib\armv6m-ti-none-eabi\c\</path>
         <kind>archive</kind>
         <file>libsysbm.a</file>
         <name>host_device.c.obj</name>
      </input_file>
      <input_file id="fl-f3">
         <path>D:\TI\ccs\tools\compiler\ti-cgt-armllvm_4.0.2.LTS\lib\armv6m-ti-none-eabi\c\</path>
         <kind>archive</kind>
         <file>libsysbm.a</file>
         <name>remove.c.obj</name>
      </input_file>
      <input_file id="fl-f4">
         <path>D:\TI\ccs\tools\compiler\ti-cgt-armllvm_4.0.2.LTS\lib\armv6m-ti-none-eabi\c\</path>
         <kind>archive</kind>
         <file>libsysbm.a</file>
         <name>open.c.obj</name>
      </input_file>
      <input_file id="fl-f5">
         <path>D:\TI\ccs\tools\compiler\ti-cgt-armllvm_4.0.2.LTS\lib\armv6m-ti-none-eabi\c\</path>
         <kind>archive</kind>
         <file>libsysbm.a</file>
         <name>lseek.c.obj</name>
      </input_file>
      <input_file id="fl-f6">
         <path>D:\TI\ccs\tools\compiler\ti-cgt-armllvm_4.0.2.LTS\lib\armv6m-ti-none-eabi\c\</path>
         <kind>archive</kind>
         <file>libsysbm.a</file>
         <name>close.c.obj</name>
      </input_file>
      <input_file id="fl-f7">
         <path>D:\TI\ccs\tools\compiler\ti-cgt-armllvm_4.0.2.LTS\lib\armv6m-ti-none-eabi\c\</path>
         <kind>archive</kind>
         <file>libsysbm.a</file>
         <name>unlink.c.obj</name>
      </input_file>
      <input_file id="fl-f8">
         <path>D:\TI\ccs\tools\compiler\ti-cgt-armllvm_4.0.2.LTS\lib\armv6m-ti-none-eabi\c\</path>
         <kind>archive</kind>
         <file>libsysbm.a</file>
         <name>hostclose.c.obj</name>
      </input_file>
      <input_file id="fl-f9">
         <path>D:\TI\ccs\tools\compiler\ti-cgt-armllvm_4.0.2.LTS\lib\armv6m-ti-none-eabi\c\</path>
         <kind>archive</kind>
         <file>libsysbm.a</file>
         <name>hostlseek.c.obj</name>
      </input_file>
      <input_file id="fl-fa">
         <path>D:\TI\ccs\tools\compiler\ti-cgt-armllvm_4.0.2.LTS\lib\armv6m-ti-none-eabi\c\</path>
         <kind>archive</kind>
         <file>libsysbm.a</file>
         <name>hostopen.c.obj</name>
      </input_file>
      <input_file id="fl-fb">
         <path>D:\TI\ccs\tools\compiler\ti-cgt-armllvm_4.0.2.LTS\lib\armv6m-ti-none-eabi\c\</path>
         <kind>archive</kind>
         <file>libsysbm.a</file>
         <name>hostread.c.obj</name>
      </input_file>
      <input_file id="fl-fc">
         <path>D:\TI\ccs\tools\compiler\ti-cgt-armllvm_4.0.2.LTS\lib\armv6m-ti-none-eabi\c\</path>
         <kind>archive</kind>
         <file>libsysbm.a</file>
         <name>hostrename.c.obj</name>
      </input_file>
      <input_file id="fl-fd">
         <path>D:\TI\ccs\tools\compiler\ti-cgt-armllvm_4.0.2.LTS\lib\armv6m-ti-none-eabi\c\</path>
         <kind>archive</kind>
         <file>libsysbm.a</file>
         <name>hostunlink.c.obj</name>
      </input_file>
      <input_file id="fl-fe">
         <path>D:\TI\ccs\tools\compiler\ti-cgt-armllvm_4.0.2.LTS\lib\armv6m-ti-none-eabi\c\</path>
         <kind>archive</kind>
         <file>libsysbm.a</file>
         <name>hostwrite.c.obj</name>
      </input_file>
      <input_file id="fl-ff">
         <path>D:\TI\ccs\tools\compiler\ti-cgt-armllvm_4.0.2.LTS\lib\armv6m-ti-none-eabi\c\</path>
         <kind>archive</kind>
         <file>libsysbm.a</file>
         <name>trgmsg.c.obj</name>
      </input_file>
      <input_file id="fl-100">
         <path>D:\TI\ccs\tools\compiler\ti-cgt-armllvm_4.0.2.LTS\lib\armv6m-ti-none-eabi\</path>
         <kind>archive</kind>
         <file>libclang_rt.builtins.a</file>
         <name>addsf3.S.obj</name>
      </input_file>
      <input_file id="fl-101">
         <path>D:\TI\ccs\tools\compiler\ti-cgt-armllvm_4.0.2.LTS\lib\armv6m-ti-none-eabi\</path>
         <kind>archive</kind>
         <file>libclang_rt.builtins.a</file>
         <name>adddf3.S.obj</name>
      </input_file>
      <input_file id="fl-102">
         <path>D:\TI\ccs\tools\compiler\ti-cgt-armllvm_4.0.2.LTS\lib\armv6m-ti-none-eabi\</path>
         <kind>archive</kind>
         <file>libclang_rt.builtins.a</file>
         <name>muldf3.S.obj</name>
      </input_file>
      <input_file id="fl-103">
         <path>D:\TI\ccs\tools\compiler\ti-cgt-armllvm_4.0.2.LTS\lib\armv6m-ti-none-eabi\</path>
         <kind>archive</kind>
         <file>libclang_rt.builtins.a</file>
         <name>muldsi3.S.obj</name>
      </input_file>
      <input_file id="fl-104">
         <path>D:\TI\ccs\tools\compiler\ti-cgt-armllvm_4.0.2.LTS\lib\armv6m-ti-none-eabi\</path>
         <kind>archive</kind>
         <file>libclang_rt.builtins.a</file>
         <name>mulsf3.S.obj</name>
      </input_file>
      <input_file id="fl-105">
         <path>D:\TI\ccs\tools\compiler\ti-cgt-armllvm_4.0.2.LTS\lib\armv6m-ti-none-eabi\</path>
         <kind>archive</kind>
         <file>libclang_rt.builtins.a</file>
         <name>divsf3.S.obj</name>
      </input_file>
      <input_file id="fl-106">
         <path>D:\TI\ccs\tools\compiler\ti-cgt-armllvm_4.0.2.LTS\lib\armv6m-ti-none-eabi\</path>
         <kind>archive</kind>
         <file>libclang_rt.builtins.a</file>
         <name>divdf3.S.obj</name>
      </input_file>
      <input_file id="fl-107">
         <path>D:\TI\ccs\tools\compiler\ti-cgt-armllvm_4.0.2.LTS\lib\armv6m-ti-none-eabi\</path>
         <kind>archive</kind>
         <file>libclang_rt.builtins.a</file>
         <name>extendsfdf2.S.obj</name>
      </input_file>
      <input_file id="fl-108">
         <path>D:\TI\ccs\tools\compiler\ti-cgt-armllvm_4.0.2.LTS\lib\armv6m-ti-none-eabi\</path>
         <kind>archive</kind>
         <file>libclang_rt.builtins.a</file>
         <name>fixdfsi.S.obj</name>
      </input_file>
      <input_file id="fl-109">
         <path>D:\TI\ccs\tools\compiler\ti-cgt-armllvm_4.0.2.LTS\lib\armv6m-ti-none-eabi\</path>
         <kind>archive</kind>
         <file>libclang_rt.builtins.a</file>
         <name>fixsfsi.S.obj</name>
      </input_file>
      <input_file id="fl-10a">
         <path>D:\TI\ccs\tools\compiler\ti-cgt-armllvm_4.0.2.LTS\lib\armv6m-ti-none-eabi\</path>
         <kind>archive</kind>
         <file>libclang_rt.builtins.a</file>
         <name>floatsidf.S.obj</name>
      </input_file>
      <input_file id="fl-10b">
         <path>D:\TI\ccs\tools\compiler\ti-cgt-armllvm_4.0.2.LTS\lib\armv6m-ti-none-eabi\</path>
         <kind>archive</kind>
         <file>libclang_rt.builtins.a</file>
         <name>floatsisf.S.obj</name>
      </input_file>
      <input_file id="fl-10c">
         <path>D:\TI\ccs\tools\compiler\ti-cgt-armllvm_4.0.2.LTS\lib\armv6m-ti-none-eabi\</path>
         <kind>archive</kind>
         <file>libclang_rt.builtins.a</file>
         <name>floatunsisf.S.obj</name>
      </input_file>
      <input_file id="fl-10d">
         <path>D:\TI\ccs\tools\compiler\ti-cgt-armllvm_4.0.2.LTS\lib\armv6m-ti-none-eabi\</path>
         <kind>archive</kind>
         <file>libclang_rt.builtins.a</file>
         <name>muldi3.S.obj</name>
      </input_file>
      <input_file id="fl-10e">
         <path>D:\TI\ccs\tools\compiler\ti-cgt-armllvm_4.0.2.LTS\lib\armv6m-ti-none-eabi\</path>
         <kind>archive</kind>
         <file>libclang_rt.builtins.a</file>
         <name>truncdfsf2.S.obj</name>
      </input_file>
      <input_file id="fl-10f">
         <path>D:\TI\ccs\tools\compiler\ti-cgt-armllvm_4.0.2.LTS\lib\armv6m-ti-none-eabi\</path>
         <kind>archive</kind>
         <file>libclang_rt.builtins.a</file>
         <name>aeabi_dcmp.S.obj</name>
      </input_file>
      <input_file id="fl-110">
         <path>D:\TI\ccs\tools\compiler\ti-cgt-armllvm_4.0.2.LTS\lib\armv6m-ti-none-eabi\</path>
         <kind>archive</kind>
         <file>libclang_rt.builtins.a</file>
         <name>aeabi_fcmp.S.obj</name>
      </input_file>
      <input_file id="fl-111">
         <path>D:\TI\ccs\tools\compiler\ti-cgt-armllvm_4.0.2.LTS\lib\armv6m-ti-none-eabi\</path>
         <kind>archive</kind>
         <file>libclang_rt.builtins.a</file>
         <name>aeabi_idivmod.S.obj</name>
      </input_file>
      <input_file id="fl-112">
         <path>D:\TI\ccs\tools\compiler\ti-cgt-armllvm_4.0.2.LTS\lib\armv6m-ti-none-eabi\</path>
         <kind>archive</kind>
         <file>libclang_rt.builtins.a</file>
         <name>aeabi_memcpy.S.obj</name>
      </input_file>
      <input_file id="fl-113">
         <path>D:\TI\ccs\tools\compiler\ti-cgt-armllvm_4.0.2.LTS\lib\armv6m-ti-none-eabi\</path>
         <kind>archive</kind>
         <file>libclang_rt.builtins.a</file>
         <name>aeabi_memset.S.obj</name>
      </input_file>
      <input_file id="fl-114">
         <path>D:\TI\ccs\tools\compiler\ti-cgt-armllvm_4.0.2.LTS\lib\armv6m-ti-none-eabi\</path>
         <kind>archive</kind>
         <file>libclang_rt.builtins.a</file>
         <name>aeabi_uidivmod.S.obj</name>
      </input_file>
      <input_file id="fl-115">
         <path>D:\TI\ccs\tools\compiler\ti-cgt-armllvm_4.0.2.LTS\lib\armv6m-ti-none-eabi\</path>
         <kind>archive</kind>
         <file>libclang_rt.builtins.a</file>
         <name>aeabi_uldivmod.S.obj</name>
      </input_file>
      <input_file id="fl-116">
         <path>D:\TI\ccs\tools\compiler\ti-cgt-armllvm_4.0.2.LTS\lib\armv6m-ti-none-eabi\</path>
         <kind>archive</kind>
         <file>libclang_rt.builtins.a</file>
         <name>comparesf2.S.obj</name>
      </input_file>
      <input_file id="fl-117">
         <path>D:\TI\ccs\tools\compiler\ti-cgt-armllvm_4.0.2.LTS\lib\armv6m-ti-none-eabi\</path>
         <kind>archive</kind>
         <file>libclang_rt.builtins.a</file>
         <name>udivmoddi4.S.obj</name>
      </input_file>
      <input_file id="fl-118">
         <path>D:\TI\ccs\tools\compiler\ti-cgt-armllvm_4.0.2.LTS\lib\armv6m-ti-none-eabi\</path>
         <kind>archive</kind>
         <file>libclang_rt.builtins.a</file>
         <name>ashldi3.S.obj</name>
      </input_file>
      <input_file id="fl-119">
         <path>D:\TI\ccs\tools\compiler\ti-cgt-armllvm_4.0.2.LTS\lib\armv6m-ti-none-eabi\</path>
         <kind>archive</kind>
         <file>libclang_rt.builtins.a</file>
         <name>comparedf2.c.obj</name>
      </input_file>
      <input_file id="fl-11a">
         <path>D:\TI\ccs\tools\compiler\ti-cgt-armllvm_4.0.2.LTS\lib\armv6m-ti-none-eabi\</path>
         <kind>archive</kind>
         <file>libclang_rt.builtins.a</file>
         <name>aeabi_div0.c.obj</name>
      </input_file>
      <input_file id="fl-11b">
         <path>D:\TI\ccs\tools\compiler\ti-cgt-armllvm_4.0.2.LTS\lib\armv6m-ti-none-eabi\c\</path>
         <kind>archive</kind>
         <file>libc.a</file>
         <name>getdevice.c.obj</name>
      </input_file>
      <input_file id="fl-11c">
         <path>D:\TI\ccs\tools\compiler\ti-cgt-armllvm_4.0.2.LTS\lib\armv6m-ti-none-eabi\c\</path>
         <kind>archive</kind>
         <file>libc.a</file>
         <name>memcpy16.S.obj</name>
      </input_file>
      <input_file id="fl-11d">
         <path>D:\TI\ccs\tools\compiler\ti-cgt-armllvm_4.0.2.LTS\lib\armv6m-ti-none-eabi\c\</path>
         <kind>archive</kind>
         <file>libc.a</file>
         <name>memset16.S.obj</name>
      </input_file>
      <input_file id="fl-11e">
         <path>D:\TI\ccs\tools\compiler\ti-cgt-armllvm_4.0.2.LTS\lib\armv6m-ti-none-eabi\c\</path>
         <kind>archive</kind>
         <file>libc.a</file>
         <name>strcmp-armv6m.S.obj</name>
      </input_file>
   </input_file_list>
   <object_component_list>
      <object_component id="oc-18">
         <name>.intvecs</name>
         <load_address>0x0</load_address>
         <readonly>true</readonly>
         <run_address>0x0</run_address>
         <size>0xc0</size>
         <alignment>0x4</alignment>
         <input_file_ref idref="fl-3"/>
      </object_component>
      <object_component id="oc-145">
         <name>.text:__TI_printfi_minimal</name>
         <load_address>0xc0</load_address>
         <readonly>true</readonly>
         <executable>true</executable>
         <run_address>0xc0</run_address>
         <size>0x284</size>
         <alignment>0x4</alignment>
         <input_file_ref idref="fl-3b"/>
      </object_component>
      <object_component id="oc-6e">
         <name>.text.inf_Read</name>
         <load_address>0x344</load_address>
         <readonly>true</readonly>
         <executable>true</executable>
         <run_address>0x344</run_address>
         <size>0x21c</size>
         <alignment>0x4</alignment>
         <input_file_ref idref="fl-5"/>
      </object_component>
      <object_component id="oc-1f0">
         <name>.text.DL_MCAN_msgRAMConfig</name>
         <load_address>0x560</load_address>
         <readonly>true</readonly>
         <executable>true</executable>
         <run_address>0x560</run_address>
         <size>0x214</size>
         <alignment>0x4</alignment>
         <input_file_ref idref="fl-18"/>
      </object_component>
      <object_component id="oc-cf">
         <name>.text.adddf3_subdf3</name>
         <load_address>0x774</load_address>
         <readonly>true</readonly>
         <executable>true</executable>
         <run_address>0x774</run_address>
         <size>0x192</size>
         <alignment>0x4</alignment>
         <input_file_ref idref="fl-101"/>
      </object_component>
      <object_component id="oc-33">
         <name>.text.Default_Handler</name>
         <load_address>0x906</load_address>
         <readonly>true</readonly>
         <executable>true</executable>
         <run_address>0x906</run_address>
         <size>0x2</size>
         <alignment>0x2</alignment>
         <input_file_ref idref="fl-3"/>
      </object_component>
      <object_component id="oc-3f">
         <name>.text.TIMG0_IRQHandler</name>
         <load_address>0x908</load_address>
         <readonly>true</readonly>
         <executable>true</executable>
         <run_address>0x908</run_address>
         <size>0x190</size>
         <alignment>0x4</alignment>
         <input_file_ref idref="fl-8"/>
      </object_component>
      <object_component id="oc-16c">
         <name>.text.pidTest</name>
         <load_address>0xa98</load_address>
         <readonly>true</readonly>
         <executable>true</executable>
         <run_address>0xa98</run_address>
         <size>0x150</size>
         <alignment>0x4</alignment>
         <input_file_ref idref="fl-8"/>
      </object_component>
      <object_component id="oc-156">
         <name>.text.SYSCFG_DL_GPIO_init</name>
         <load_address>0xbe8</load_address>
         <readonly>true</readonly>
         <executable>true</executable>
         <run_address>0xbe8</run_address>
         <size>0x130</size>
         <alignment>0x4</alignment>
         <input_file_ref idref="fl-2"/>
      </object_component>
      <object_component id="oc-1fd">
         <name>.text.__divdf3</name>
         <load_address>0xd18</load_address>
         <readonly>true</readonly>
         <executable>true</executable>
         <run_address>0xd18</run_address>
         <size>0x10c</size>
         <alignment>0x4</alignment>
         <input_file_ref idref="fl-106"/>
      </object_component>
      <object_component id="oc-10e">
         <name>.text.loop</name>
         <load_address>0xe24</load_address>
         <readonly>true</readonly>
         <executable>true</executable>
         <run_address>0xe24</run_address>
         <size>0x108</size>
         <alignment>0x4</alignment>
         <input_file_ref idref="fl-8"/>
      </object_component>
      <object_component id="oc-1c1">
         <name>.text.DL_Timer_initFourCCPWMMode</name>
         <load_address>0xf2c</load_address>
         <readonly>true</readonly>
         <executable>true</executable>
         <run_address>0xf2c</run_address>
         <size>0x104</size>
         <alignment>0x4</alignment>
         <input_file_ref idref="fl-19"/>
      </object_component>
      <object_component id="oc-16b">
         <name>.text.keyScan</name>
         <load_address>0x1030</load_address>
         <readonly>true</readonly>
         <executable>true</executable>
         <run_address>0x1030</run_address>
         <size>0xf4</size>
         <alignment>0x4</alignment>
         <input_file_ref idref="fl-7"/>
      </object_component>
      <object_component id="oc-1ce">
         <name>.text.DL_Timer_initTimerMode</name>
         <load_address>0x1124</load_address>
         <readonly>true</readonly>
         <executable>true</executable>
         <run_address>0x1124</run_address>
         <size>0xe8</size>
         <alignment>0x4</alignment>
         <input_file_ref idref="fl-19"/>
      </object_component>
      <object_component id="oc-cb">
         <name>.text.__muldf3</name>
         <load_address>0x120c</load_address>
         <readonly>true</readonly>
         <executable>true</executable>
         <run_address>0x120c</run_address>
         <size>0xe4</size>
         <alignment>0x4</alignment>
         <input_file_ref idref="fl-102"/>
      </object_component>
      <object_component id="oc-1ee">
         <name>.text.DL_MCAN_init</name>
         <load_address>0x12f0</load_address>
         <readonly>true</readonly>
         <executable>true</executable>
         <run_address>0x12f0</run_address>
         <size>0xdc</size>
         <alignment>0x4</alignment>
         <input_file_ref idref="fl-18"/>
      </object_component>
      <object_component id="oc-1bd">
         <name>.text.DL_SYSCTL_configSYSPLL</name>
         <load_address>0x13cc</load_address>
         <readonly>true</readonly>
         <executable>true</executable>
         <run_address>0x13cc</run_address>
         <size>0xdc</size>
         <alignment>0x4</alignment>
         <input_file_ref idref="fl-1b"/>
      </object_component>
      <object_component id="oc-1ef">
         <name>.text.DL_MCAN_setBitTime</name>
         <load_address>0x14a8</load_address>
         <readonly>true</readonly>
         <executable>true</executable>
         <run_address>0x14a8</run_address>
         <size>0xd8</size>
         <alignment>0x4</alignment>
         <input_file_ref idref="fl-18"/>
      </object_component>
      <object_component id="oc-13b">
         <name>.text</name>
         <load_address>0x1580</load_address>
         <readonly>true</readonly>
         <executable>true</executable>
         <run_address>0x1580</run_address>
         <size>0xd8</size>
         <alignment>0x4</alignment>
         <input_file_ref idref="fl-100"/>
      </object_component>
      <object_component id="oc-158">
         <name>.text.SYSCFG_DL_carPWM_init</name>
         <load_address>0x1658</load_address>
         <readonly>true</readonly>
         <executable>true</executable>
         <run_address>0x1658</run_address>
         <size>0xd4</size>
         <alignment>0x4</alignment>
         <input_file_ref idref="fl-2"/>
      </object_component>
      <object_component id="oc-39">
         <name>.text.UART1_IRQHandler</name>
         <load_address>0x172c</load_address>
         <readonly>true</readonly>
         <executable>true</executable>
         <run_address>0x172c</run_address>
         <size>0xcc</size>
         <alignment>0x4</alignment>
         <input_file_ref idref="fl-7"/>
      </object_component>
      <object_component id="oc-162">
         <name>.text.SYSCFG_DL_MCAN0_init</name>
         <load_address>0x17f8</load_address>
         <readonly>true</readonly>
         <executable>true</executable>
         <run_address>0x17f8</run_address>
         <size>0xc8</size>
         <alignment>0x4</alignment>
         <input_file_ref idref="fl-2"/>
      </object_component>
      <object_component id="oc-e5">
         <name>.text.PID_Trace_Calc</name>
         <load_address>0x18c0</load_address>
         <readonly>true</readonly>
         <executable>true</executable>
         <run_address>0x18c0</run_address>
         <size>0xbc</size>
         <alignment>0x2</alignment>
         <input_file_ref idref="fl-4"/>
      </object_component>
      <object_component id="oc-143">
         <name>.text.velocityPIDCompute</name>
         <load_address>0x197c</load_address>
         <readonly>true</readonly>
         <executable>true</executable>
         <run_address>0x197c</run_address>
         <size>0xbc</size>
         <alignment>0x2</alignment>
         <input_file_ref idref="fl-4"/>
      </object_component>
      <object_component id="oc-ea">
         <name>.text.Load</name>
         <load_address>0x1a38</load_address>
         <readonly>true</readonly>
         <executable>true</executable>
         <run_address>0x1a38</run_address>
         <size>0xb8</size>
         <alignment>0x4</alignment>
         <input_file_ref idref="fl-6"/>
      </object_component>
      <object_component id="oc-154">
         <name>.text.SYSCFG_DL_initPower</name>
         <load_address>0x1af0</load_address>
         <readonly>true</readonly>
         <executable>true</executable>
         <run_address>0x1af0</run_address>
         <size>0xac</size>
         <alignment>0x4</alignment>
         <input_file_ref idref="fl-2"/>
      </object_component>
      <object_component id="oc-103">
         <name>.text:memcpy</name>
         <load_address>0x1b9c</load_address>
         <readonly>true</readonly>
         <executable>true</executable>
         <run_address>0x1b9c</run_address>
         <size>0x9a</size>
         <alignment>0x1</alignment>
         <input_file_ref idref="fl-11c"/>
      </object_component>
      <object_component id="oc-12a">
         <name>.text.__aeabi_idiv0</name>
         <load_address>0x1c36</load_address>
         <readonly>true</readonly>
         <executable>true</executable>
         <run_address>0x1c36</run_address>
         <size>0x2</size>
         <alignment>0x2</alignment>
         <input_file_ref idref="fl-11a"/>
      </object_component>
      <object_component id="oc-15a">
         <name>.text.SYSCFG_DL_duoJi2PWM_init</name>
         <load_address>0x1c38</load_address>
         <readonly>true</readonly>
         <executable>true</executable>
         <run_address>0x1c38</run_address>
         <size>0x94</size>
         <alignment>0x4</alignment>
         <input_file_ref idref="fl-2"/>
      </object_component>
      <object_component id="oc-159">
         <name>.text.SYSCFG_DL_duoJiPWM_init</name>
         <load_address>0x1ccc</load_address>
         <readonly>true</readonly>
         <executable>true</executable>
         <run_address>0x1ccc</run_address>
         <size>0x8c</size>
         <alignment>0x4</alignment>
         <input_file_ref idref="fl-2"/>
      </object_component>
      <object_component id="oc-13f">
         <name>.text.__mulsf3</name>
         <load_address>0x1d58</load_address>
         <readonly>true</readonly>
         <executable>true</executable>
         <run_address>0x1d58</run_address>
         <size>0x8c</size>
         <alignment>0x4</alignment>
         <input_file_ref idref="fl-104"/>
      </object_component>
      <object_component id="oc-c3">
         <name>.text.__divsf3</name>
         <load_address>0x1de4</load_address>
         <readonly>true</readonly>
         <executable>true</executable>
         <run_address>0x1de4</run_address>
         <size>0x82</size>
         <alignment>0x4</alignment>
         <input_file_ref idref="fl-105"/>
      </object_component>
      <object_component id="oc-1c">
         <name>.text:decompress:lzss</name>
         <load_address>0x1e68</load_address>
         <readonly>true</readonly>
         <executable>true</executable>
         <run_address>0x1e68</run_address>
         <size>0x7c</size>
         <alignment>0x4</alignment>
         <input_file_ref idref="fl-3a"/>
      </object_component>
      <object_component id="oc-16a">
         <name>.text.PID_Init</name>
         <load_address>0x1ee4</load_address>
         <readonly>true</readonly>
         <executable>true</executable>
         <run_address>0x1ee4</run_address>
         <size>0x74</size>
         <alignment>0x4</alignment>
         <input_file_ref idref="fl-4"/>
      </object_component>
      <object_component id="oc-157">
         <name>.text.SYSCFG_DL_SYSCTL_init</name>
         <load_address>0x1f58</load_address>
         <readonly>true</readonly>
         <executable>true</executable>
         <run_address>0x1f58</run_address>
         <size>0x74</size>
         <alignment>0x4</alignment>
         <input_file_ref idref="fl-2"/>
      </object_component>
      <object_component id="oc-175">
         <name>.text.HOSTexit</name>
         <load_address>0x1fcc</load_address>
         <readonly>true</readonly>
         <executable>true</executable>
         <run_address>0x1fcc</run_address>
         <size>0x4</size>
         <alignment>0x2</alignment>
         <input_file_ref idref="fl-f0"/>
      </object_component>
      <object_component id="oc-d3">
         <name>.text.__truncdfsf2</name>
         <load_address>0x1fd0</load_address>
         <readonly>true</readonly>
         <executable>true</executable>
         <run_address>0x1fd0</run_address>
         <size>0x74</size>
         <alignment>0x10</alignment>
         <input_file_ref idref="fl-10e"/>
      </object_component>
      <object_component id="oc-15e">
         <name>.text.SYSCFG_DL_ESP_init</name>
         <load_address>0x2044</load_address>
         <readonly>true</readonly>
         <executable>true</executable>
         <run_address>0x2044</run_address>
         <size>0x70</size>
         <alignment>0x4</alignment>
         <input_file_ref idref="fl-2"/>
      </object_component>
      <object_component id="oc-15f">
         <name>.text.SYSCFG_DL_TOF_init</name>
         <load_address>0x20b4</load_address>
         <readonly>true</readonly>
         <executable>true</executable>
         <run_address>0x20b4</run_address>
         <size>0x70</size>
         <alignment>0x4</alignment>
         <input_file_ref idref="fl-2"/>
      </object_component>
      <object_component id="oc-15b">
         <name>.text.SYSCFG_DL_car1N_init</name>
         <load_address>0x2124</load_address>
         <readonly>true</readonly>
         <executable>true</executable>
         <run_address>0x2124</run_address>
         <size>0x70</size>
         <alignment>0x4</alignment>
         <input_file_ref idref="fl-2"/>
      </object_component>
      <object_component id="oc-89">
         <name>.text.uart0_send_string</name>
         <load_address>0x2194</load_address>
         <readonly>true</readonly>
         <executable>true</executable>
         <run_address>0x2194</run_address>
         <size>0x70</size>
         <alignment>0x4</alignment>
         <input_file_ref idref="fl-7"/>
      </object_component>
      <object_component id="oc-1f6">
         <name>.text.delay_ms</name>
         <load_address>0x2204</load_address>
         <readonly>true</readonly>
         <executable>true</executable>
         <run_address>0x2204</run_address>
         <size>0x6c</size>
         <alignment>0x4</alignment>
         <input_file_ref idref="fl-8"/>
      </object_component>
      <object_component id="oc-15c">
         <name>.text.SYSCFG_DL_car2N_init</name>
         <load_address>0x2270</load_address>
         <readonly>true</readonly>
         <executable>true</executable>
         <run_address>0x2270</run_address>
         <size>0x68</size>
         <alignment>0x4</alignment>
         <input_file_ref idref="fl-2"/>
      </object_component>
      <object_component id="oc-108">
         <name>.text.SYSCFG_DL_init</name>
         <load_address>0x22d8</load_address>
         <readonly>true</readonly>
         <executable>true</executable>
         <run_address>0x22d8</run_address>
         <size>0x68</size>
         <alignment>0x4</alignment>
         <input_file_ref idref="fl-2"/>
      </object_component>
      <object_component id="oc-1b7">
         <name>.text.DL_SYSCTL_setHFCLKSourceHFXTParams</name>
         <load_address>0x2340</load_address>
         <readonly>true</readonly>
         <executable>true</executable>
         <run_address>0x2340</run_address>
         <size>0x64</size>
         <alignment>0x4</alignment>
         <input_file_ref idref="fl-1b"/>
      </object_component>
      <object_component id="oc-160">
         <name>.text.SYSCFG_DL_ADC_init</name>
         <load_address>0x23a4</load_address>
         <readonly>true</readonly>
         <executable>true</executable>
         <run_address>0x23a4</run_address>
         <size>0x64</size>
         <alignment>0x4</alignment>
         <input_file_ref idref="fl-2"/>
      </object_component>
      <object_component id="oc-7f">
         <name>.text.__aeabi_fcmp</name>
         <load_address>0x2408</load_address>
         <readonly>true</readonly>
         <executable>true</executable>
         <run_address>0x2408</run_address>
         <size>0x62</size>
         <alignment>0x4</alignment>
         <input_file_ref idref="fl-110"/>
      </object_component>
      <object_component id="oc-153">
         <name>.text:memset</name>
         <load_address>0x246a</load_address>
         <readonly>true</readonly>
         <executable>true</executable>
         <run_address>0x246a</run_address>
         <size>0x62</size>
         <alignment>0x1</alignment>
         <input_file_ref idref="fl-11d"/>
      </object_component>
      <object_component id="oc-63">
         <name>.text.encoderFunctionB</name>
         <load_address>0x24cc</load_address>
         <readonly>true</readonly>
         <executable>true</executable>
         <run_address>0x24cc</run_address>
         <size>0x60</size>
         <alignment>0x4</alignment>
         <input_file_ref idref="fl-7"/>
      </object_component>
      <object_component id="oc-1f8">
         <name>.text.Position_DataRead</name>
         <load_address>0x252c</load_address>
         <readonly>true</readonly>
         <executable>true</executable>
         <run_address>0x252c</run_address>
         <size>0x5c</size>
         <alignment>0x2</alignment>
         <input_file_ref idref="fl-7"/>
      </object_component>
      <object_component id="oc-62">
         <name>.text.encoderFunctionA</name>
         <load_address>0x2588</load_address>
         <readonly>true</readonly>
         <executable>true</executable>
         <run_address>0x2588</run_address>
         <size>0x5c</size>
         <alignment>0x4</alignment>
         <input_file_ref idref="fl-7"/>
      </object_component>
      <object_component id="oc-bb">
         <name>.text.__aeabi_idivmod</name>
         <load_address>0x25e4</load_address>
         <readonly>true</readonly>
         <executable>true</executable>
         <run_address>0x25e4</run_address>
         <size>0x56</size>
         <alignment>0x4</alignment>
         <input_file_ref idref="fl-111"/>
      </object_component>
      <object_component id="oc-74">
         <name>.text.speedUpdate</name>
         <load_address>0x263c</load_address>
         <readonly>true</readonly>
         <executable>true</executable>
         <run_address>0x263c</run_address>
         <size>0x4c</size>
         <alignment>0x4</alignment>
         <input_file_ref idref="fl-7"/>
      </object_component>
      <object_component id="oc-1d7">
         <name>.text.DL_UART_init</name>
         <load_address>0x2688</load_address>
         <readonly>true</readonly>
         <executable>true</executable>
         <run_address>0x2688</run_address>
         <size>0x48</size>
         <alignment>0x4</alignment>
         <input_file_ref idref="fl-1a"/>
      </object_component>
      <object_component id="oc-1ea">
         <name>.text.DL_MCAN_getRevisionId</name>
         <load_address>0x26d0</load_address>
         <readonly>true</readonly>
         <executable>true</executable>
         <run_address>0x26d0</run_address>
         <size>0x44</size>
         <alignment>0x2</alignment>
         <input_file_ref idref="fl-18"/>
      </object_component>
      <object_component id="oc-1be">
         <name>.text.DL_SYSCTL_switchMCLKfromSYSOSCtoHSCLK</name>
         <load_address>0x2714</load_address>
         <readonly>true</readonly>
         <executable>true</executable>
         <run_address>0x2714</run_address>
         <size>0x44</size>
         <alignment>0x4</alignment>
         <input_file_ref idref="fl-1b"/>
      </object_component>
      <object_component id="oc-1dc">
         <name>.text.DL_ADC12_setClockConfig</name>
         <load_address>0x2758</load_address>
         <readonly>true</readonly>
         <executable>true</executable>
         <run_address>0x2758</run_address>
         <size>0x40</size>
         <alignment>0x4</alignment>
         <input_file_ref idref="fl-16"/>
      </object_component>
      <object_component id="oc-161">
         <name>.text.SYSCFG_DL_ccdADC_init</name>
         <load_address>0x2798</load_address>
         <readonly>true</readonly>
         <executable>true</executable>
         <run_address>0x2798</run_address>
         <size>0x40</size>
         <alignment>0x4</alignment>
         <input_file_ref idref="fl-2"/>
      </object_component>
      <object_component id="oc-192">
         <name>.text.__aeabi_uidivmod</name>
         <load_address>0x27d8</load_address>
         <readonly>true</readonly>
         <executable>true</executable>
         <run_address>0x27d8</run_address>
         <size>0x40</size>
         <alignment>0x4</alignment>
         <input_file_ref idref="fl-114"/>
      </object_component>
      <object_component id="oc-c7">
         <name>.text.__extendsfdf2</name>
         <load_address>0x2818</load_address>
         <readonly>true</readonly>
         <executable>true</executable>
         <run_address>0x2818</run_address>
         <size>0x40</size>
         <alignment>0x4</alignment>
         <input_file_ref idref="fl-107"/>
      </object_component>
      <object_component id="oc-bf">
         <name>.text.__floatsisf</name>
         <load_address>0x2858</load_address>
         <readonly>true</readonly>
         <executable>true</executable>
         <run_address>0x2858</run_address>
         <size>0x3c</size>
         <alignment>0x4</alignment>
         <input_file_ref idref="fl-10b"/>
      </object_component>
      <object_component id="oc-f3">
         <name>.text.__gtsf2</name>
         <load_address>0x2894</load_address>
         <readonly>true</readonly>
         <executable>true</executable>
         <run_address>0x2894</run_address>
         <size>0x3c</size>
         <alignment>0x4</alignment>
         <input_file_ref idref="fl-116"/>
      </object_component>
      <object_component id="oc-10d">
         <name>.text.setup</name>
         <load_address>0x28d0</load_address>
         <readonly>true</readonly>
         <executable>true</executable>
         <run_address>0x28d0</run_address>
         <size>0x3c</size>
         <alignment>0x4</alignment>
         <input_file_ref idref="fl-8"/>
      </object_component>
      <object_component id="oc-118">
         <name>.text:__TI_auto_init_nobinit_nopinit</name>
         <load_address>0x290c</load_address>
         <readonly>true</readonly>
         <executable>true</executable>
         <run_address>0x290c</run_address>
         <size>0x3c</size>
         <alignment>0x4</alignment>
         <input_file_ref idref="fl-35"/>
      </object_component>
      <object_component id="oc-ee">
         <name>.text.__eqsf2</name>
         <load_address>0x2948</load_address>
         <readonly>true</readonly>
         <executable>true</executable>
         <run_address>0x2948</run_address>
         <size>0x3a</size>
         <alignment>0x4</alignment>
         <input_file_ref idref="fl-116"/>
      </object_component>
      <object_component id="oc-133">
         <name>.text.__muldsi3</name>
         <load_address>0x2984</load_address>
         <readonly>true</readonly>
         <executable>true</executable>
         <run_address>0x2984</run_address>
         <size>0x3a</size>
         <alignment>0x4</alignment>
         <input_file_ref idref="fl-103"/>
      </object_component>
      <object_component id="oc-15d">
         <name>.text.SYSCFG_DL_TIMER_0_init</name>
         <load_address>0x29c0</load_address>
         <readonly>true</readonly>
         <executable>true</executable>
         <run_address>0x29c0</run_address>
         <size>0x38</size>
         <alignment>0x4</alignment>
         <input_file_ref idref="fl-2"/>
      </object_component>
      <object_component id="oc-75">
         <name>.text.__fixsfsi</name>
         <load_address>0x29f8</load_address>
         <readonly>true</readonly>
         <executable>true</executable>
         <run_address>0x29f8</run_address>
         <size>0x38</size>
         <alignment>0x4</alignment>
         <input_file_ref idref="fl-109"/>
      </object_component>
      <object_component id="oc-83">
         <name>.text.sprintf</name>
         <load_address>0x2a30</load_address>
         <readonly>true</readonly>
         <executable>true</executable>
         <run_address>0x2a30</run_address>
         <size>0x38</size>
         <alignment>0x4</alignment>
         <input_file_ref idref="fl-32"/>
      </object_component>
      <object_component id="oc-1f1">
         <name>.text.DL_MCAN_setExtIDAndMask</name>
         <load_address>0x2a68</load_address>
         <readonly>true</readonly>
         <executable>true</executable>
         <run_address>0x2a68</run_address>
         <size>0x34</size>
         <alignment>0x4</alignment>
         <input_file_ref idref="fl-18"/>
      </object_component>
      <object_component id="oc-79">
         <name>.text.Trace_Black</name>
         <load_address>0x2a9c</load_address>
         <readonly>true</readonly>
         <executable>true</executable>
         <run_address>0x2a9c</run_address>
         <size>0x30</size>
         <alignment>0x4</alignment>
         <input_file_ref idref="fl-6"/>
      </object_component>
      <object_component id="oc-1f9">
         <name>.text.__floatsidf</name>
         <load_address>0x2acc</load_address>
         <readonly>true</readonly>
         <executable>true</executable>
         <run_address>0x2acc</run_address>
         <size>0x2c</size>
         <alignment>0x4</alignment>
         <input_file_ref idref="fl-10a"/>
      </object_component>
      <object_component id="oc-163">
         <name>.text.SYSCFG_DL_SYSCTL_CLK_init</name>
         <load_address>0x2af8</load_address>
         <readonly>true</readonly>
         <executable>true</executable>
         <run_address>0x2af8</run_address>
         <size>0x28</size>
         <alignment>0x4</alignment>
         <input_file_ref idref="fl-2"/>
      </object_component>
      <object_component id="oc-e1">
         <name>.text.__floatunsisf</name>
         <load_address>0x2b20</load_address>
         <readonly>true</readonly>
         <executable>true</executable>
         <run_address>0x2b20</run_address>
         <size>0x28</size>
         <alignment>0x4</alignment>
         <input_file_ref idref="fl-10c"/>
      </object_component>
      <object_component id="oc-5b">
         <name>.text:_c_int00_noargs</name>
         <load_address>0x2b48</load_address>
         <readonly>true</readonly>
         <executable>true</executable>
         <run_address>0x2b48</run_address>
         <size>0x28</size>
         <alignment>0x4</alignment>
         <input_file_ref idref="fl-33"/>
      </object_component>
      <object_component id="oc-1e4">
         <name>.text.DL_MCAN_setClockConfig</name>
         <load_address>0x2b70</load_address>
         <readonly>true</readonly>
         <executable>true</executable>
         <run_address>0x2b70</run_address>
         <size>0x24</size>
         <alignment>0x4</alignment>
         <input_file_ref idref="fl-18"/>
      </object_component>
      <object_component id="oc-18d">
         <name>.text.memccpy</name>
         <load_address>0x2b94</load_address>
         <readonly>true</readonly>
         <executable>true</executable>
         <run_address>0x2b94</run_address>
         <size>0x22</size>
         <alignment>0x2</alignment>
         <input_file_ref idref="fl-44"/>
      </object_component>
      <object_component id="oc-34">
         <name>.text.GROUP1_IRQHandler</name>
         <load_address>0x2bb8</load_address>
         <readonly>true</readonly>
         <executable>true</executable>
         <run_address>0x2bb8</run_address>
         <size>0x20</size>
         <alignment>0x4</alignment>
         <input_file_ref idref="fl-8"/>
      </object_component>
      <object_component id="oc-1c3">
         <name>.text.DL_Timer_setCaptCompUpdateMethod</name>
         <load_address>0x2bd8</load_address>
         <readonly>true</readonly>
         <executable>true</executable>
         <run_address>0x2bd8</run_address>
         <size>0x1c</size>
         <alignment>0x4</alignment>
         <input_file_ref idref="fl-19"/>
      </object_component>
      <object_component id="oc-1c0">
         <name>.text.DL_Timer_setClockConfig</name>
         <load_address>0x2bf4</load_address>
         <readonly>true</readonly>
         <executable>true</executable>
         <run_address>0x2bf4</run_address>
         <size>0x1c</size>
         <alignment>0x4</alignment>
         <input_file_ref idref="fl-19"/>
      </object_component>
      <object_component id="oc-1ec">
         <name>.text.DL_MCAN_setOpMode</name>
         <load_address>0x2c10</load_address>
         <readonly>true</readonly>
         <executable>true</executable>
         <run_address>0x2c10</run_address>
         <size>0x18</size>
         <alignment>0x4</alignment>
         <input_file_ref idref="fl-18"/>
      </object_component>
      <object_component id="oc-1c2">
         <name>.text.DL_Timer_setCaptureCompareOutCtl</name>
         <load_address>0x2c28</load_address>
         <readonly>true</readonly>
         <executable>true</executable>
         <run_address>0x2c28</run_address>
         <size>0x18</size>
         <alignment>0x4</alignment>
         <input_file_ref idref="fl-19"/>
      </object_component>
      <object_component id="oc-f6">
         <name>.text._outs</name>
         <load_address>0x2c40</load_address>
         <readonly>true</readonly>
         <executable>true</executable>
         <run_address>0x2c40</run_address>
         <size>0x18</size>
         <alignment>0x2</alignment>
         <input_file_ref idref="fl-32"/>
      </object_component>
      <object_component id="oc-ab">
         <name>.text.main</name>
         <load_address>0x2c58</load_address>
         <readonly>true</readonly>
         <executable>true</executable>
         <run_address>0x2c58</run_address>
         <size>0x16</size>
         <alignment>0x2</alignment>
         <input_file_ref idref="fl-1"/>
      </object_component>
      <object_component id="oc-1d1">
         <name>.text.DL_UART_setClockConfig</name>
         <load_address>0x2c6e</load_address>
         <readonly>true</readonly>
         <executable>true</executable>
         <run_address>0x2c6e</run_address>
         <size>0x12</size>
         <alignment>0x2</alignment>
         <input_file_ref idref="fl-1a"/>
      </object_component>
      <object_component id="oc-20">
         <name>.text:decompress:none</name>
         <load_address>0x2c80</load_address>
         <readonly>true</readonly>
         <executable>true</executable>
         <run_address>0x2c80</run_address>
         <size>0x12</size>
         <alignment>0x2</alignment>
         <input_file_ref idref="fl-39"/>
      </object_component>
      <object_component id="oc-1ed">
         <name>.text.DL_MCAN_getOpMode</name>
         <load_address>0x2c94</load_address>
         <readonly>true</readonly>
         <executable>true</executable>
         <run_address>0x2c94</run_address>
         <size>0x10</size>
         <alignment>0x4</alignment>
         <input_file_ref idref="fl-18"/>
      </object_component>
      <object_component id="oc-1eb">
         <name>.text.DL_MCAN_isMemInitDone</name>
         <load_address>0x2ca4</load_address>
         <readonly>true</readonly>
         <executable>true</executable>
         <run_address>0x2ca4</run_address>
         <size>0x10</size>
         <alignment>0x4</alignment>
         <input_file_ref idref="fl-18"/>
      </object_component>
      <object_component id="oc-8a">
         <name>.text.DL_Timer_setCaptureCompareValue</name>
         <load_address>0x2cb4</load_address>
         <readonly>true</readonly>
         <executable>true</executable>
         <run_address>0x2cb4</run_address>
         <size>0x10</size>
         <alignment>0x4</alignment>
         <input_file_ref idref="fl-19"/>
      </object_component>
      <object_component id="oc-58">
         <name>.text:decompress:ZI</name>
         <load_address>0x2cc4</load_address>
         <readonly>true</readonly>
         <executable>true</executable>
         <run_address>0x2cc4</run_address>
         <size>0x10</size>
         <alignment>0x2</alignment>
         <input_file_ref idref="fl-38"/>
      </object_component>
      <object_component id="oc-18c">
         <name>.text.__aeabi_memset</name>
         <load_address>0x2cd4</load_address>
         <readonly>true</readonly>
         <executable>true</executable>
         <run_address>0x2cd4</run_address>
         <size>0xe</size>
         <alignment>0x4</alignment>
         <input_file_ref idref="fl-113"/>
      </object_component>
      <object_component id="oc-18b">
         <name>.text.strlen</name>
         <load_address>0x2ce2</load_address>
         <readonly>true</readonly>
         <executable>true</executable>
         <run_address>0x2ce2</run_address>
         <size>0xe</size>
         <alignment>0x2</alignment>
         <input_file_ref idref="fl-3b"/>
      </object_component>
      <object_component id="oc-a2">
         <name>.text.__aeabi_memclr</name>
         <load_address>0x2cf0</load_address>
         <readonly>true</readonly>
         <executable>true</executable>
         <run_address>0x2cf0</run_address>
         <size>0xc</size>
         <alignment>0x4</alignment>
         <input_file_ref idref="fl-113"/>
      </object_component>
      <object_component id="oc-16d">
         <name>.text.DL_Common_delayCycles</name>
         <load_address>0x2cfc</load_address>
         <readonly>true</readonly>
         <executable>true</executable>
         <run_address>0x2cfc</run_address>
         <size>0xa</size>
         <alignment>0x2</alignment>
         <input_file_ref idref="fl-17"/>
      </object_component>
      <object_component id="oc-f7">
         <name>.text._outc</name>
         <load_address>0x2d06</load_address>
         <readonly>true</readonly>
         <executable>true</executable>
         <run_address>0x2d06</run_address>
         <size>0xa</size>
         <alignment>0x2</alignment>
         <input_file_ref idref="fl-32"/>
      </object_component>
      <object_component id="oc-4b">
         <name>.text.__aeabi_memcpy</name>
         <load_address>0x2d10</load_address>
         <readonly>true</readonly>
         <executable>true</executable>
         <run_address>0x2d10</run_address>
         <size>0x8</size>
         <alignment>0x4</alignment>
         <input_file_ref idref="fl-112"/>
      </object_component>
      <object_component id="oc-111">
         <name>.text:abort</name>
         <load_address>0x2d18</load_address>
         <readonly>true</readonly>
         <executable>true</executable>
         <run_address>0x2d18</run_address>
         <size>0x6</size>
         <alignment>0x2</alignment>
         <input_file_ref idref="fl-3d"/>
      </object_component>
      <object_component id="oc-2f">
         <name>.text.Reset_Handler</name>
         <load_address>0x2d1e</load_address>
         <readonly>true</readonly>
         <executable>true</executable>
         <run_address>0x2d1e</run_address>
         <size>0x4</size>
         <alignment>0x2</alignment>
         <input_file_ref idref="fl-3"/>
      </object_component>
      <object_component id="oc-a7">
         <name>.text._system_pre_init</name>
         <load_address>0x2d22</load_address>
         <readonly>true</readonly>
         <executable>true</executable>
         <run_address>0x2d22</run_address>
         <size>0x4</size>
         <alignment>0x2</alignment>
         <input_file_ref idref="fl-36"/>
      </object_component>
      <object_component id="oc-2a5">
         <name>.cinit..data.load</name>
         <load_address>0x2ec0</load_address>
         <readonly>true</readonly>
         <run_address>0x2ec0</run_address>
         <size>0x26</size>
         <alignment>0x1</alignment>
      </object_component>
      <object_component id="oc-2a3">
         <name>__TI_handler_table</name>
         <load_address>0x2ee8</load_address>
         <readonly>true</readonly>
         <run_address>0x2ee8</run_address>
         <size>0xc</size>
         <alignment>0x4</alignment>
      </object_component>
      <object_component id="oc-2a6">
         <name>.cinit..bss.load</name>
         <load_address>0x2ef4</load_address>
         <readonly>true</readonly>
         <run_address>0x2ef4</run_address>
         <size>0x8</size>
         <alignment>0x4</alignment>
      </object_component>
      <object_component id="oc-2a4">
         <name>__TI_cinit_table</name>
         <load_address>0x2efc</load_address>
         <readonly>true</readonly>
         <run_address>0x2efc</run_address>
         <size>0x10</size>
         <alignment>0x4</alignment>
      </object_component>
      <object_component id="oc-1f5">
         <name>.rodata.gMCAN0MsgRAMConfigParams</name>
         <load_address>0x2d30</load_address>
         <readonly>true</readonly>
         <run_address>0x2d30</run_address>
         <size>0x60</size>
         <alignment>0x4</alignment>
         <input_file_ref idref="fl-2"/>
      </object_component>
      <object_component id="oc-1f3">
         <name>.rodata.gMCAN0InitParams</name>
         <load_address>0x2d90</load_address>
         <readonly>true</readonly>
         <run_address>0x2d90</run_address>
         <size>0x34</size>
         <alignment>0x4</alignment>
         <input_file_ref idref="fl-2"/>
      </object_component>
      <object_component id="oc-1bf">
         <name>.rodata.gSYSPLLConfig</name>
         <load_address>0x2dc4</load_address>
         <readonly>true</readonly>
         <run_address>0x2dc4</run_address>
         <size>0x28</size>
         <alignment>0x4</alignment>
         <input_file_ref idref="fl-2"/>
      </object_component>
      <object_component id="oc-1f4">
         <name>.rodata.gMCAN0BitTimes</name>
         <load_address>0x2dec</load_address>
         <readonly>true</readonly>
         <run_address>0x2dec</run_address>
         <size>0x20</size>
         <alignment>0x4</alignment>
         <input_file_ref idref="fl-2"/>
      </object_component>
      <object_component id="oc-174">
         <name>.rodata.str1.5772818569923299284.1</name>
         <load_address>0x2e0c</load_address>
         <readonly>true</readonly>
         <run_address>0x2e0c</run_address>
         <size>0x1b</size>
         <alignment>0x1</alignment>
         <input_file_ref idref="fl-8"/>
      </object_component>
      <object_component id="oc-1d0">
         <name>.rodata.gTIMER_0TimerConfig</name>
         <load_address>0x2e28</load_address>
         <readonly>true</readonly>
         <run_address>0x2e28</run_address>
         <size>0x14</size>
         <alignment>0x4</alignment>
         <input_file_ref idref="fl-2"/>
      </object_component>
      <object_component id="oc-191">
         <name>.rodata.str1.15363888844622738466.1</name>
         <load_address>0x2e3c</load_address>
         <readonly>true</readonly>
         <run_address>0x2e3c</run_address>
         <size>0x11</size>
         <alignment>0x1</alignment>
         <input_file_ref idref="fl-3b"/>
      </object_component>
      <object_component id="oc-9c">
         <name>.rodata.str1.1335042594308673767.1</name>
         <load_address>0x2e4d</load_address>
         <readonly>true</readonly>
         <run_address>0x2e4d</run_address>
         <size>0xd</size>
         <alignment>0x1</alignment>
         <input_file_ref idref="fl-8"/>
      </object_component>
      <object_component id="oc-1d9">
         <name>.rodata.gESPConfig</name>
         <load_address>0x2e5a</load_address>
         <readonly>true</readonly>
         <run_address>0x2e5a</run_address>
         <size>0xa</size>
         <alignment>0x2</alignment>
         <input_file_ref idref="fl-2"/>
      </object_component>
      <object_component id="oc-1db">
         <name>.rodata.gTOFConfig</name>
         <load_address>0x2e64</load_address>
         <readonly>true</readonly>
         <run_address>0x2e64</run_address>
         <size>0xa</size>
         <alignment>0x2</alignment>
         <input_file_ref idref="fl-2"/>
      </object_component>
      <object_component id="oc-1d8">
         <name>.rodata.gESPClockConfig</name>
         <load_address>0x2e6e</load_address>
         <readonly>true</readonly>
         <run_address>0x2e6e</run_address>
         <size>0x2</size>
         <alignment>0x1</alignment>
         <input_file_ref idref="fl-2"/>
      </object_component>
      <object_component id="oc-1e2">
         <name>.rodata.gADCClockConfig</name>
         <load_address>0x2e70</load_address>
         <readonly>true</readonly>
         <run_address>0x2e70</run_address>
         <size>0x8</size>
         <alignment>0x4</alignment>
         <input_file_ref idref="fl-2"/>
      </object_component>
      <object_component id="oc-1cb">
         <name>.rodata.gcar1NConfig</name>
         <load_address>0x2e78</load_address>
         <readonly>true</readonly>
         <run_address>0x2e78</run_address>
         <size>0x8</size>
         <alignment>0x4</alignment>
         <input_file_ref idref="fl-2"/>
      </object_component>
      <object_component id="oc-1cd">
         <name>.rodata.gcar2NConfig</name>
         <load_address>0x2e80</load_address>
         <readonly>true</readonly>
         <run_address>0x2e80</run_address>
         <size>0x8</size>
         <alignment>0x4</alignment>
         <input_file_ref idref="fl-2"/>
      </object_component>
      <object_component id="oc-1c5">
         <name>.rodata.gcarPWMConfig</name>
         <load_address>0x2e88</load_address>
         <readonly>true</readonly>
         <run_address>0x2e88</run_address>
         <size>0x8</size>
         <alignment>0x4</alignment>
         <input_file_ref idref="fl-2"/>
      </object_component>
      <object_component id="oc-1e3">
         <name>.rodata.gccdADCClockConfig</name>
         <load_address>0x2e90</load_address>
         <readonly>true</readonly>
         <run_address>0x2e90</run_address>
         <size>0x8</size>
         <alignment>0x4</alignment>
         <input_file_ref idref="fl-2"/>
      </object_component>
      <object_component id="oc-1c9">
         <name>.rodata.gduoJi2PWMConfig</name>
         <load_address>0x2e98</load_address>
         <readonly>true</readonly>
         <run_address>0x2e98</run_address>
         <size>0x8</size>
         <alignment>0x4</alignment>
         <input_file_ref idref="fl-2"/>
      </object_component>
      <object_component id="oc-1c7">
         <name>.rodata.gduoJiPWMConfig</name>
         <load_address>0x2ea0</load_address>
         <readonly>true</readonly>
         <run_address>0x2ea0</run_address>
         <size>0x8</size>
         <alignment>0x4</alignment>
         <input_file_ref idref="fl-2"/>
      </object_component>
      <object_component id="oc-1f2">
         <name>.rodata.gMCAN0ClockConf</name>
         <load_address>0x2ea8</load_address>
         <readonly>true</readonly>
         <run_address>0x2ea8</run_address>
         <size>0x4</size>
         <alignment>0x2</alignment>
         <input_file_ref idref="fl-2"/>
      </object_component>
      <object_component id="oc-1cf">
         <name>.rodata.gTIMER_0ClockConfig</name>
         <load_address>0x2eac</load_address>
         <readonly>true</readonly>
         <run_address>0x2eac</run_address>
         <size>0x3</size>
         <alignment>0x1</alignment>
         <input_file_ref idref="fl-2"/>
      </object_component>
      <object_component id="oc-1ca">
         <name>.rodata.gcar1NClockConfig</name>
         <load_address>0x2eaf</load_address>
         <readonly>true</readonly>
         <run_address>0x2eaf</run_address>
         <size>0x3</size>
         <alignment>0x1</alignment>
         <input_file_ref idref="fl-2"/>
      </object_component>
      <object_component id="oc-1cc">
         <name>.rodata.gcar2NClockConfig</name>
         <load_address>0x2eb2</load_address>
         <readonly>true</readonly>
         <run_address>0x2eb2</run_address>
         <size>0x3</size>
         <alignment>0x1</alignment>
         <input_file_ref idref="fl-2"/>
      </object_component>
      <object_component id="oc-1c4">
         <name>.rodata.gcarPWMClockConfig</name>
         <load_address>0x2eb5</load_address>
         <readonly>true</readonly>
         <run_address>0x2eb5</run_address>
         <size>0x3</size>
         <alignment>0x1</alignment>
         <input_file_ref idref="fl-2"/>
      </object_component>
      <object_component id="oc-1c8">
         <name>.rodata.gduoJi2PWMClockConfig</name>
         <load_address>0x2eb8</load_address>
         <readonly>true</readonly>
         <run_address>0x2eb8</run_address>
         <size>0x3</size>
         <alignment>0x1</alignment>
         <input_file_ref idref="fl-2"/>
      </object_component>
      <object_component id="oc-1c6">
         <name>.rodata.gduoJiPWMClockConfig</name>
         <load_address>0x2ebb</load_address>
         <readonly>true</readonly>
         <run_address>0x2ebb</run_address>
         <size>0x3</size>
         <alignment>0x1</alignment>
         <input_file_ref idref="fl-2"/>
      </object_component>
      <object_component id="oc-1da">
         <name>.rodata.gTOFClockConfig</name>
         <load_address>0x2ebe</load_address>
         <readonly>true</readonly>
         <run_address>0x2ebe</run_address>
         <size>0x2</size>
         <alignment>0x1</alignment>
         <input_file_ref idref="fl-2"/>
      </object_component>
      <object_component id="oc-26b">
         <name>.binit</name>
         <load_address>0x0</load_address>
         <readonly>true</readonly>
         <run_address>0x0</run_address>
         <size>0x0</size>
         <alignment>0x4</alignment>
      </object_component>
      <object_component id="oc-d8">
         <name>.data.inf_Min</name>
         <load_address>0x2020045c</load_address>
         <readwrite>true</readwrite>
         <run_address>0x2020045c</run_address>
         <size>0xc</size>
         <alignment>0x2</alignment>
         <input_file_ref idref="fl-5"/>
      </object_component>
      <object_component id="oc-d9">
         <name>.data.inf_Max</name>
         <load_address>0x20200450</load_address>
         <readwrite>true</readwrite>
         <run_address>0x20200450</run_address>
         <size>0xc</size>
         <alignment>0x2</alignment>
         <input_file_ref idref="fl-5"/>
      </object_component>
      <object_component id="oc-eb">
         <name>.data.Final</name>
         <load_address>0x20200468</load_address>
         <readwrite>true</readwrite>
         <run_address>0x20200468</run_address>
         <size>0x4</size>
         <alignment>0x4</alignment>
         <input_file_ref idref="fl-6"/>
      </object_component>
      <object_component id="oc-67">
         <name>.data.RxState</name>
         <load_address>0x2020046c</load_address>
         <readwrite>true</readwrite>
         <run_address>0x2020046c</run_address>
         <size>0x4</size>
         <alignment>0x4</alignment>
         <input_file_ref idref="fl-7"/>
      </object_component>
      <object_component id="oc-68">
         <name>.data.pRxPacket</name>
         <load_address>0x2020047c</load_address>
         <readwrite>true</readwrite>
         <run_address>0x2020047c</run_address>
         <size>0x4</size>
         <alignment>0x4</alignment>
         <input_file_ref idref="fl-7"/>
      </object_component>
      <object_component id="oc-6a">
         <name>.data.Serial_RxFlag</name>
         <load_address>0x20200484</load_address>
         <readwrite>true</readwrite>
         <run_address>0x20200484</run_address>
         <size>0x1</size>
         <alignment>0x1</alignment>
         <input_file_ref idref="fl-7"/>
      </object_component>
      <object_component id="oc-201">
         <name>.data.num1</name>
         <load_address>0x20200474</load_address>
         <readwrite>true</readwrite>
         <run_address>0x20200474</run_address>
         <size>0x4</size>
         <alignment>0x4</alignment>
         <input_file_ref idref="fl-8"/>
      </object_component>
      <object_component id="oc-202">
         <name>.data.num2</name>
         <load_address>0x20200478</load_address>
         <readwrite>true</readwrite>
         <run_address>0x20200478</run_address>
         <size>0x4</size>
         <alignment>0x4</alignment>
         <input_file_ref idref="fl-8"/>
      </object_component>
      <object_component id="oc-93">
         <name>.data.speed</name>
         <load_address>0x20200480</load_address>
         <readwrite>true</readwrite>
         <run_address>0x20200480</run_address>
         <size>0x4</size>
         <alignment>0x4</alignment>
         <input_file_ref idref="fl-8"/>
      </object_component>
      <object_component id="oc-92">
         <name>.data.TIMG0_IRQHandler.timeslice</name>
         <load_address>0x20200470</load_address>
         <readwrite>true</readwrite>
         <run_address>0x20200470</run_address>
         <size>0x4</size>
         <alignment>0x4</alignment>
         <input_file_ref idref="fl-8"/>
      </object_component>
      <object_component id="oc-dd">
         <name>.bss.inf_Read.Lastinf_std</name>
         <uninitialized>true</uninitialized>
         <readwrite>true</readwrite>
         <run_address>0x20200428</run_address>
         <size>0x4</size>
         <alignment>0x4</alignment>
         <input_file_ref idref="fl-5"/>
      </object_component>
      <object_component id="oc-164">
         <name>.common:gcarPWMBackup</name>
         <uninitialized>true</uninitialized>
         <readwrite>true</readwrite>
         <run_address>0x20200000</run_address>
         <size>0xbc</size>
         <alignment>0x4</alignment>
      </object_component>
      <object_component id="oc-165">
         <name>.common:gduoJi2PWMBackup</name>
         <uninitialized>true</uninitialized>
         <readwrite>true</readwrite>
         <run_address>0x202000bc</run_address>
         <size>0xbc</size>
         <alignment>0x4</alignment>
      </object_component>
      <object_component id="oc-166">
         <name>.common:gcar1NBackup</name>
         <uninitialized>true</uninitialized>
         <readwrite>true</readwrite>
         <run_address>0x20200178</run_address>
         <size>0xa0</size>
         <alignment>0x4</alignment>
      </object_component>
      <object_component id="oc-167">
         <name>.common:gMCAN0Backup</name>
         <uninitialized>true</uninitialized>
         <readwrite>true</readwrite>
         <run_address>0x20200218</run_address>
         <size>0x98</size>
         <alignment>0x4</alignment>
      </object_component>
      <object_component id="oc-95">
         <name>.common:PID_Trace</name>
         <uninitialized>true</uninitialized>
         <readwrite>true</readwrite>
         <run_address>0x202003a8</run_address>
         <size>0x28</size>
         <alignment>0x4</alignment>
      </object_component>
      <object_component id="oc-9d">
         <name>.common:PID_Turn</name>
         <uninitialized>true</uninitialized>
         <readwrite>true</readwrite>
         <run_address>0x202003d0</run_address>
         <size>0x28</size>
         <alignment>0x4</alignment>
      </object_component>
      <object_component id="oc-d7">
         <name>.common:gAdcResult</name>
         <uninitialized>true</uninitialized>
         <readwrite>true</readwrite>
         <run_address>0x202003f8</run_address>
         <size>0xc</size>
         <alignment>0x2</alignment>
      </object_component>
      <object_component id="oc-94">
         <name>.common:inf_std</name>
         <uninitialized>true</uninitialized>
         <readwrite>true</readwrite>
         <run_address>0x20200438</run_address>
         <size>0x4</size>
         <alignment>0x4</alignment>
      </object_component>
      <object_component id="oc-da">
         <name>.common:normalized</name>
         <uninitialized>true</uninitialized>
         <readwrite>true</readwrite>
         <run_address>0x20200410</run_address>
         <size>0xc</size>
         <alignment>0x2</alignment>
      </object_component>
      <object_component id="oc-db">
         <name>.common:sum_Weighted</name>
         <uninitialized>true</uninitialized>
         <readwrite>true</readwrite>
         <run_address>0x20200444</run_address>
         <size>0x4</size>
         <alignment>0x4</alignment>
      </object_component>
      <object_component id="oc-dc">
         <name>.common:sum_Row</name>
         <uninitialized>true</uninitialized>
         <readwrite>true</readwrite>
         <run_address>0x20200440</run_address>
         <size>0x4</size>
         <alignment>0x4</alignment>
      </object_component>
      <object_component id="oc-97">
         <name>.common:leftMotor</name>
         <uninitialized>true</uninitialized>
         <readwrite>true</readwrite>
         <run_address>0x20200330</run_address>
         <size>0x3c</size>
         <alignment>0x4</alignment>
      </object_component>
      <object_component id="oc-98">
         <name>.common:rightMotor</name>
         <uninitialized>true</uninitialized>
         <readwrite>true</readwrite>
         <run_address>0x2020036c</run_address>
         <size>0x3c</size>
         <alignment>0x4</alignment>
      </object_component>
      <object_component id="oc-6b">
         <name>.common:RxData</name>
         <uninitialized>true</uninitialized>
         <readwrite>true</readwrite>
         <run_address>0x20200449</run_address>
         <size>0x1</size>
         <alignment>0x1</alignment>
      </object_component>
      <object_component id="oc-b9">
         <name>.common:_encoder_1_count</name>
         <uninitialized>true</uninitialized>
         <readwrite>true</readwrite>
         <run_address>0x2020042c</run_address>
         <size>0x4</size>
         <alignment>0x4</alignment>
      </object_component>
      <object_component id="oc-ba">
         <name>.common:_encoder_2_count</name>
         <uninitialized>true</uninitialized>
         <readwrite>true</readwrite>
         <run_address>0x20200430</run_address>
         <size>0x4</size>
         <alignment>0x4</alignment>
      </object_component>
      <object_component id="oc-1f7">
         <name>.common:ModeTemp</name>
[...]
      <symbol id="sm-132">
         <name>Serial_RxFlag</name>
         <value>0x20200484</value>
         <object_component_ref idref="oc-6a"/>
      </symbol>
      <symbol id="sm-133">
         <name>RxData</name>
         <value>0x20200449</value>
      </symbol>
      <symbol id="sm-134">
         <name>uart0_send_string</name>
         <value>0x2195</value>
         <object_component_ref idref="oc-89"/>
      </symbol>
      <symbol id="sm-135">
         <name>Position_DataRead</name>
         <value>0x252d</value>
         <object_component_ref idref="oc-1f8"/>
      </symbol>
      <symbol id="sm-136">
         <name>encoderFunctionA</name>
         <value>0x2589</value>
         <object_component_ref idref="oc-62"/>
      </symbol>
      <symbol id="sm-137">
         <name>_encoder_1_count</name>
         <value>0x2020042c</value>
      </symbol>
      <symbol id="sm-138">
         <name>encoderFunctionB</name>
         <value>0x24cd</value>
         <object_component_ref idref="oc-63"/>
      </symbol>
      <symbol id="sm-139">
         <name>_encoder_2_count</name>
         <value>0x20200430</value>
      </symbol>
      <symbol id="sm-13a">
         <name>speedUpdate</name>
         <value>0x263d</value>
         <object_component_ref idref="oc-74"/>
      </symbol>
      <symbol id="sm-13b">
         <name>keyScan</name>
         <value>0x1031</value>
         <object_component_ref idref="oc-16b"/>
      </symbol>
      <symbol id="sm-13c">
         <name>ModeTemp</name>
         <value>0x20200448</value>
      </symbol>
      <symbol id="sm-13d">
         <name>YunTaiMode</name>
         <value>0x2020044a</value>
      </symbol>
      <symbol id="sm-13e">
         <name>YunTaiOKFlag</name>
         <value>0x2020044b</value>
      </symbol>
      <symbol id="sm-15c">
         <name>setup</name>
         <value>0x28d1</value>
         <object_component_ref idref="oc-10d"/>
      </symbol>
      <symbol id="sm-15d">
         <name>myCar</name>
         <value>0x20200404</value>
      </symbol>
      <symbol id="sm-15e">
         <name>loop</name>
         <value>0xe25</value>
         <object_component_ref idref="oc-10e"/>
      </symbol>
      <symbol id="sm-15f">
         <name>pidTest</name>
         <value>0xa99</value>
         <object_component_ref idref="oc-16c"/>
      </symbol>
      <symbol id="sm-160">
         <name>test</name>
         <value>0x2020044c</value>
      </symbol>
      <symbol id="sm-161">
         <name>sendmsg</name>
         <value>0x202002f0</value>
      </symbol>
      <symbol id="sm-162">
         <name>delay_ms</name>
         <value>0x2205</value>
         <object_component_ref idref="oc-1f6"/>
      </symbol>
      <symbol id="sm-163">
         <name>TIMG0_IRQHandler</name>
         <value>0x909</value>
         <object_component_ref idref="oc-3f"/>
      </symbol>
      <symbol id="sm-164">
         <name>globatime</name>
         <value>0x20200434</value>
      </symbol>
      <symbol id="sm-165">
         <name>speed</name>
         <value>0x20200480</value>
         <object_component_ref idref="oc-93"/>
      </symbol>
      <symbol id="sm-166">
         <name>lastWakeTime</name>
         <value>0x2020043c</value>
      </symbol>
      <symbol id="sm-167">
         <name>targetCar</name>
         <value>0x2020041c</value>
      </symbol>
      <symbol id="sm-168">
         <name>GROUP1_IRQHandler</name>
         <value>0x2bb9</value>
         <object_component_ref idref="oc-34"/>
      </symbol>
      <symbol id="sm-169">
         <name>Serial_buf</name>
         <value>0x202002b0</value>
      </symbol>
      <symbol id="sm-16a">
         <name>num1</name>
         <value>0x20200474</value>
         <object_component_ref idref="oc-201"/>
      </symbol>
      <symbol id="sm-16b">
         <name>num2</name>
         <value>0x20200478</value>
         <object_component_ref idref="oc-202"/>
      </symbol>
      <symbol id="sm-16c">
         <name>__TI_ATRegion0_src_addr</name>
         <value>0x0</value>
      </symbol>
      <symbol id="sm-16d">
         <name>__TI_ATRegion0_trg_addr</name>
         <value>0x0</value>
      </symbol>
      <symbol id="sm-16e">
         <name>__TI_ATRegion0_region_sz</name>
         <value>0x0</value>
      </symbol>
      <symbol id="sm-16f">
         <name>__TI_ATRegion1_src_addr</name>
         <value>0x0</value>
      </symbol>
      <symbol id="sm-170">
         <name>__TI_ATRegion1_trg_addr</name>
         <value>0x0</value>
      </symbol>
      <symbol id="sm-171">
         <name>__TI_ATRegion1_region_sz</name>
         <value>0x0</value>
      </symbol>
      <symbol id="sm-172">
         <name>__TI_ATRegion2_src_addr</name>
         <value>0x0</value>
      </symbol>
      <symbol id="sm-173">
         <name>__TI_ATRegion2_trg_addr</name>
         <value>0x0</value>
      </symbol>
      <symbol id="sm-174">
         <name>__TI_ATRegion2_region_sz</name>
         <value>0x0</value>
      </symbol>
      <symbol id="sm-17f">
         <name>DL_ADC12_setClockConfig</name>
         <value>0x2759</value>
         <object_component_ref idref="oc-1dc"/>
      </symbol>
      <symbol id="sm-188">
         <name>DL_Common_delayCycles</name>
         <value>0x2cfd</value>
         <object_component_ref idref="oc-16d"/>
      </symbol>
      <symbol id="sm-1aa">
         <name>DL_MCAN_setClockConfig</name>
         <value>0x2b71</value>
         <object_component_ref idref="oc-1e4"/>
      </symbol>
      <symbol id="sm-1ab">
         <name>DL_MCAN_isMemInitDone</name>
         <value>0x2ca5</value>
         <object_component_ref idref="oc-1eb"/>
      </symbol>
      <symbol id="sm-1ac">
         <name>DL_MCAN_setOpMode</name>
         <value>0x2c11</value>
         <object_component_ref idref="oc-1ec"/>
      </symbol>
      <symbol id="sm-1ad">
         <name>DL_MCAN_getOpMode</name>
         <value>0x2c95</value>
         <object_component_ref idref="oc-1ed"/>
      </symbol>
      <symbol id="sm-1ae">
         <name>DL_MCAN_init</name>
         <value>0x12f1</value>
         <object_component_ref idref="oc-1ee"/>
      </symbol>
      <symbol id="sm-1af">
         <name>DL_MCAN_setBitTime</name>
         <value>0x14a9</value>
         <object_component_ref idref="oc-1ef"/>
      </symbol>
      <symbol id="sm-1b0">
         <name>DL_MCAN_msgRAMConfig</name>
         <value>0x561</value>
         <object_component_ref idref="oc-1f0"/>
      </symbol>
      <symbol id="sm-1b1">
         <name>DL_MCAN_setExtIDAndMask</name>
         <value>0x2a69</value>
         <object_component_ref idref="oc-1f1"/>
      </symbol>
      <symbol id="sm-1b2">
         <name>DL_MCAN_getRevisionId</name>
         <value>0x26d1</value>
         <object_component_ref idref="oc-1ea"/>
      </symbol>
      <symbol id="sm-1ce">
         <name>DL_Timer_setClockConfig</name>
         <value>0x2bf5</value>
         <object_component_ref idref="oc-1c0"/>
      </symbol>
      <symbol id="sm-1cf">
         <name>DL_Timer_initTimerMode</name>
         <value>0x1125</value>
         <object_component_ref idref="oc-1ce"/>
      </symbol>
      <symbol id="sm-1d0">
         <name>DL_Timer_setCaptureCompareValue</name>
         <value>0x2cb5</value>
         <object_component_ref idref="oc-8a"/>
      </symbol>
      <symbol id="sm-1d1">
         <name>DL_Timer_setCaptCompUpdateMethod</name>
         <value>0x2bd9</value>
         <object_component_ref idref="oc-1c3"/>
      </symbol>
      <symbol id="sm-1d2">
         <name>DL_Timer_setCaptureCompareOutCtl</name>
         <value>0x2c29</value>
         <object_component_ref idref="oc-1c2"/>
      </symbol>
      <symbol id="sm-1d3">
         <name>DL_Timer_initFourCCPWMMode</name>
         <value>0xf2d</value>
         <object_component_ref idref="oc-1c1"/>
      </symbol>
      <symbol id="sm-1e0">
         <name>DL_UART_init</name>
         <value>0x2689</value>
         <object_component_ref idref="oc-1d7"/>
      </symbol>
      <symbol id="sm-1e1">
         <name>DL_UART_setClockConfig</name>
         <value>0x2c6f</value>
         <object_component_ref idref="oc-1d1"/>
      </symbol>
      <symbol id="sm-1f2">
         <name>DL_SYSCTL_configSYSPLL</name>
         <value>0x13cd</value>
         <object_component_ref idref="oc-1bd"/>
      </symbol>
      <symbol id="sm-1f3">
         <name>DL_SYSCTL_switchMCLKfromSYSOSCtoHSCLK</name>
         <value>0x2715</value>
         <object_component_ref idref="oc-1be"/>
      </symbol>
      <symbol id="sm-1f4">
         <name>DL_SYSCTL_setHFCLKSourceHFXTParams</name>
         <value>0x2341</value>
         <object_component_ref idref="oc-1b7"/>
      </symbol>
      <symbol id="sm-205">
         <name>sprintf</name>
         <value>0x2a31</value>
         <object_component_ref idref="oc-83"/>
      </symbol>
      <symbol id="sm-210">
         <name>_c_int00_noargs</name>
         <value>0x2b49</value>
         <object_component_ref idref="oc-5b"/>
      </symbol>
      <symbol id="sm-211">
         <name>__stack</name>
         <value>0x20207e00</value>
         <object_component_ref idref="oc-1a"/>
      </symbol>
      <symbol id="sm-21d">
         <name>__TI_auto_init_nobinit_nopinit</name>
         <value>0x290d</value>
         <object_component_ref idref="oc-118"/>
      </symbol>
      <symbol id="sm-225">
         <name>_system_pre_init</name>
         <value>0x2d23</value>
         <object_component_ref idref="oc-a7"/>
      </symbol>
      <symbol id="sm-230">
         <name>__TI_zero_init</name>
         <value>0x2cc5</value>
         <object_component_ref idref="oc-58"/>
      </symbol>
      <symbol id="sm-239">
         <name>__TI_decompress_none</name>
         <value>0x2c81</value>
         <object_component_ref idref="oc-20"/>
      </symbol>
      <symbol id="sm-244">
         <name>__TI_decompress_lzss</name>
         <value>0x1e69</value>
         <object_component_ref idref="oc-1c"/>
      </symbol>
      <symbol id="sm-25a">
         <name>__TI_printfi_minimal</name>
         <value>0xc1</value>
         <object_component_ref idref="oc-145"/>
      </symbol>
      <symbol id="sm-265">
         <name>abort</name>
         <value>0x2d19</value>
         <object_component_ref idref="oc-111"/>
      </symbol>
      <symbol id="sm-274">
         <name>memccpy</name>
         <value>0x2b95</value>
         <object_component_ref idref="oc-18d"/>
      </symbol>
      <symbol id="sm-287">
         <name>HOSTexit</name>
         <value>0x1fcd</value>
         <object_component_ref idref="oc-175"/>
      </symbol>
      <symbol id="sm-288">
         <name>C$$EXIT</name>
         <value>0x1fcc</value>
         <object_component_ref idref="oc-175"/>
      </symbol>
      <symbol id="sm-29d">
         <name>__aeabi_fadd</name>
         <value>0x158b</value>
         <object_component_ref idref="oc-13b"/>
      </symbol>
      <symbol id="sm-29e">
         <name>__addsf3</name>
         <value>0x158b</value>
         <object_component_ref idref="oc-13b"/>
      </symbol>
      <symbol id="sm-29f">
         <name>__aeabi_fsub</name>
         <value>0x1581</value>
         <object_component_ref idref="oc-13b"/>
      </symbol>
      <symbol id="sm-2a0">
         <name>__subsf3</name>
         <value>0x1581</value>
         <object_component_ref idref="oc-13b"/>
      </symbol>
      <symbol id="sm-2a6">
         <name>__aeabi_dadd</name>
         <value>0x77f</value>
         <object_component_ref idref="oc-cf"/>
      </symbol>
      <symbol id="sm-2a7">
         <name>__adddf3</name>
         <value>0x77f</value>
         <object_component_ref idref="oc-cf"/>
      </symbol>
      <symbol id="sm-2a8">
         <name>__aeabi_dsub</name>
         <value>0x775</value>
         <object_component_ref idref="oc-cf"/>
      </symbol>
      <symbol id="sm-2a9">
         <name>__subdf3</name>
         <value>0x775</value>
         <object_component_ref idref="oc-cf"/>
      </symbol>
      <symbol id="sm-2af">
         <name>__aeabi_dmul</name>
         <value>0x120d</value>
         <object_component_ref idref="oc-cb"/>
      </symbol>
      <symbol id="sm-2b0">
         <name>__muldf3</name>
         <value>0x120d</value>
         <object_component_ref idref="oc-cb"/>
      </symbol>
      <symbol id="sm-2b6">
         <name>__muldsi3</name>
         <value>0x2985</value>
         <object_component_ref idref="oc-133"/>
      </symbol>
      <symbol id="sm-2bc">
         <name>__aeabi_fmul</name>
         <value>0x1d59</value>
         <object_component_ref idref="oc-13f"/>
      </symbol>
      <symbol id="sm-2bd">
         <name>__mulsf3</name>
         <value>0x1d59</value>
         <object_component_ref idref="oc-13f"/>
      </symbol>
      <symbol id="sm-2c3">
         <name>__aeabi_fdiv</name>
         <value>0x1de5</value>
         <object_component_ref idref="oc-c3"/>
      </symbol>
      <symbol id="sm-2c4">
         <name>__divsf3</name>
         <value>0x1de5</value>
         <object_component_ref idref="oc-c3"/>
      </symbol>
      <symbol id="sm-2ca">
         <name>__aeabi_ddiv</name>
         <value>0xd19</value>
         <object_component_ref idref="oc-1fd"/>
      </symbol>
      <symbol id="sm-2cb">
         <name>__divdf3</name>
         <value>0xd19</value>
         <object_component_ref idref="oc-1fd"/>
      </symbol>
      <symbol id="sm-2d1">
         <name>__aeabi_f2d</name>
         <value>0x2819</value>
         <object_component_ref idref="oc-c7"/>
      </symbol>
      <symbol id="sm-2d2">
         <name>__extendsfdf2</name>
         <value>0x2819</value>
         <object_component_ref idref="oc-c7"/>
      </symbol>
      <symbol id="sm-2d8">
         <name>__aeabi_f2iz</name>
         <value>0x29f9</value>
         <object_component_ref idref="oc-75"/>
      </symbol>
      <symbol id="sm-2d9">
         <name>__fixsfsi</name>
         <value>0x29f9</value>
         <object_component_ref idref="oc-75"/>
      </symbol>
      <symbol id="sm-2df">
         <name>__aeabi_i2d</name>
         <value>0x2acd</value>
         <object_component_ref idref="oc-1f9"/>
      </symbol>
      <symbol id="sm-2e0">
         <name>__floatsidf</name>
         <value>0x2acd</value>
         <object_component_ref idref="oc-1f9"/>
      </symbol>
      <symbol id="sm-2e6">
         <name>__aeabi_i2f</name>
         <value>0x2859</value>
         <object_component_ref idref="oc-bf"/>
      </symbol>
      <symbol id="sm-2e7">
         <name>__floatsisf</name>
         <value>0x2859</value>
         <object_component_ref idref="oc-bf"/>
      </symbol>
      <symbol id="sm-2ed">
         <name>__aeabi_ui2f</name>
         <value>0x2b21</value>
         <object_component_ref idref="oc-e1"/>
      </symbol>
      <symbol id="sm-2ee">
         <name>__floatunsisf</name>
         <value>0x2b21</value>
         <object_component_ref idref="oc-e1"/>
      </symbol>
      <symbol id="sm-2f5">
         <name>__aeabi_d2f</name>
         <value>0x1fd1</value>
         <object_component_ref idref="oc-d3"/>
      </symbol>
      <symbol id="sm-2f6">
         <name>__truncdfsf2</name>
         <value>0x1fd1</value>
         <object_component_ref idref="oc-d3"/>
      </symbol>
      <symbol id="sm-2fc">
         <name>__aeabi_fcmpeq</name>
         <value>0x2409</value>
         <object_component_ref idref="oc-7f"/>
      </symbol>
      <symbol id="sm-2fd">
         <name>__aeabi_fcmplt</name>
         <value>0x241d</value>
         <object_component_ref idref="oc-7f"/>
      </symbol>
      <symbol id="sm-2fe">
         <name>__aeabi_fcmple</name>
         <value>0x2431</value>
         <object_component_ref idref="oc-7f"/>
      </symbol>
      <symbol id="sm-2ff">
         <name>__aeabi_fcmpge</name>
         <value>0x2445</value>
         <object_component_ref idref="oc-7f"/>
      </symbol>
      <symbol id="sm-300">
         <name>__aeabi_fcmpgt</name>
         <value>0x2459</value>
         <object_component_ref idref="oc-7f"/>
      </symbol>
      <symbol id="sm-306">
         <name>__aeabi_idiv</name>
         <value>0x25e5</value>
         <object_component_ref idref="oc-bb"/>
      </symbol>
      <symbol id="sm-307">
         <name>__aeabi_idivmod</name>
         <value>0x25e5</value>
         <object_component_ref idref="oc-bb"/>
      </symbol>
      <symbol id="sm-30d">
         <name>__aeabi_memcpy</name>
         <value>0x2d11</value>
         <object_component_ref idref="oc-4b"/>
      </symbol>
      <symbol id="sm-30e">
         <name>__aeabi_memcpy4</name>
         <value>0x2d11</value>
         <object_component_ref idref="oc-4b"/>
      </symbol>
      <symbol id="sm-30f">
         <name>__aeabi_memcpy8</name>
         <value>0x2d11</value>
         <object_component_ref idref="oc-4b"/>
      </symbol>
      <symbol id="sm-318">
         <name>__aeabi_memset</name>
         <value>0x2cd5</value>
         <object_component_ref idref="oc-18c"/>
      </symbol>
      <symbol id="sm-319">
         <name>__aeabi_memset4</name>
         <value>0x2cd5</value>
         <object_component_ref idref="oc-18c"/>
      </symbol>
      <symbol id="sm-31a">
         <name>__aeabi_memset8</name>
         <value>0x2cd5</value>
         <object_component_ref idref="oc-18c"/>
      </symbol>
      <symbol id="sm-31b">
         <name>__aeabi_memclr</name>
         <value>0x2cf1</value>
         <object_component_ref idref="oc-a2"/>
      </symbol>
      <symbol id="sm-31c">
         <name>__aeabi_memclr4</name>
         <value>0x2cf1</value>
         <object_component_ref idref="oc-a2"/>
      </symbol>
      <symbol id="sm-31d">
         <name>__aeabi_memclr8</name>
         <value>0x2cf1</value>
         <object_component_ref idref="oc-a2"/>
      </symbol>
      <symbol id="sm-323">
         <name>__aeabi_uidiv</name>
         <value>0x27d9</value>
         <object_component_ref idref="oc-192"/>
      </symbol>
      <symbol id="sm-324">
         <name>__aeabi_uidivmod</name>
         <value>0x27d9</value>
         <object_component_ref idref="oc-192"/>
      </symbol>
      <symbol id="sm-32d">
         <name>__eqsf2</name>
         <value>0x2949</value>
         <object_component_ref idref="oc-ee"/>
      </symbol>
      <symbol id="sm-32e">
         <name>__lesf2</name>
         <value>0x2949</value>
         <object_component_ref idref="oc-ee"/>
      </symbol>
      <symbol id="sm-32f">
         <name>__ltsf2</name>
         <value>0x2949</value>
         <object_component_ref idref="oc-ee"/>
      </symbol>
      <symbol id="sm-330">
         <name>__nesf2</name>
         <value>0x2949</value>
         <object_component_ref idref="oc-ee"/>
      </symbol>
      <symbol id="sm-331">
         <name>__cmpsf2</name>
         <value>0x2949</value>
         <object_component_ref idref="oc-ee"/>
      </symbol>
      <symbol id="sm-332">
         <name>__gtsf2</name>
         <value>0x2895</value>
         <object_component_ref idref="oc-f3"/>
      </symbol>
      <symbol id="sm-333">
         <name>__gesf2</name>
         <value>0x2895</value>
         <object_component_ref idref="oc-f3"/>
      </symbol>
      <symbol id="sm-33e">
         <name>__aeabi_idiv0</name>
         <value>0x1c37</value>
         <object_component_ref idref="oc-12a"/>
      </symbol>
      <symbol id="sm-358">
         <name>memcpy</name>
         <value>0x1b9d</value>
         <object_component_ref idref="oc-103"/>
      </symbol>
      <symbol id="sm-367">
         <name>memset</name>
         <value>0x246b</value>
         <object_component_ref idref="oc-153"/>
      </symbol>
      <symbol id="sm-368">
         <name>__TI_static_base__</name>
         <value>0x0</value>
      </symbol>
      <symbol id="sm-36b">
         <name>__mpu_init</name>
         <value>0x0</value>
      </symbol>
      <symbol id="sm-36c">
         <name>_system_post_cinit</name>
         <value>0x0</value>
      </symbol>
   </symbol_table>
   <title>Link successful</title>
</link_info>
